<html>
<body>
<pre>
<h1>µVision Build Log</h1>
<h2>Tool Versions:</h2>
IDE-Version: ¦ÌVision V5.18a
Copyright (C) 2016 ARM Ltd and ARM Germany GmbH. All rights reserved.
License Information: 1 860527203@qq.com, 1, LIC=65ISZ-JKLMV-WFCI7-EPSSZ-HVEYH-TW18J
 
Tool Versions:
Toolchain:       MDK-ARM Standard  Version: 5.18a
Toolchain Path:  D:\Keil_v5\ARM\ARMCC\Bin
C Compiler:      Armcc.exe V5.06 update 1 (build 61)
Assembler:       Armasm.exe V5.06 update 1 (build 61)
Linker/Locator:  ArmLink.exe V5.06 update 1 (build 61)
Library Manager: ArmAr.exe V5.06 update 1 (build 61)
Hex Converter:   FromElf.exe V5.06 update 1 (build 61)
CPU DLL:         SARMCM3.DLL V5.18a
Dialog DLL:      DCM.DLL V1.13.6.0
Target DLL:      Segger\JL2CM3.dll V2.99.19.0
Dialog DLL:      TCM.DLL V1.14.8.0
 
<h2>Project:</h2>
D:\RT-ThreadStudio\workspace\rtt_nrf52832_qingfeng\project.uvprojx
Project File Date:  01/17/2023

<h2>Output:</h2>
*** Using Compiler 'V5.06 update 1 (build 61)', folder: 'D:\Keil_v5\ARM\ARMCC\Bin'
Build target 'rtthread'
compiling cstdio.c...
compiling syscall_mem.c...
compiling backtrace.c...
compiling cstring.c...
compiling ctime.c...
compiling cctype.c...
compiling cwchar.c...
compiling div0.c...
compiling cstdlib.c...
assembling context_rvds.S...
compiling main.c...
compiling syscalls.c...
compiling showmem.c...
compiling cpuport.c...
compiling completion.c...
compiling dataqueue.c...
compiling pipe.c...
compiling ringbuffer.c...
compiling waitqueue.c...
compiling ringblk_buf.c...
compiling pin.c...
compiling rtc.c...
compiling workqueue.c...
compiling watchdog.c...
compiling rt_drv_pwm.c...
compiling serial.c...
compiling shell.c...
compiling msh_parse.c...
compiling msh.c...
compiling clock.c...
compiling cmd.c...
compiling components.c...
compiling idle.c...
compiling irq.c...
compiling device.c...
compiling ipc.c...
compiling kservice.c...
compiling mempool.c...
compiling mem.c...
compiling object.c...
compiling scheduler.c...
compiling thread.c...
compiling board.c...
compiling timer.c...
compiling drv_uart.c...
compiling drv_wdt.c...
libraries\drivers\drv_wdt.c(88): warning:  #940-D: missing return statement at end of non-void function "wdt_sample"
  }
libraries\drivers\drv_wdt.c: 1 warning, 0 errors
compiling drv_gpio.c...
compiling drv_pwm.c...
libraries\drivers\drv_pwm.c(171): warning:  #177-D: variable "period" was declared but never referenced
      rt_uint32_t period, pulse;
libraries\drivers\drv_pwm.c(171): warning:  #177-D: variable "pulse" was declared but never referenced
      rt_uint32_t period, pulse;
libraries\drivers\drv_pwm.c(164): warning:  #177-D: function "nrfx_set_prioid" was declared but never referenced
  static void nrfx_set_prioid(nrfx_pwm_t *pwm_handle, uint32_t perioid)
libraries\drivers\drv_pwm.c: 3 warnings, 0 errors
compiling drv_rtc.c...
compiling nrfx_timer.c...
compiling nrfx_temp.c...
compiling nrfx_dppi.c...
compiling nrfx_rng.c...
compiling nrfx_lpcomp.c...
compiling nrfx_saadc.c...
compiling nrfx_power.c...
compiling nrfx_nfct.c...
compiling nrfx_pdm.c...
compiling nrfx_egu.c...
compiling nrfx_pwm.c...
compiling nrfx_twi.c...
compiling nrfx_spi.c...
compiling nrfx_twi_twim.c...
compiling nrfx_i2s.c...
compiling nrfx_wdt.c...
assembling arm_startup_nrf52.s...
compiling nrfx_rtc.c...
compiling nrfx_comp.c...
compiling nrfx_twim.c...
compiling nrfx_nvmc.c...
packages\nrfx-latest\drivers\src\nrfx_nvmc.c(153): warning:  #177-D: function "is_halfword_aligned" was declared but never referenced
  __STATIC_INLINE bool is_halfword_aligned(uint32_t addr)
packages\nrfx-latest\drivers\src\nrfx_nvmc.c(158): warning:  #177-D: function "is_valid_address" was declared but never referenced
  __STATIC_INLINE bool is_valid_address(uint32_t addr, bool uicr_allowed)
packages\nrfx-latest\drivers\src\nrfx_nvmc.c: 2 warnings, 0 errors
compiling system_nrf52.c...
compiling nrfx_clock.c...
compiling nrfx_usbd.c...
compiling nrfx_spim.c...
compiling nrfx_adc.c...
compiling nrfx_usbreg.c...
compiling nrfx_uarte.c...
compiling nrfx_qspi.c...
compiling nrfx_ipc.c...
compiling nrfx_twis.c...
compiling nrfx_gpiote.c...
compiling console_be.c...
compiling ulog.c...
compiling nrfx_systick.c...
compiling nrfx_spis.c...
compiling nrfx_ppi.c...
compiling nrfx_qdec.c...
compiling nrfx_uart.c...
linking...
Program Size: Code=81838 RO-data=7594 RW-data=872 ZI-data=10728  
After Build - User command #1: fromelf --bin .\build\rtthread.axf --output rtthread.bin
".\build\rtthread.axf" - 0 Error(s), 6 Warning(s).

<h2>Collection of Component include folders:</h2>
  D:\RT-ThreadStudio\workspace\rtt_nrf52832_qingfeng\RTE
  D:\APPDATA\ARM\PACK\NordicSemiconductor\nRF_DeviceFamilyPack\8.32.1\Device\Include

<h2>Collection of Component Files used:</h2>
Build Time Elapsed:  00:00:06
</pre>
</body>
</html>
