Component: ARM Compiler 5.06 update 1 (build 61) Tool: armlink [4d35a8]

==============================================================================

Section Cross References

    main.o(.text) refers to device.o(.text) for rt_device_find
    main.o(.text) refers to kservice.o(.text) for rt_kprintf
    main.o(.text) refers to pin.o(.text) for rt_pin_mode
    main.o(.text) refers to thread.o(.text) for rt_thread_mdelay
    main.o(.text) refers to main.o(.data) for serial
    syscall_mem.o(.text) refers (Special) to hguard.o(.text) for __use_no_heap
    syscall_mem.o(.text) refers to kservice.o(.text) for rt_malloc
    syscalls.o(.text) refers (Special) to use_no_semi.o(.text) for __use_no_semihosting_swi
    syscalls.o(.text) refers to strcmpv7m.o(.text) for strcmp
    syscalls.o(.text) refers to ulog.o(.text) for ulog_output
    syscalls.o(.text) refers to kservice.o(.text) for rt_console_get_device
    syscalls.o(.text) refers to device.o(.text) for rt_device_write
    syscalls.o(.text) refers to cstdlib.o(.text) for __rt_libc_exit
    syscalls.o(.text) refers to syscalls.o(.constdata) for __stdin_name
    syscalls.o(.constdata) refers (Special) to use_no_semi.o(.text) for __use_no_semihosting_swi
    cstdlib.o(.text) refers to thread.o(.text) for rt_thread_self
    cstdlib.o(.text) refers to ulog.o(.text) for ulog_output
    cstdlib.o(.text) refers to kservice.o(.text) for rt_strlen
    cstdlib.o(.text) refers to msh.o(.text) for msh_exec
    cstring.o(.text) refers to kservice.o(.text) for rt_memset
    cstring.o(.text) refers to strchr.o(.text) for strchr
    cstring.o(.text) refers to strrchr.o(.text) for strrchr
    cstring.o(.text) refers to tolower.o(.text) for tolower
    cstring.o(.text) refers to strlen.o(.text) for strlen
    cstring.o(.text) refers to syscall_mem.o(.text) for malloc
    cstring.o(.text) refers to strcpy.o(.text) for strcpy
    ctime.o(.text) refers to device.o(.text) for rt_device_find
    ctime.o(.text) refers to ulog.o(.text) for ulog_output
    ctime.o(.text) refers to kservice.o(.text) for rt_set_errno
    ctime.o(.text) refers to ctime.o(.data) for device
    ctime.o(.text) refers to ctime.o(.constdata) for __spm
    ctime.o(.text) refers to ctime.o(.bss) for tmp
    ctime.o(.text) refers to ctime.o(.conststring) for .conststring
    ctime.o(.text) refers to dflt_clz.o(x$fpl$dfltu) for __aeabi_ui2d
    ctime.o(.text) refers to clock.o(.text) for rt_tick_get
    ctime.o(.text) refers to context_rvds.o(.text) for rt_hw_interrupt_disable
    ctime.o(.data) refers to ctime.o(.conststring) for .conststring
    cwchar.o(.text) refers to cwchar.o(.constdata) for combining
    showmem.o(.text) refers to kservice.o(.text) for rt_assert_handler
    showmem.o(.text) refers to showmem.o(.constdata) for __FUNCTION__
    context_rvds.o(.text) refers to cpuport.o(.text) for rt_hw_hard_fault_exception
    context_rvds.o(.text) refers to cpuport.o(.data) for rt_thread_switch_interrupt_flag
    cpuport.o(.text) refers to kservice.o(.text) for rt_kprintf
    cpuport.o(.text) refers to thread.o(.text) for rt_thread_self
    cpuport.o(.text) refers to cmd.o(.text) for list_thread
    cpuport.o(.text) refers to cpuport.o(.data) for rt_exception_hook
    cpuport.o(.text) refers to cpuport.o(.constdata) for __FUNCTION__
    completion.o(.text) refers to kservice.o(.text) for rt_assert_handler
    completion.o(.text) refers to context_rvds.o(.text) for rt_hw_interrupt_disable
    completion.o(.text) refers to scheduler.o(.text) for rt_critical_level
    completion.o(.text) refers to thread.o(.text) for rt_thread_self
    completion.o(.text) refers to irq.o(.text) for rt_interrupt_get_nest
    completion.o(.text) refers to timer.o(.text) for rt_timer_control
    completion.o(.text) refers to completion.o(.constdata) for __FUNCTION__
    dataqueue.o(.text) refers to kservice.o(.text) for rt_assert_handler
    dataqueue.o(.text) refers to context_rvds.o(.text) for rt_hw_interrupt_disable
    dataqueue.o(.text) refers to scheduler.o(.text) for rt_critical_level
    dataqueue.o(.text) refers to thread.o(.text) for rt_thread_self
    dataqueue.o(.text) refers to irq.o(.text) for rt_interrupt_get_nest
    dataqueue.o(.text) refers to timer.o(.text) for rt_timer_control
    dataqueue.o(.text) refers to dataqueue.o(.constdata) for __FUNCTION__
    pipe.o(.text) refers to kservice.o(.text) for rt_assert_handler
    pipe.o(.text) refers to ipc.o(.text) for rt_mutex_take
    pipe.o(.text) refers to ringbuffer.o(.text) for rt_ringbuffer_create
    pipe.o(.text) refers to device.o(.text) for rt_device_register
    pipe.o(.text) refers to pipe.o(.constdata) for __FUNCTION__
    ringblk_buf.o(.text) refers to kservice.o(.text) for rt_assert_handler
    ringblk_buf.o(.text) refers to context_rvds.o(.text) for rt_hw_interrupt_disable
    ringblk_buf.o(.text) refers to ringblk_buf.o(.constdata) for __FUNCTION__
    ringbuffer.o(.text) refers to kservice.o(.text) for rt_assert_handler
[...]
    __rt_lib_init                            0x000002b5   Thumb Code     0  libinit.o(.ARM.Collect$$libinit$$00000000)
    __rt_lib_init_fp_1                       0x000002b7   Thumb Code     0  libinit2.o(.ARM.Collect$$libinit$$00000001)
    __rt_lib_init_heap_1                     0x000002bb   Thumb Code     0  libinit2.o(.ARM.Collect$$libinit$$0000000A)
    __rt_lib_init_lc_common                  0x000002bb   Thumb Code     0  libinit2.o(.ARM.Collect$$libinit$$0000000F)
    __rt_lib_init_preinit_1                  0x000002bb   Thumb Code     0  libinit2.o(.ARM.Collect$$libinit$$00000004)
    __rt_lib_init_rand_1                     0x000002bb   Thumb Code     0  libinit2.o(.ARM.Collect$$libinit$$0000000E)
    __rt_lib_init_user_alloc_1               0x000002bb   Thumb Code     0  libinit2.o(.ARM.Collect$$libinit$$0000000C)
    __rt_lib_init_lc_collate_1               0x000002c1   Thumb Code     0  libinit2.o(.ARM.Collect$$libinit$$00000011)
    __rt_lib_init_lc_ctype_2                 0x000002c1   Thumb Code     0  libinit2.o(.ARM.Collect$$libinit$$00000012)
    __rt_lib_init_alloca_1                   0x000002cd   Thumb Code     0  libinit2.o(.ARM.Collect$$libinit$$0000002E)
    __rt_lib_init_argv_1                     0x000002cd   Thumb Code     0  libinit2.o(.ARM.Collect$$libinit$$0000002C)
    __rt_lib_init_atexit_1                   0x000002cd   Thumb Code     0  libinit2.o(.ARM.Collect$$libinit$$0000001B)
    __rt_lib_init_clock_1                    0x000002cd   Thumb Code     0  libinit2.o(.ARM.Collect$$libinit$$00000021)
    __rt_lib_init_cpp_1                      0x000002cd   Thumb Code     0  libinit2.o(.ARM.Collect$$libinit$$00000032)
    __rt_lib_init_exceptions_1               0x000002cd   Thumb Code     0  libinit2.o(.ARM.Collect$$libinit$$00000030)
    __rt_lib_init_fp_trap_1                  0x000002cd   Thumb Code     0  libinit2.o(.ARM.Collect$$libinit$$0000001F)
    __rt_lib_init_getenv_1                   0x000002cd   Thumb Code     0  libinit2.o(.ARM.Collect$$libinit$$00000023)
    __rt_lib_init_lc_ctype_1                 0x000002cd   Thumb Code     0  libinit2.o(.ARM.Collect$$libinit$$00000013)
    __rt_lib_init_lc_monetary_1              0x000002cd   Thumb Code     0  libinit2.o(.ARM.Collect$$libinit$$00000015)
    __rt_lib_init_lc_numeric_1               0x000002cd   Thumb Code     0  libinit2.o(.ARM.Collect$$libinit$$00000017)
    __rt_lib_init_lc_time_1                  0x000002cd   Thumb Code     0  libinit2.o(.ARM.Collect$$libinit$$00000019)
    __rt_lib_init_return                     0x000002cd   Thumb Code     0  libinit2.o(.ARM.Collect$$libinit$$00000033)
    __rt_lib_init_signal_1                   0x000002cd   Thumb Code     0  libinit2.o(.ARM.Collect$$libinit$$0000001D)
    __rt_lib_init_stdio_1                    0x000002cd   Thumb Code     0  libinit2.o(.ARM.Collect$$libinit$$00000025)
    __rt_lib_shutdown                        0x000002cf   Thumb Code     0  libshutdown.o(.ARM.Collect$$libshutdown$$00000000)
    __rt_lib_shutdown_cpp_1                  0x000002d1   Thumb Code     0  libshutdown2.o(.ARM.Collect$$libshutdown$$00000002)
    __rt_lib_shutdown_fp_trap_1              0x000002d1   Thumb Code     0  libshutdown2.o(.ARM.Collect$$libshutdown$$00000007)
    __rt_lib_shutdown_heap_1                 0x000002d1   Thumb Code     0  libshutdown2.o(.ARM.Collect$$libshutdown$$0000000F)
    __rt_lib_shutdown_return                 0x000002d1   Thumb Code     0  libshutdown2.o(.ARM.Collect$$libshutdown$$00000010)
    __rt_lib_shutdown_signal_1               0x000002d1   Thumb Code     0  libshutdown2.o(.ARM.Collect$$libshutdown$$0000000A)
    __rt_lib_shutdown_stdio_1                0x000002d1   Thumb Code     0  libshutdown2.o(.ARM.Collect$$libshutdown$$00000004)
    __rt_lib_shutdown_user_alloc_1           0x000002d1   Thumb Code     0  libshutdown2.o(.ARM.Collect$$libshutdown$$0000000C)
    __rt_entry                               0x000002d3   Thumb Code     0  __rtentry.o(.ARM.Collect$$rtentry$$00000000)
    __rt_entry_presh_1                       0x000002d3   Thumb Code     0  __rtentry2.o(.ARM.Collect$$rtentry$$00000002)
    __rt_entry_sh                            0x000002d3   Thumb Code     0  __rtentry4.o(.ARM.Collect$$rtentry$$00000004)
    __rt_entry_li                            0x000002d9   Thumb Code     0  __rtentry2.o(.ARM.Collect$$rtentry$$0000000A)
    __rt_entry_postsh_1                      0x000002d9   Thumb Code     0  __rtentry2.o(.ARM.Collect$$rtentry$$00000009)
    __rt_entry_main                          0x000002dd   Thumb Code     0  __rtentry2.o(.ARM.Collect$$rtentry$$0000000D)
    __rt_entry_postli_1                      0x000002dd   Thumb Code     0  __rtentry2.o(.ARM.Collect$$rtentry$$0000000C)
    __rt_exit                                0x000002e5   Thumb Code     0  rtexit.o(.ARM.Collect$$rtexit$$00000000)
    __rt_exit_ls                             0x000002e7   Thumb Code     0  rtexit2.o(.ARM.Collect$$rtexit$$00000003)
    __rt_exit_prels_1                        0x000002e7   Thumb Code     0  rtexit2.o(.ARM.Collect$$rtexit$$00000002)
    __rt_exit_exit                           0x000002eb   Thumb Code     0  rtexit2.o(.ARM.Collect$$rtexit$$00000004)
    $Super$$main                             0x000002f1   Thumb Code   152  main.o(.text)
    _sys_open                                0x000003b5   Thumb Code    74  syscalls.o(.text)
    _sys_close                               0x000003ff   Thumb Code    28  syscalls.o(.text)
    _sys_read                                0x0000041b   Thumb Code    38  syscalls.o(.text)
    _sys_write                               0x00000441   Thumb Code    80  syscalls.o(.text)
    _sys_ensure                              0x00000491   Thumb Code    28  syscalls.o(.text)
    _sys_seek                                0x000004ad   Thumb Code    30  syscalls.o(.text)
    _sys_tmpnam                              0x000004cb   Thumb Code    24  syscalls.o(.text)
    _sys_command_string                      0x000004e3   Thumb Code     6  syscalls.o(.text)
    _ttywrch                                 0x000004e9   Thumb Code    14  syscalls.o(.text)
    _sys_exit                                0x000004f7   Thumb Code    12  syscalls.o(.text)
    _sys_flen                                0x00000503   Thumb Code    28  syscalls.o(.text)
    _sys_istty                               0x0000051f   Thumb Code    18  syscalls.o(.text)
    remove                                   0x00000531   Thumb Code    28  syscalls.o(.text)
    __rt_libc_exit                           0x000005c1   Thumb Code    40  cstdlib.o(.text)
    system                                   0x000005e9   Thumb Code    26  cstdlib.o(.text)
    ltoa                                     0x00000603   Thumb Code   144  cstdlib.o(.text)
    itoa                                     0x00000693   Thumb Code    20  cstdlib.o(.text)
    ultoa                                    0x000006a7   Thumb Code   106  cstdlib.o(.text)
    utoa                                     0x00000711   Thumb Code    20  cstdlib.o(.text)
    tz_is_dst                                0x00000875   Thumb Code     4  ctime.o(.text)
    gmtime_r                                 0x00000879   Thumb Code   226  ctime.o(.text)
    gmtime                                   0x0000095b   Thumb Code    14  ctime.o(.text)
    tz_get                                   0x00000969   Thumb Code     8  ctime.o(.text)
    localtime_r                              0x00000971   Thumb Code    36  ctime.o(.text)
    localtime                                0x00000995   Thumb Code    14  ctime.o(.text)
    timegm                                   0x000009a3   Thumb Code   390  ctime.o(.text)
    mktime                                   0x00000b29   Thumb Code    28  ctime.o(.text)
    asctime_r                                0x00000b45   Thumb Code   420  ctime.o(.text)
    asctime                                  0x00000ce9   Thumb Code    14  ctime.o(.text)
    ctime_r                                  0x00000cf7   Thumb Code    28  ctime.o(.text)
    ctime                                    0x00000d13   Thumb Code    18  ctime.o(.text)
    __hardfp_difftime                        0x00000d25   Thumb Code    18  ctime.o(.text)
    time                                     0x00000d37   Thumb Code    34  ctime.o(.text)
    clock                                    0x00000d59   Thumb Code     8  ctime.o(.text)
    stime                                    0x00000d61   Thumb Code    46  ctime.o(.text)
    gettimeofday                             0x00000d8f   Thumb Code    52  ctime.o(.text)
    settimeofday                             0x00000dc3   Thumb Code    38  ctime.o(.text)
    tz_set                                   0x00000de9   Thumb Code    22  ctime.o(.text)
    rt_hw_interrupt_disable                  0x00000e11   Thumb Code     8  context_rvds.o(.text)
    rt_hw_interrupt_enable                   0x00000e19   Thumb Code     6  context_rvds.o(.text)
    rt_hw_context_switch                     0x00000e1f   Thumb Code    32  context_rvds.o(.text)
    rt_hw_context_switch_interrupt           0x00000e1f   Thumb Code     0  context_rvds.o(.text)
    PendSV_Handler                           0x00000e3f   Thumb Code   108  context_rvds.o(.text)
    rt_hw_context_switch_to                  0x00000eab   Thumb Code    76  context_rvds.o(.text)
    rt_hw_interrupt_thread_switch            0x00000ef7   Thumb Code     2  context_rvds.o(.text)
    HardFault_Handler                        0x00000ef9   Thumb Code    56  context_rvds.o(.text)
    rt_hw_stack_init                         0x00000f4d   Thumb Code    74  cpuport.o(.text)
    rt_hw_exception_install                  0x00000f97   Thumb Code     6  cpuport.o(.text)
    rt_hw_hard_fault_exception               0x0000117b   Thumb Code   220  cpuport.o(.text)
    rt_hw_cpu_shutdown                       0x00001257   Thumb Code    22  cpuport.o(.text)
    rt_hw_cpu_reset                          0x0000126d   Thumb Code    10  cpuport.o(.text)
    rt_completion_init                       0x00001559   Thumb Code    42  completion.o(.text)
    rt_completion_wait                       0x00001583   Thumb Code   286  completion.o(.text)
    rt_completion_done                       0x000016a1   Thumb Code    76  completion.o(.text)
    rt_device_pin_register                   0x00001891   Thumb Code    56  pin.o(.text)
    rt_pin_attach_irq                        0x000018c9   Thumb Code    62  pin.o(.text)
    rt_pin_detach_irq                        0x00001907   Thumb Code    48  pin.o(.text)
    rt_pin_irq_enable                        0x00001937   Thumb Code    52  pin.o(.text)
    rt_pin_mode                              0x0000196b   Thumb Code    38  pin.o(.text)
    rt_pin_write                             0x00001991   Thumb Code    38  pin.o(.text)
    rt_pin_read                              0x000019b7   Thumb Code    34  pin.o(.text)
    rt_pin_get                               0x000019d9   Thumb Code    64  pin.o(.text)
    rt_device_pwm_register                   0x00001f89   Thumb Code    72  rt_drv_pwm.o(.text)
    rt_pwm_enable                            0x00001fd1   Thumb Code    70  rt_drv_pwm.o(.text)
    rt_pwm_disable                           0x00002017   Thumb Code    70  rt_drv_pwm.o(.text)
    rt_pwm_set                               0x0000205d   Thumb Code    72  rt_drv_pwm.o(.text)
    rt_pwm_set_period                        0x000020a5   Thumb Code    66  rt_drv_pwm.o(.text)
    rt_pwm_set_pulse                         0x000020e7   Thumb Code    66  rt_drv_pwm.o(.text)
    rt_pwm_get                               0x00002129   Thumb Code    34  rt_drv_pwm.o(.text)
    rt_hw_rtc_register                       0x000027a3   Thumb Code    74  rtc.o(.text)
    set_date                                 0x000027ed   Thumb Code   124  rtc.o(.text)
    set_time                                 0x00002869   Thumb Code   118  rtc.o(.text)
    set_timestamp                            0x000028df   Thumb Code    46  rtc.o(.text)
    get_timestamp                            0x0000290d   Thumb Code    48  rtc.o(.text)
    rt_hw_serial_register                    0x00003111   Thumb Code    82  serial.o(.text)
    rt_hw_serial_isr                         0x00003163   Thumb Code   224  serial.o(.text)
    rt_hw_watchdog_register                  0x00003431   Thumb Code    74  watchdog.o(.text)
    SysTick_Handler                          0x000034e1   Thumb Code    16  board.o(.text)
    SysTick_Configuration                    0x000034f3   Thumb Code    92  board.o(.text)
    rt_hw_us_delay                           0x0000354f   Thumb Code    72  board.o(.text)
    rt_hw_board_init                         0x00003597   Thumb Code    52  board.o(.text)
    rt_hw_pin_init                           0x000039f5   Thumb Code    72  drv_gpio.o(.text)
    button_1_callback                        0x00003a3d   Thumb Code    42  drv_gpio.o(.text)
    button_2_callback                        0x00003a67   Thumb Code    42  drv_gpio.o(.text)
    button_3_callback                        0x00003a91   Thumb Code    42  drv_gpio.o(.text)
    button_4_callback                        0x00003abb   Thumb Code    42  drv_gpio.o(.text)
    gpio_sample                              0x00003ae5   Thumb Code   156  drv_gpio.o(.text)
    mcu_get_channel_number                   0x00003bd3   Thumb Code    46  drv_pwm.o(.text)
    rt_hw_rtc_init                           0x00004129   Thumb Code    50  drv_rtc.o(.text)
    uart_putc_hook                           0x0000435d   Thumb Code     8  drv_uart.o(.text)
    uart_getc_hook                           0x000043c7   Thumb Code     8  drv_uart.o(.text)
    rt_hw_uart_init                          0x0000441d   Thumb Code    54  drv_uart.o(.text)
    rt_wdt_init                              0x00004529   Thumb Code    56  drv_wdt.o(.text)
    finsh_set_prompt                         0x000045ad   Thumb Code    64  shell.o(.text)
    finsh_get_prompt                         0x000045ed   Thumb Code    66  shell.o(.text)
    finsh_get_prompt_mode                    0x0000462f   Thumb Code    32  shell.o(.text)
    finsh_set_prompt_mode                    0x0000464f   Thumb Code    42  shell.o(.text)
    finsh_getchar                            0x00004679   Thumb Code   102  shell.o(.text)
    finsh_set_device                         0x00004701   Thumb Code   158  shell.o(.text)
    finsh_get_device                         0x0000479f   Thumb Code    28  shell.o(.text)
    finsh_set_echo                           0x000047bb   Thumb Code    44  shell.o(.text)
    finsh_get_echo                           0x000047e7   Thumb Code    34  shell.o(.text)
    finsh_thread_entry                       0x00004927   Thumb Code  1404  shell.o(.text)
    finsh_system_function_init               0x00004ea3   Thumb Code    10  shell.o(.text)
    finsh_system_init                        0x00004ead   Thumb Code   102  shell.o(.text)
    msh_help                                 0x00004f51   Thumb Code    48  msh.o(.text)
    cmd_ps                                   0x00004f81   Thumb Code    14  msh.o(.text)
    cmd_free                                 0x00004f8f   Thumb Code    64  msh.o(.text)
    msh_exec                                 0x0000515b   Thumb Code    84  msh.o(.text)
    msh_auto_complete                        0x000051cf   Thumb Code   120  msh.o(.text)
    msh_isint                                0x00005309   Thumb Code    60  msh_parse.o(.text)
    msh_ishex                                0x00005345   Thumb Code    82  msh_parse.o(.text)
    msh_strtohex                             0x00005397   Thumb Code    58  msh_parse.o(.text)
    version                                  0x000053f1   Thumb Code    10  cmd.o(.text)
    list_thread                              0x000054ad   Thumb Code   302  cmd.o(.text)
    list_sem                                 0x00005605   Thumb Code   216  cmd.o(.text)
    list_event                               0x000056dd   Thumb Code   204  cmd.o(.text)
    list_mutex                               0x000057a9   Thumb Code   604  cmd.o(.text)
    list_mailbox                             0x00005a05   Thumb Code   226  cmd.o(.text)
    list_msgqueue                            0x00005ae7   Thumb Code   216  cmd.o(.text)
    list_mempool                             0x00005bbf   Thumb Code   232  cmd.o(.text)
    list_timer                               0x00005ca7   Thumb Code   852  cmd.o(.text)
    list_device                              0x00005ffb   Thumb Code   178  cmd.o(.text)
    cmd_list                                 0x000060ad   Thumb Code   246  cmd.o(.text)
    rt_tick_sethook                          0x0000639d   Thumb Code     6  clock.o(.text)
    rt_tick_get                              0x000063a3   Thumb Code     6  clock.o(.text)
    rt_tick_set                              0x000063a9   Thumb Code    22  clock.o(.text)
    rt_tick_increase                         0x000063bf   Thumb Code    90  clock.o(.text)
    rt_tick_from_millisecond                 0x00006419   Thumb Code    58  clock.o(.text)
    rt_tick_get_millisecond                  0x00006453   Thumb Code    14  clock.o(.text)
    rt_components_board_init                 0x00006479   Thumb Code    20  components.o(.text)
    rt_components_init                       0x0000648d   Thumb Code    20  components.o(.text)
    main_thread_entry                        0x000064a1   Thumb Code    14  components.o(.text)
    rt_application_init                      0x000064af   Thumb Code    48  components.o(.text)
    rtthread_startup                         0x000064df   Thumb Code    42  components.o(.text)
    main                                     0x00006509   Thumb Code    10  components.o(.text)
    rt_device_find                           0x0000653d   Thumb Code    14  device.o(.text)
    rt_device_register                       0x0000654b   Thumb Code    52  device.o(.text)
    rt_device_unregister                     0x0000657f   Thumb Code    64  device.o(.text)
    rt_device_create                         0x000065bf   Thumb Code    46  device.o(.text)
    rt_device_destroy                        0x000065ed   Thumb Code    68  device.o(.text)
    rt_device_init                           0x00006631   Thumb Code    66  device.o(.text)
    rt_device_open                           0x00006673   Thumb Code   172  device.o(.text)
    rt_device_close                          0x0000671f   Thumb Code    92  device.o(.text)
    rt_device_read                           0x0000677b   Thumb Code    98  device.o(.text)
    rt_device_write                          0x000067dd   Thumb Code    98  device.o(.text)
    rt_device_control                        0x0000683f   Thumb Code    66  device.o(.text)
    rt_device_set_rx_indicate                0x00006881   Thumb Code    48  device.o(.text)
    rt_device_set_tx_complete                0x000068b1   Thumb Code    48  device.o(.text)
    rt_thread_idle_sethook                   0x000069fd   Thumb Code    58  idle.o(.text)
    rt_thread_idle_delhook                   0x00006a37   Thumb Code    62  idle.o(.text)
    rt_thread_defunct_enqueue                0x00006a75   Thumb Code    24  idle.o(.text)
    rt_thread_defunct_dequeue                0x00006a8d   Thumb Code    56  idle.o(.text)
    rt_thread_idle_init                      0x00006b21   Thumb Code    74  idle.o(.text)
    rt_thread_idle_gethandler                0x00006b6b   Thumb Code    10  idle.o(.text)
    rt_sem_init                              0x00006c49   Thumb Code    88  ipc.o(.text)
    rt_sem_detach                            0x00006ca1   Thumb Code    78  ipc.o(.text)
    rt_sem_create                            0x00006cef   Thumb Code   120  ipc.o(.text)
    rt_sem_delete                            0x00006d67   Thumb Code   120  ipc.o(.text)
    rt_sem_take                              0x00006ddf   Thumb Code   330  ipc.o(.text)
    rt_sem_trytake                           0x00006f29   Thumb Code    14  ipc.o(.text)
    rt_sem_release                           0x00006f37   Thumb Code   140  ipc.o(.text)
    rt_sem_control                           0x00006fc3   Thumb Code   492  ipc.o(.text)
    rt_mutex_init                            0x000071af   Thumb Code    62  ipc.o(.text)
    rt_mutex_detach                          0x000071ed   Thumb Code    78  ipc.o(.text)
    rt_mutex_create                          0x0000723b   Thumb Code   102  ipc.o(.text)
    rt_mutex_delete                          0x000072a1   Thumb Code   124  ipc.o(.text)
    rt_mutex_take                            0x0000731d   Thumb Code   444  ipc.o(.text)
    rt_mutex_trytake                         0x000074d9   Thumb Code    14  ipc.o(.text)
    rt_mutex_release                         0x000074e7   Thumb Code   534  ipc.o(.text)
    rt_mutex_control                         0x000076fd   Thumb Code    52  ipc.o(.text)
    rt_event_init                            0x00007731   Thumb Code    66  ipc.o(.text)
    rt_event_detach                          0x00007773   Thumb Code    78  ipc.o(.text)
    rt_event_create                          0x000077c1   Thumb Code   108  ipc.o(.text)
    rt_event_delete                          0x0000782d   Thumb Code   124  ipc.o(.text)
    rt_event_send                            0x000078a9   Thumb Code   248  ipc.o(.text)
    rt_event_recv                            0x000079a1   Thumb Code   650  ipc.o(.text)
    rt_event_control                         0x00007c2b   Thumb Code    92  ipc.o(.text)
    rt_mb_init                               0x00007c87   Thumb Code    94  ipc.o(.text)
    rt_mb_detach                             0x00007ce5   Thumb Code    86  ipc.o(.text)
    rt_mb_create                             0x00007d3b   Thumb Code   148  ipc.o(.text)
    rt_mb_delete                             0x00007dcf   Thumb Code   138  ipc.o(.text)
    rt_mb_send_wait                          0x00007e59   Thumb Code   642  ipc.o(.text)
    rt_mb_send                               0x000080db   Thumb Code    18  ipc.o(.text)
    rt_mb_urgent                             0x000080ed   Thumb Code   164  ipc.o(.text)
    rt_mb_recv                               0x00008191   Thumb Code   486  ipc.o(.text)
    rt_mb_control                            0x00008377   Thumb Code   104  ipc.o(.text)
    rt_mq_init                               0x000083df   Thumb Code   146  ipc.o(.text)
    rt_mq_detach                             0x00008471   Thumb Code    86  ipc.o(.text)
    rt_mq_create                             0x000084c7   Thumb Code   316  ipc.o(.text)
    rt_mq_delete                             0x00008603   Thumb Code   138  ipc.o(.text)
    rt_mq_send_wait                          0x0000868d   Thumb Code   540  ipc.o(.text)
    rt_mq_send                               0x000088a9   Thumb Code    22  ipc.o(.text)
    rt_mq_urgent                             0x000088bf   Thumb Code   362  ipc.o(.text)
    rt_mq_recv                               0x00008a29   Thumb Code   568  ipc.o(.text)
    rt_mq_control                            0x00008c61   Thumb Code   128  ipc.o(.text)
    rt_interrupt_enter_sethook               0x00008d39   Thumb Code     6  irq.o(.text)
    rt_interrupt_leave_sethook               0x00008d3f   Thumb Code     6  irq.o(.text)
    rt_interrupt_enter                       0x00008d45   Thumb Code    46  irq.o(.text)
    rt_interrupt_leave                       0x00008d73   Thumb Code    46  irq.o(.text)
    rt_interrupt_get_nest                    0x00008da1   Thumb Code    22  irq.o(.text)
    rt_hw_console_output                     0x00008dc5   Thumb Code     2  kservice.o(.text)
    rt_vsnprintf                             0x00008f7d   Thumb Code   824  kservice.o(.text)
    rt_kprintf                               0x000092b5   Thumb Code    68  kservice.o(.text)
    rt_strerror                              0x00009309   Thumb Code    26  kservice.o(.text)
    rt_get_errno                             0x00009323   Thumb Code    32  kservice.o(.text)
    rt_set_errno                             0x00009343   Thumb Code    36  kservice.o(.text)
    _rt_errno                                0x00009367   Thumb Code    30  kservice.o(.text)
    rt_memset                                0x00009385   Thumb Code    72  kservice.o(.text)
    rt_memcpy                                0x000093cd   Thumb Code   124  kservice.o(.text)
    rt_memmove                               0x00009449   Thumb Code    66  kservice.o(.text)
    rt_memcmp                                0x0000948b   Thumb Code    38  kservice.o(.text)
    rt_strlen                                0x000094b1   Thumb Code    18  kservice.o(.text)
    rt_strstr                                0x000094c3   Thumb Code    58  kservice.o(.text)
    rt_strcasecmp                            0x000094fd   Thumb Code    86  kservice.o(.text)
    rt_strncpy                               0x00009553   Thumb Code    52  kservice.o(.text)
    rt_strcpy                                0x00009587   Thumb Code    24  kservice.o(.text)
    rt_strncmp                               0x0000959f   Thumb Code    40  kservice.o(.text)
    rt_strcmp                                0x000095c7   Thumb Code    28  kservice.o(.text)
    rt_strnlen                               0x000095e3   Thumb Code    24  kservice.o(.text)
    rt_assert_handler                        0x000095fb   Thumb Code    56  kservice.o(.text)
    rt_malloc                                0x00009653   Thumb Code    52  kservice.o(.text)
    rt_strdup                                0x00009687   Thumb Code    40  kservice.o(.text)
    rt_show_version                          0x000096af   Thumb Code    42  kservice.o(.text)
    rt_snprintf                              0x000096d9   Thumb Code    38  kservice.o(.text)
    rt_vsprintf                              0x000096ff   Thumb Code    22  kservice.o(.text)
    rt_sprintf                               0x00009715   Thumb Code    34  kservice.o(.text)
    rt_console_get_device                    0x00009737   Thumb Code     6  kservice.o(.text)
    rt_console_set_device                    0x0000973d   Thumb Code    56  kservice.o(.text)
    rt_kputs                                 0x00009775   Thumb Code    48  kservice.o(.text)
    rt_malloc_sethook                        0x000097a5   Thumb Code     6  kservice.o(.text)
    rt_free_sethook                          0x000097ab   Thumb Code     6  kservice.o(.text)
    rt_system_heap_init                      0x000097b1   Thumb Code    66  kservice.o(.text)
    rt_realloc                               0x000097f3   Thumb Code    40  kservice.o(.text)
    rt_calloc                                0x0000981b   Thumb Code    34  kservice.o(.text)
    rt_free                                  0x0000983d   Thumb Code    48  kservice.o(.text)
    rt_memory_info                           0x0000986d   Thumb Code    64  kservice.o(.text)
    rt_malloc_align                          0x000098ad   Thumb Code    70  kservice.o(.text)
    rt_free_align                            0x000098f3   Thumb Code    22  kservice.o(.text)
    __rt_ffs                                 0x00009909   Thumb Code    70  kservice.o(.text)
    rt_assert_set_hook                       0x0000994f   Thumb Code     6  kservice.o(.text)
    rt_smem_init                             0x00009b27   Thumb Code   176  mem.o(.text)
    rt_smem_detach                           0x00009bd7   Thumb Code    66  mem.o(.text)
    rt_smem_alloc                            0x00009c19   Thumb Code   450  mem.o(.text)
    rt_smem_free                             0x00009ddb   Thumb Code   646  mem.o(.text)
    rt_smem_realloc                          0x0000a061   Thumb Code   348  mem.o(.text)
    rt_object_attach_sethook                 0x0000a2c9   Thumb Code     6  object.o(.text)
    rt_object_detach_sethook                 0x0000a2cf   Thumb Code     6  object.o(.text)
    rt_object_trytake_sethook                0x0000a2d5   Thumb Code     6  object.o(.text)
    rt_object_take_sethook                   0x0000a2db   Thumb Code     6  object.o(.text)
    rt_object_put_sethook                    0x0000a2e1   Thumb Code     6  object.o(.text)
    rt_object_get_information                0x0000a2e7   Thumb Code    36  object.o(.text)
    rt_object_get_length                     0x0000a30b   Thumb Code    58  object.o(.text)
    rt_object_get_pointers                   0x0000a345   Thumb Code    86  object.o(.text)
    rt_object_init                           0x0000a39b   Thumb Code   140  object.o(.text)
    rt_object_detach                         0x0000a427   Thumb Code    62  object.o(.text)
    rt_object_allocate                       0x0000a465   Thumb Code   158  object.o(.text)
    rt_object_delete                         0x0000a503   Thumb Code    88  object.o(.text)
    rt_object_is_systemobject                0x0000a55b   Thumb Code    34  object.o(.text)
    rt_object_get_type                       0x0000a57d   Thumb Code    26  object.o(.text)
    rt_object_find                           0x0000a597   Thumb Code   124  object.o(.text)
    rt_scheduler_sethook                     0x0000a6dd   Thumb Code     6  scheduler.o(.text)
    rt_scheduler_switch_sethook              0x0000a6e3   Thumb Code     6  scheduler.o(.text)
    rt_system_scheduler_init                 0x0000a75d   Thumb Code    42  scheduler.o(.text)
    rt_schedule_remove_thread                0x0000a787   Thumb Code    94  scheduler.o(.text)
    rt_system_scheduler_start                0x0000a7e5   Thumb Code    36  scheduler.o(.text)
    rt_schedule_insert_thread                0x0000a809   Thumb Code   160  scheduler.o(.text)
    rt_schedule                              0x0000a8a9   Thumb Code   318  scheduler.o(.text)
    rt_enter_critical                        0x0000a9e7   Thumb Code    28  scheduler.o(.text)
    rt_exit_critical                         0x0000aa03   Thumb Code    60  scheduler.o(.text)
    rt_critical_level                        0x0000aa3f   Thumb Code     8  scheduler.o(.text)
    rt_thread_suspend_sethook                0x0000aaef   Thumb Code     6  thread.o(.text)
    rt_thread_resume_sethook                 0x0000aaf5   Thumb Code     6  thread.o(.text)
    rt_thread_inited_sethook                 0x0000aafb   Thumb Code     6  thread.o(.text)
    rt_thread_self                           0x0000ab01   Thumb Code     6  thread.o(.text)
    rt_thread_init                           0x0000ac3b   Thumb Code    78  thread.o(.text)
    rt_thread_resume                         0x0000ac89   Thumb Code   122  thread.o(.text)
    rt_thread_startup                        0x0000ad03   Thumb Code   102  thread.o(.text)
    rt_thread_detach                         0x0000ad69   Thumb Code   128  thread.o(.text)
    rt_thread_create                         0x0000ade9   Thumb Code    80  thread.o(.text)
    rt_thread_delete                         0x0000ae39   Thumb Code   128  thread.o(.text)
    rt_thread_yield                          0x0000aeb9   Thumb Code   404  thread.o(.text)
    rt_thread_suspend                        0x0000b04d   Thumb Code   156  thread.o(.text)
    rt_thread_sleep                          0x0000b0e9   Thumb Code   106  thread.o(.text)
    rt_thread_delay                          0x0000b153   Thumb Code    12  thread.o(.text)
    rt_thread_delay_until                    0x0000b15f   Thumb Code   164  thread.o(.text)
    rt_thread_mdelay                         0x0000b203   Thumb Code    20  thread.o(.text)
    rt_thread_control                        0x0000b217   Thumb Code   184  thread.o(.text)
    rt_thread_find                           0x0000b2cf   Thumb Code    14  thread.o(.text)
    rt_timer_enter_sethook                   0x0000b341   Thumb Code     6  timer.o(.text)
    rt_timer_exit_sethook                    0x0000b347   Thumb Code     6  timer.o(.text)
    rt_timer_init                            0x0000b3e3   Thumb Code    94  timer.o(.text)
    rt_timer_detach                          0x0000b441   Thumb Code    96  timer.o(.text)
    rt_timer_create                          0x0000b4a1   Thumb Code    88  timer.o(.text)
    rt_timer_delete                          0x0000b4f9   Thumb Code    96  timer.o(.text)
    rt_timer_start                           0x0000b559   Thumb Code   346  timer.o(.text)
    rt_timer_stop                            0x0000b6b3   Thumb Code   102  timer.o(.text)
    rt_timer_control                         0x0000b719   Thumb Code   456  timer.o(.text)
    rt_timer_check                           0x0000b8e1   Thumb Code   208  timer.o(.text)
    rt_timer_next_timeout_tick               0x0000b9b1   Thumb Code    20  timer.o(.text)
    rt_soft_timer_check                      0x0000b9c5   Thumb Code   226  timer.o(.text)
    rt_system_timer_init                     0x0000baeb   Thumb Code    24  timer.o(.text)
    rt_system_timer_thread_init              0x0000bb03   Thumb Code    58  timer.o(.text)
    nrfx_pwm_init                            0x0000bd33   Thumb Code   256  nrfx_pwm.o(.text)
    nrfx_pwm_uninit                          0x0000be33   Thumb Code    68  nrfx_pwm.o(.text)
    nrfx_pwm_simple_playback                 0x0000bee1   Thumb Code   132  nrfx_pwm.o(.text)
    nrfx_pwm_complex_playback                0x0000bf65   Thumb Code   100  nrfx_pwm.o(.text)
    nrfx_pwm_is_stopped                      0x0000bfc9   Thumb Code    48  nrfx_pwm.o(.text)
    nrfx_pwm_stop                            0x0000bff9   Thumb Code    60  nrfx_pwm.o(.text)
    PWM0_IRQHandler                          0x0000c0e1   Thumb Code    12  nrfx_pwm.o(.text)
    nvmc_wait                                0x0000e5b9   Thumb Code    12  system_nrf52.o(.text)
    nvmc_config                              0x0000e5c5   Thumb Code    14  system_nrf52.o(.text)
    SystemCoreClockUpdate                    0x0000e5d3   Thumb Code     8  system_nrf52.o(.text)
    SystemInit                               0x0000e5db   Thumb Code   506  system_nrf52.o(.text)
    nrfx_clock_init                          0x00010d17   Thumb Code    32  nrfx_clock.o(.text)
    nrfx_clock_enable                        0x00010d37   Thumb Code    16  nrfx_clock.o(.text)
    nrfx_clock_disable                       0x00010d47   Thumb Code    46  nrfx_clock.o(.text)
    nrfx_clock_stop                          0x00010d75   Thumb Code   174  nrfx_clock.o(.text)
    nrfx_clock_uninit                        0x00010e23   Thumb Code    22  nrfx_clock.o(.text)
    nrfx_clock_start                         0x00010e39   Thumb Code    80  nrfx_clock.o(.text)
    nrfx_clock_calibration_start             0x00010e89   Thumb Code     4  nrfx_clock.o(.text)
    nrfx_clock_is_calibrating                0x00010e8d   Thumb Code     4  nrfx_clock.o(.text)
    nrfx_clock_calibration_timer_start       0x00010e91   Thumb Code     2  nrfx_clock.o(.text)
    nrfx_clock_calibration_timer_stop        0x00010e93   Thumb Code     2  nrfx_clock.o(.text)
    POWER_CLOCK_IRQHandler                   0x00010e95   Thumb Code    92  nrfx_clock.o(.text)
    nrfx_wdt_init                            0x00010fd1   Thumb Code   100  nrfx_wdt.o(.text)
    nrfx_wdt_enable                          0x00011035   Thumb Code    26  nrfx_wdt.o(.text)
    nrfx_wdt_feed                            0x0001104f   Thumb Code    36  nrfx_wdt.o(.text)
    nrfx_wdt_channel_alloc                   0x00011073   Thumb Code    62  nrfx_wdt.o(.text)
    nrfx_wdt_channel_feed                    0x000110b1   Thumb Code    16  nrfx_wdt.o(.text)
    nrfx_rtc_init                            0x000110d9   Thumb Code   152  nrfx_rtc.o(.text)
    nrfx_rtc_uninit                          0x00011171   Thumb Code    70  nrfx_rtc.o(.text)
    nrfx_rtc_enable                          0x000111b7   Thumb Code    26  nrfx_rtc.o(.text)
    nrfx_rtc_disable                         0x000111d1   Thumb Code    26  nrfx_rtc.o(.text)
    nrfx_rtc_cc_disable                      0x000111eb   Thumb Code    90  nrfx_rtc.o(.text)
    nrfx_rtc_cc_set                          0x00011245   Thumb Code   174  nrfx_rtc.o(.text)
    nrfx_rtc_tick_enable                     0x000112f3   Thumb Code    44  nrfx_rtc.o(.text)
    nrfx_rtc_tick_disable                    0x0001131f   Thumb Code    24  nrfx_rtc.o(.text)
    nrfx_rtc_overflow_enable                 0x00011337   Thumb Code    44  nrfx_rtc.o(.text)
    nrfx_rtc_overflow_disable                0x00011363   Thumb Code    24  nrfx_rtc.o(.text)
    nrfx_rtc_max_ticks_get                   0x0001137b   Thumb Code    40  nrfx_rtc.o(.text)
    RTC0_IRQHandler                          0x00011457   Thumb Code    14  nrfx_rtc.o(.text)
    RTC1_IRQHandler                          0x00011465   Thumb Code    14  nrfx_rtc.o(.text)
    RTC2_IRQHandler                          0x00011473   Thumb Code    14  nrfx_rtc.o(.text)
    Reset_Handler                            0x000114f5   Thumb Code     8  arm_startup_nrf52.o(.text)
    NMI_Handler                              0x000114fd   Thumb Code     2  arm_startup_nrf52.o(.text)
    MemoryManagement_Handler                 0x00011501   Thumb Code     2  arm_startup_nrf52.o(.text)
    BusFault_Handler                         0x00011503   Thumb Code     2  arm_startup_nrf52.o(.text)
    UsageFault_Handler                       0x00011505   Thumb Code     2  arm_startup_nrf52.o(.text)
    SVC_Handler                              0x00011507   Thumb Code     2  arm_startup_nrf52.o(.text)
    DebugMon_Handler                         0x00011509   Thumb Code     2  arm_startup_nrf52.o(.text)
    CCM_AAR_IRQHandler                       0x0001150f   Thumb Code     0  arm_startup_nrf52.o(.text)
    COMP_LPCOMP_IRQHandler                   0x0001150f   Thumb Code     0  arm_startup_nrf52.o(.text)
    ECB_IRQHandler                           0x0001150f   Thumb Code     0  arm_startup_nrf52.o(.text)
    FPU_IRQHandler                           0x0001150f   Thumb Code     0  arm_startup_nrf52.o(.text)
    I2S_IRQHandler                           0x0001150f   Thumb Code     0  arm_startup_nrf52.o(.text)
    MWU_IRQHandler                           0x0001150f   Thumb Code     0  arm_startup_nrf52.o(.text)
    NFCT_IRQHandler                          0x0001150f   Thumb Code     0  arm_startup_nrf52.o(.text)
    PDM_IRQHandler                           0x0001150f   Thumb Code     0  arm_startup_nrf52.o(.text)
    PWM1_IRQHandler                          0x0001150f   Thumb Code     0  arm_startup_nrf52.o(.text)
    PWM2_IRQHandler                          0x0001150f   Thumb Code     0  arm_startup_nrf52.o(.text)
    QDEC_IRQHandler                          0x0001150f   Thumb Code     0  arm_startup_nrf52.o(.text)
    RADIO_IRQHandler                         0x0001150f   Thumb Code     0  arm_startup_nrf52.o(.text)
    RNG_IRQHandler                           0x0001150f   Thumb Code     0  arm_startup_nrf52.o(.text)
    SAADC_IRQHandler                         0x0001150f   Thumb Code     0  arm_startup_nrf52.o(.text)
    SPIM0_SPIS0_TWIM0_TWIS0_SPI0_TWI0_IRQHandler 0x0001150f   Thumb Code     0  arm_startup_nrf52.o(.text)
    SPIM1_SPIS1_TWIM1_TWIS1_SPI1_TWI1_IRQHandler 0x0001150f   Thumb Code     0  arm_startup_nrf52.o(.text)
    SPIM2_SPIS2_SPI2_IRQHandler              0x0001150f   Thumb Code     0  arm_startup_nrf52.o(.text)
    SWI0_EGU0_IRQHandler                     0x0001150f   Thumb Code     0  arm_startup_nrf52.o(.text)
    SWI1_EGU1_IRQHandler                     0x0001150f   Thumb Code     0  arm_startup_nrf52.o(.text)
    SWI2_EGU2_IRQHandler                     0x0001150f   Thumb Code     0  arm_startup_nrf52.o(.text)
    SWI3_EGU3_IRQHandler                     0x0001150f   Thumb Code     0  arm_startup_nrf52.o(.text)
    SWI4_EGU4_IRQHandler                     0x0001150f   Thumb Code     0  arm_startup_nrf52.o(.text)
    SWI5_EGU5_IRQHandler                     0x0001150f   Thumb Code     0  arm_startup_nrf52.o(.text)
    TEMP_IRQHandler                          0x0001150f   Thumb Code     0  arm_startup_nrf52.o(.text)
    TIMER0_IRQHandler                        0x0001150f   Thumb Code     0  arm_startup_nrf52.o(.text)
    TIMER1_IRQHandler                        0x0001150f   Thumb Code     0  arm_startup_nrf52.o(.text)
    TIMER2_IRQHandler                        0x0001150f   Thumb Code     0  arm_startup_nrf52.o(.text)
    TIMER3_IRQHandler                        0x0001150f   Thumb Code     0  arm_startup_nrf52.o(.text)
    TIMER4_IRQHandler                        0x0001150f   Thumb Code     0  arm_startup_nrf52.o(.text)
    WDT_IRQHandler                           0x0001150f   Thumb Code     0  arm_startup_nrf52.o(.text)
    __user_initial_stackheap                 0x00011511   Thumb Code    10  arm_startup_nrf52.o(.text)
    nrfx_gpiote_channel_alloc                0x000117b3   Thumb Code    74  nrfx_gpiote.o(.text)
    nrfx_gpiote_channel_free                 0x00011861   Thumb Code    30  nrfx_gpiote.o(.text)
    nrfx_gpiote_init                         0x000118a7   Thumb Code   208  nrfx_gpiote.o(.text)
    nrfx_gpiote_is_init                      0x00011977   Thumb Code    18  nrfx_gpiote.o(.text)
    nrfx_gpiote_in_event_disable             0x00011989   Thumb Code   106  nrfx_gpiote.o(.text)
    nrfx_gpiote_in_uninit                    0x000119f3   Thumb Code    84  nrfx_gpiote.o(.text)
    nrfx_gpiote_out_uninit                   0x00011a47   Thumb Code    70  nrfx_gpiote.o(.text)
    nrfx_gpiote_uninit                       0x00011a8d   Thumb Code    60  nrfx_gpiote.o(.text)
    nrfx_gpiote_out_init                     0x00011bc5   Thumb Code    24  nrfx_gpiote.o(.text)
    nrfx_gpiote_out_prealloc_init            0x00011bdd   Thumb Code    30  nrfx_gpiote.o(.text)
    nrfx_gpiote_out_set                      0x00011bfb   Thumb Code    12  nrfx_gpiote.o(.text)
    nrfx_gpiote_out_clear                    0x00011c07   Thumb Code    12  nrfx_gpiote.o(.text)
    nrfx_gpiote_out_toggle                   0x00011c13   Thumb Code    46  nrfx_gpiote.o(.text)
    nrfx_gpiote_out_task_enable              0x00011c41   Thumb Code    36  nrfx_gpiote.o(.text)
    nrfx_gpiote_out_task_disable             0x00011c65   Thumb Code    36  nrfx_gpiote.o(.text)
    nrfx_gpiote_out_task_get                 0x00011c89   Thumb Code    20  nrfx_gpiote.o(.text)
    nrfx_gpiote_out_task_addr_get            0x00011c9d   Thumb Code    22  nrfx_gpiote.o(.text)
    nrfx_gpiote_set_task_get                 0x00011cb3   Thumb Code    20  nrfx_gpiote.o(.text)
    nrfx_gpiote_set_task_addr_get            0x00011cc7   Thumb Code    22  nrfx_gpiote.o(.text)
    nrfx_gpiote_clr_task_get                 0x00011cdd   Thumb Code    20  nrfx_gpiote.o(.text)
    nrfx_gpiote_clr_task_addr_get            0x00011cf1   Thumb Code    22  nrfx_gpiote.o(.text)
    nrfx_gpiote_out_task_force               0x00011d07   Thumb Code    48  nrfx_gpiote.o(.text)
    nrfx_gpiote_out_task_trigger             0x00011d37   Thumb Code    30  nrfx_gpiote.o(.text)
    nrfx_gpiote_set_task_trigger             0x00011d55   Thumb Code    30  nrfx_gpiote.o(.text)
    nrfx_gpiote_clr_task_trigger             0x00011d73   Thumb Code    30  nrfx_gpiote.o(.text)
    nrfx_gpiote_in_init                      0x00011ecb   Thumb Code    30  nrfx_gpiote.o(.text)
    nrfx_gpiote_in_prealloc_init             0x00011ee9   Thumb Code    34  nrfx_gpiote.o(.text)
    nrfx_gpiote_in_event_enable              0x00011f0b   Thumb Code   172  nrfx_gpiote.o(.text)
    nrfx_gpiote_in_is_set                    0x00011fb7   Thumb Code    20  nrfx_gpiote.o(.text)
    nrfx_gpiote_in_event_get                 0x00011fcb   Thumb Code    34  nrfx_gpiote.o(.text)
    nrfx_gpiote_in_event_addr_get            0x00011fed   Thumb Code    22  nrfx_gpiote.o(.text)
    GPIOTE_IRQHandler                        0x000120e7   Thumb Code   192  nrfx_gpiote.o(.text)
    nrfx_uart_init                           0x00012469   Thumb Code   104  nrfx_uart.o(.text)
    nrfx_uart_uninit                         0x000124d1   Thumb Code    56  nrfx_uart.o(.text)
    nrfx_uart_tx_in_progress                 0x00012565   Thumb Code    30  nrfx_uart.o(.text)
    nrfx_uart_tx                             0x00012583   Thumb Code   138  nrfx_uart.o(.text)
    nrfx_uart_rx                             0x00012663   Thumb Code   322  nrfx_uart.o(.text)
    nrfx_uart_rx_ready                       0x000127a5   Thumb Code    16  nrfx_uart.o(.text)
    nrfx_uart_rx_enable                      0x000127b5   Thumb Code    56  nrfx_uart.o(.text)
    nrfx_uart_rx_disable                     0x000127ed   Thumb Code    36  nrfx_uart.o(.text)
    nrfx_uart_errorsrc_get                   0x00012811   Thumb Code    22  nrfx_uart.o(.text)
    nrfx_uart_tx_abort                       0x00012863   Thumb Code    48  nrfx_uart.o(.text)
    nrfx_uart_rx_abort                       0x00012893   Thumb Code    24  nrfx_uart.o(.text)
    UARTE0_UART0_IRQHandler                  0x000129f9   Thumb Code    12  nrfx_uart.o(.text)
    ulog_strcpy                              0x00012ad5   Thumb Code    72  ulog.o(.text)
    ulog_ultoa                               0x00012b1d   Thumb Code    68  ulog.o(.text)
    ulog_output_lock_enabled                 0x00012bc1   Thumb Code     6  ulog.o(.text)
    ulog_formater                            0x00012bdb   Thumb Code   560  ulog.o(.text)
    ulog_voutput                             0x00012fa5   Thumb Code   178  ulog.o(.text)
    ulog_output                              0x00013057   Thumb Code    40  ulog.o(.text)
    ulog_raw                                 0x0001307f   Thumb Code    96  ulog.o(.text)
    ulog_hexdump                             0x000130df   Thumb Code   464  ulog.o(.text)
    ulog_backend_register                    0x000132af   Thumb Code   142  ulog.o(.text)
    ulog_backend_unregister                  0x0001333d   Thumb Code   220  ulog.o(.text)
    ulog_backend_set_filter                  0x00013419   Thumb Code    40  ulog.o(.text)
    ulog_backend_find                        0x00013441   Thumb Code    94  ulog.o(.text)
    ulog_flush                               0x0001349f   Thumb Code    52  ulog.o(.text)
    ulog_init                                0x000134d3   Thumb Code    50  ulog.o(.text)
    ulog_deinit                              0x00013505   Thumb Code    66  ulog.o(.text)
    ulog_console_backend_output              0x00013569   Thumb Code    62  console_be.o(.text)
    ulog_console_backend_init                0x000135a7   Thumb Code    28  console_be.o(.text)
    __semihosting$guard                      0x000135d1   Thumb Code     0  use_no_semi.o(.text)
    __use_no_semihosting_swi                 0x000135d1   Thumb Code     2  use_no_semi.o(.text)
    __rt_ctype_table                         0x000135d5   Thumb Code    16  rt_ctype_table.o(.text)
    __aeabi_uldivmod                         0x000135e5   Thumb Code     0  lludivv7m.o(.text)
    _ll_udiv                                 0x000135e5   Thumb Code   238  lludivv7m.o(.text)
    tolower                                  0x000136d3   Thumb Code    26  tolower.o(.text)
    toupper                                  0x000136ed   Thumb Code    30  toupper.o(.text)
    atoi                                     0x0001370b   Thumb Code    26  atoi.o(.text)
    strncat                                  0x00013725   Thumb Code    36  strncat.o(.text)
    memcmp                                   0x00013749   Thumb Code    88  memcmp.o(.text)
    strcpy                                   0x000137a1   Thumb Code    72  strcpy.o(.text)
    strlen                                   0x000137e9   Thumb Code    62  strlen.o(.text)
    strncmp                                  0x00013827   Thumb Code   150  strncmp.o(.text)
    strcat                                   0x000138bd   Thumb Code    24  strcat.o(.text)
    __aeabi_memcpy4                          0x000138d5   Thumb Code     0  rt_memcpy_w.o(.text)
    __aeabi_memcpy8                          0x000138d5   Thumb Code     0  rt_memcpy_w.o(.text)
    __rt_memcpy_w                            0x000138d5   Thumb Code   100  rt_memcpy_w.o(.text)
    _memcpy_lastbytes_aligned                0x0001391d   Thumb Code     0  rt_memcpy_w.o(.text)
    __aeabi_memclr4                          0x00013939   Thumb Code     0  rt_memclr_w.o(.text)
    __aeabi_memclr8                          0x00013939   Thumb Code     0  rt_memclr_w.o(.text)
    __rt_memclr_w                            0x00013939   Thumb Code    78  rt_memclr_w.o(.text)
    _memset_w                                0x0001393d   Thumb Code     0  rt_memclr_w.o(.text)
    strncpy                                  0x00013987   Thumb Code    86  strncpy.o(.text)
    strcmp                                   0x000139dd   Thumb Code   128  strcmpv7m.o(.text)
    __use_two_region_memory                  0x00013a5d   Thumb Code     2  heapauxi.o(.text)
    __rt_heap_escrow$2region                 0x00013a5f   Thumb Code     2  heapauxi.o(.text)
    __rt_heap_expand$2region                 0x00013a61   Thumb Code     2  heapauxi.o(.text)
    __rt_locale                              0x00013a65   Thumb Code     8  rt_locale_intlibspace.o(.text)
    __aeabi_errno_addr                       0x00013a6d   Thumb Code     8  rt_errno_addr_intlibspace.o(.text)
    __errno$intlibspace                      0x00013a6d   Thumb Code     0  rt_errno_addr_intlibspace.o(.text)
    __rt_errno_addr$intlibspace              0x00013a6d   Thumb Code     0  rt_errno_addr_intlibspace.o(.text)
    strtol                                   0x00013a75   Thumb Code   112  strtol.o(.text)
    __aeabi_memclr                           0x00013ae5   Thumb Code     0  rt_memclr.o(.text)
    __rt_memclr                              0x00013ae5   Thumb Code    68  rt_memclr.o(.text)
    _memset                                  0x00013ae9   Thumb Code     0  rt_memclr.o(.text)
    __user_libspace                          0x00013b29   Thumb Code     8  libspace.o(.text)
    __user_perproc_libspace                  0x00013b29   Thumb Code     0  libspace.o(.text)
    __user_perthread_libspace                0x00013b29   Thumb Code     0  libspace.o(.text)
    _strtoul                                 0x00013b31   Thumb Code   158  _strtoul.o(.text)
    __user_setup_stackheap                   0x00013bcf   Thumb Code    74  sys_stackheap_outer.o(.text)
    _chval                                   0x00013c19   Thumb Code    28  _chval.o(.text)
    exit                                     0x00013c35   Thumb Code    18  exit.o(.text)
    _get_lc_ctype                            0x00013c49   Thumb Code    44  lc_ctype_c.o(locale$$code)
    __aeabi_ddiv                             0x00013c75   Thumb Code     0  ddiv.o(x$fpl$ddiv)
    _ddiv                                    0x00013c75   Thumb Code   552  ddiv.o(x$fpl$ddiv)
    __aeabi_d2iz                             0x00013f25   Thumb Code     0  dfix.o(x$fpl$dfix)
    _dfix                                    0x00013f25   Thumb Code    94  dfix.o(x$fpl$dfix)
    __aeabi_ui2d                             0x00013f83   Thumb Code     0  dflt_clz.o(x$fpl$dfltu)
    _dfltu                                   0x00013f83   Thumb Code    38  dflt_clz.o(x$fpl$dfltu)
    __aeabi_dmul                             0x00013fa9   Thumb Code     0  dmul.o(x$fpl$dmul)
    _dmul                                    0x00013fa9   Thumb Code   332  dmul.o(x$fpl$dmul)
    __fpl_dnaninf                            0x000140fd   Thumb Code   156  dnaninf.o(x$fpl$dnaninf)
    __fpl_dretinf                            0x00014199   Thumb Code    12  dretinf.o(x$fpl$dretinf)
    _fp_init                                 0x000141a5   Thumb Code    10  fpinit.o(x$fpl$fpinit)
    __fplib_config_fpu_vfp                   0x000141ad   Thumb Code     0  fpinit.o(x$fpl$fpinit)
    __fplib_config_pureend_doubles           0x000141ad   Thumb Code     0  fpinit.o(x$fpl$fpinit)
    __I$use$fp                               0x000141ae   Number         0  usenofp.o(x$fpl$usenofp)
    __stdin_name                             0x000141ae   Data           6  syscalls.o(.constdata)
    __stdout_name                            0x000141b4   Data           7  syscalls.o(.constdata)
    __stderr_name                            0x000141bb   Data           7  syscalls.o(.constdata)
    __lowest_bit_bitmap                      0x00014aad   Data         256  kservice.o(.constdata)
    __fsym_pin_name                          0x00015854   Data           4  pin.o(.rodata.name)
    __fsym_pin_desc                          0x00015858   Data          13  pin.o(.rodata.name)
    __fsym_pwm_name                          0x00015865   Data           4  rt_drv_pwm.o(.rodata.name)
    __fsym_pwm_desc                          0x00015869   Data          13  rt_drv_pwm.o(.rodata.name)
    __fsym_date_name                         0x00015876   Data           5  rtc.o(.rodata.name)
    __fsym_date_desc                         0x0001587b   Data          72  rtc.o(.rodata.name)
    __fsym_gpio_sample_name                  0x000158c3   Data          12  drv_gpio.o(.rodata.name)
    __fsym_gpio_sample_desc                  0x000158cf   Data          12  drv_gpio.o(.rodata.name)
    __fsym_pwm_led_sample_name               0x000158db   Data          15  drv_pwm.o(.rodata.name)
    __fsym_pwm_led_sample_desc               0x000158ea   Data          11  drv_pwm.o(.rodata.name)
    __fsym_wdt_sample_name                   0x000158f5   Data          11  drv_wdt.o(.rodata.name)
    __fsym_wdt_sample_desc                   0x00015900   Data          11  drv_wdt.o(.rodata.name)
    __fsym_help_name                         0x0001590b   Data           5  msh.o(.rodata.name)
    __fsym_help_desc                         0x00015910   Data          22  msh.o(.rodata.name)
    __fsym_ps_name                           0x00015926   Data           3  msh.o(.rodata.name)
    __fsym_ps_desc                           0x00015929   Data          28  msh.o(.rodata.name)
    __fsym_free_name                         0x00015945   Data           5  msh.o(.rodata.name)
    __fsym_free_desc                         0x0001594a   Data          37  msh.o(.rodata.name)
    __fsym_clear_name                        0x0001596f   Data           6  cmd.o(.rodata.name)
    __fsym_clear_desc                        0x00015975   Data          26  cmd.o(.rodata.name)
    __fsym_version_name                      0x0001598f   Data           8  cmd.o(.rodata.name)
    __fsym_version_desc                      0x00015997   Data          35  cmd.o(.rodata.name)
    __fsym_list_thread_name                  0x000159ba   Data          12  cmd.o(.rodata.name)
    __fsym_list_thread_desc                  0x000159c6   Data          12  cmd.o(.rodata.name)
    __fsym_list_sem_name                     0x000159d2   Data           9  cmd.o(.rodata.name)
    __fsym_list_sem_desc                     0x000159db   Data          25  cmd.o(.rodata.name)
    __fsym_list_event_name                   0x000159f4   Data          11  cmd.o(.rodata.name)
    __fsym_list_event_desc                   0x000159ff   Data          21  cmd.o(.rodata.name)
    __fsym_list_mutex_name                   0x00015a14   Data          11  cmd.o(.rodata.name)
    __fsym_list_mutex_desc                   0x00015a1f   Data          21  cmd.o(.rodata.name)
    __fsym_list_mailbox_name                 0x00015a34   Data          13  cmd.o(.rodata.name)
    __fsym_list_mailbox_desc                 0x00015a41   Data          24  cmd.o(.rodata.name)
    __fsym_list_msgqueue_name                0x00015a59   Data          14  cmd.o(.rodata.name)
    __fsym_list_msgqueue_desc                0x00015a67   Data          29  cmd.o(.rodata.name)
    __fsym_list_mempool_name                 0x00015a84   Data          13  cmd.o(.rodata.name)
    __fsym_list_mempool_desc                 0x00015a91   Data          27  cmd.o(.rodata.name)
    __fsym_list_timer_name                   0x00015aac   Data          11  cmd.o(.rodata.name)
    __fsym_list_timer_desc                   0x00015ab7   Data          21  cmd.o(.rodata.name)
    __fsym_list_device_name                  0x00015acc   Data          12  cmd.o(.rodata.name)
    __fsym_list_device_desc                  0x00015ad8   Data          22  cmd.o(.rodata.name)
    __fsym_list_name                         0x00015aee   Data           5  cmd.o(.rodata.name)
    __fsym_list_desc                         0x00015af3   Data          13  cmd.o(.rodata.name)
    __rt_init_rti_start                      0x00015b00   Data           4  components.o(.rti_fn.0)
    __rt_init_rti_board_start                0x00015b04   Data           4  components.o(.rti_fn.0.end)
    __rt_init_rt_hw_pin_init                 0x00015b08   Data           4  drv_gpio.o(.rti_fn.1)
    __rt_init_rt_wdt_init                    0x00015b0c   Data           4  drv_wdt.o(.rti_fn.1)
    __rt_init_ulog_init                      0x00015b10   Data           4  ulog.o(.rti_fn.1)
    __rt_init_rti_board_end                  0x00015b14   Data           4  components.o(.rti_fn.1.end)
    __rt_init_ulog_console_backend_init      0x00015b18   Data           4  console_be.o(.rti_fn.2)
    __rt_init_mcu_pwm_init                   0x00015b1c   Data           4  drv_pwm.o(.rti_fn.3)
    __rt_init_rt_hw_rtc_init                 0x00015b20   Data           4  drv_rtc.o(.rti_fn.3)
    __rt_init_finsh_system_init              0x00015b24   Data           4  shell.o(.rti_fn.6)
    __rt_init_rti_end                        0x00015b28   Data           4  components.o(.rti_fn.6.end)
    FSymTab$$Base                            0x00015b2c   Number         0  pin.o(FSymTab)
    __fsym_pin                               0x00015b2c   Data          12  pin.o(FSymTab)
    __fsym_pwm                               0x00015b38   Data          12  rt_drv_pwm.o(FSymTab)
    __fsym_date                              0x00015b44   Data          12  rtc.o(FSymTab)
    __fsym_gpio_sample                       0x00015b50   Data          12  drv_gpio.o(FSymTab)
    __fsym_pwm_led_sample                    0x00015b5c   Data          12  drv_pwm.o(FSymTab)
    __fsym_wdt_sample                        0x00015b68   Data          12  drv_wdt.o(FSymTab)
    __fsym_help                              0x00015b74   Data          12  msh.o(FSymTab)
    __fsym_ps                                0x00015b80   Data          12  msh.o(FSymTab)
    __fsym_free                              0x00015b8c   Data          12  msh.o(FSymTab)
    __fsym_clear                             0x00015b98   Data          12  cmd.o(FSymTab)
    __fsym_version                           0x00015ba4   Data          12  cmd.o(FSymTab)
    __fsym_list_thread                       0x00015bb0   Data          12  cmd.o(FSymTab)
    __fsym_list_sem                          0x00015bbc   Data          12  cmd.o(FSymTab)
    __fsym_list_event                        0x00015bc8   Data          12  cmd.o(FSymTab)
    __fsym_list_mutex                        0x00015bd4   Data          12  cmd.o(FSymTab)
    __fsym_list_mailbox                      0x00015be0   Data          12  cmd.o(FSymTab)
    __fsym_list_msgqueue                     0x00015bec   Data          12  cmd.o(FSymTab)
    __fsym_list_mempool                      0x00015bf8   Data          12  cmd.o(FSymTab)
    __fsym_list_timer                        0x00015c04   Data          12  cmd.o(FSymTab)
    __fsym_list_device                       0x00015c10   Data          12  cmd.o(FSymTab)
    __fsym_list                              0x00015c1c   Data          12  cmd.o(FSymTab)
    FSymTab$$Limit                           0x00015c28   Number         0  cmd.o(FSymTab)
    Region$$Table$$Base                      0x00015c28   Number         0  anon$$obj.o(Region$$Table)
    Region$$Table$$Limit                     0x00015c48   Number         0  anon$$obj.o(Region$$Table)
    __ctype                                  0x00015c55   Data           0  lc_ctype_c.o(locale$$data)
    rt_interrupt_from_thread                 0x20000018   Data           4  cpuport.o(.data)
    rt_interrupt_to_thread                   0x2000001c   Data           4  cpuport.o(.data)
    rt_thread_switch_interrupt_flag          0x20000020   Data           4  cpuport.o(.data)
    pwm_dev                                  0x20000134   Data           4  drv_pwm.o(.data)
    m_uart0_cfg                              0x20000144   Data          28  drv_uart.o(.data)
    _syscall_table_begin                     0x200001d4   Data           4  shell.o(.data)
    _syscall_table_end                       0x200001d8   Data           4  shell.o(.data)
    shell                                    0x200001dc   Data           4  shell.o(.data)
    rt_interrupt_nest                        0x200001fc   Data           1  irq.o(.data)
    rt_assert_hook                           0x20000244   Data           4  kservice.o(.data)
    rt_object_trytake_hook                   0x200002f0   Data           4  object.o(.data)
    rt_object_take_hook                      0x200002f4   Data           4  object.o(.data)
    rt_object_put_hook                       0x200002f8   Data           4  object.o(.data)
    rt_thread_ready_priority_group           0x200002fc   Data           4  scheduler.o(.data)
    rt_current_thread                        0x20000304   Data           4  scheduler.o(.data)
    rt_current_priority                      0x20000308   Data           1  scheduler.o(.data)
    SystemCoreClock                          0x20000340   Data           4  system_nrf52.o(.data)
    rt_thread_priority_table                 0x2000076c   Data         256  scheduler.o(.bss)
    __libspace_start                         0x20000cf0   Data          96  libspace.o(.bss)
    __temporary_stack_top$libspace           0x20000d50   Data           0  libspace.o(.bss)
    Image$$RW_IRAM1$$ZI$$Limit               0x20002d50   Number         0  anon$$obj.o ABSOLUTE



==============================================================================

Memory Map of the image

  Image Entry point : 0x00000201

  Load Region LR_IROM1 (Base: 0x00000000, Size: 0x000160c0, Max: 0x00080000, ABSOLUTE, COMPRESSED[0x00015e38])

    Execution Region ER_IROM1 (Base: 0x00000000, Size: 0x00015d58, Max: 0x00080000, ABSOLUTE)

    Base Addr    Size         Type   Attr      Idx    E Section Name        Object

    0x00000000   0x00000200   Data   RO         1755    RESET               arm_startup_nrf52.o
    0x00000200   0x00000008   Code   RO         2149  * !!!main             c_w.l(__main.o)
    0x00000208   0x00000034   Code   RO         2351    !!!scatter          c_w.l(__scatter.o)
    0x0000023c   0x0000005a   Code   RO         2349    !!dczerorl2         c_w.l(__dczerorl2.o)
    0x00000296   0x00000002   PAD
    0x00000298   0x0000001c   Code   RO         2353    !!handler_zi        c_w.l(__scatter_zi.o)
    0x000002b4   0x00000002   Code   RO         2278    .ARM.Collect$$libinit$$00000000  c_w.l(libinit.o)
    0x000002b6   0x00000004   Code   RO         2216    .ARM.Collect$$libinit$$00000001  c_w.l(libinit2.o)
    0x000002ba   0x00000000   Code   RO         2219    .ARM.Collect$$libinit$$00000004  c_w.l(libinit2.o)
    0x000002ba   0x00000000   Code   RO         2222    .ARM.Collect$$libinit$$0000000A  c_w.l(libinit2.o)
    0x000002ba   0x00000000   Code   RO         2224    .ARM.Collect$$libinit$$0000000C  c_w.l(libinit2.o)
    0x000002ba   0x00000000   Code   RO         2226    .ARM.Collect$$libinit$$0000000E  c_w.l(libinit2.o)
    0x000002ba   0x00000006   Code   RO         2227    .ARM.Collect$$libinit$$0000000F  c_w.l(libinit2.o)
    0x000002c0   0x00000000   Code   RO         2229    .ARM.Collect$$libinit$$00000011  c_w.l(libinit2.o)
    0x000002c0   0x0000000c   Code   RO         2230    .ARM.Collect$$libinit$$00000012  c_w.l(libinit2.o)
    0x000002cc   0x00000000   Code   RO         2231    .ARM.Collect$$libinit$$00000013  c_w.l(libinit2.o)
    0x000002cc   0x00000000   Code   RO         2233    .ARM.Collect$$libinit$$00000015  c_w.l(libinit2.o)
    0x000002cc   0x00000000   Code   RO         2235    .ARM.Collect$$libinit$$00000017  c_w.l(libinit2.o)
    0x000002cc   0x00000000   Code   RO         2237    .ARM.Collect$$libinit$$00000019  c_w.l(libinit2.o)
    0x000002cc   0x00000000   Code   RO         2239    .ARM.Collect$$libinit$$0000001B  c_w.l(libinit2.o)
    0x000002cc   0x00000000   Code   RO         2241    .ARM.Collect$$libinit$$0000001D  c_w.l(libinit2.o)
    0x000002cc   0x00000000   Code   RO         2243    .ARM.Collect$$libinit$$0000001F  c_w.l(libinit2.o)
    0x000002cc   0x00000000   Code   RO         2245    .ARM.Collect$$libinit$$00000021  c_w.l(libinit2.o)
    0x000002cc   0x00000000   Code   RO         2247    .ARM.Collect$$libinit$$00000023  c_w.l(libinit2.o)
    0x000002cc   0x00000000   Code   RO         2249    .ARM.Collect$$libinit$$00000025  c_w.l(libinit2.o)
    0x000002cc   0x00000000   Code   RO         2253    .ARM.Collect$$libinit$$0000002C  c_w.l(libinit2.o)
    0x000002cc   0x00000000   Code   RO         2255    .ARM.Collect$$libinit$$0000002E  c_w.l(libinit2.o)
    0x000002cc   0x00000000   Code   RO         2257    .ARM.Collect$$libinit$$00000030  c_w.l(libinit2.o)
    0x000002cc   0x00000000   Code   RO         2259    .ARM.Collect$$libinit$$00000032  c_w.l(libinit2.o)
    0x000002cc   0x00000002   Code   RO         2260    .ARM.Collect$$libinit$$00000033  c_w.l(libinit2.o)
    0x000002ce   0x00000002   Code   RO         2316    .ARM.Collect$$libshutdown$$00000000  c_w.l(libshutdown.o)
    0x000002d0   0x00000000   Code   RO         2332    .ARM.Collect$$libshutdown$$00000002  c_w.l(libshutdown2.o)
    0x000002d0   0x00000000   Code   RO         2334    .ARM.Collect$$libshutdown$$00000004  c_w.l(libshutdown2.o)
    0x000002d0   0x00000000   Code   RO         2337    .ARM.Collect$$libshutdown$$00000007  c_w.l(libshutdown2.o)
    0x000002d0   0x00000000   Code   RO         2340    .ARM.Collect$$libshutdown$$0000000A  c_w.l(libshutdown2.o)
    0x000002d0   0x00000000   Code   RO         2342    .ARM.Collect$$libshutdown$$0000000C  c_w.l(libshutdown2.o)
    0x000002d0   0x00000000   Code   RO         2345    .ARM.Collect$$libshutdown$$0000000F  c_w.l(libshutdown2.o)
    0x000002d0   0x00000002   Code   RO         2346    .ARM.Collect$$libshutdown$$00000010  c_w.l(libshutdown2.o)
    0x000002d2   0x00000000   Code   RO         2167    .ARM.Collect$$rtentry$$00000000  c_w.l(__rtentry.o)
    0x000002d2   0x00000000   Code   RO         2198    .ARM.Collect$$rtentry$$00000002  c_w.l(__rtentry2.o)
    0x000002d2   0x00000006   Code   RO         2210    .ARM.Collect$$rtentry$$00000004  c_w.l(__rtentry4.o)
    0x000002d8   0x00000000   Code   RO         2200    .ARM.Collect$$rtentry$$00000009  c_w.l(__rtentry2.o)
    0x000002d8   0x00000004   Code   RO         2201    .ARM.Collect$$rtentry$$0000000A  c_w.l(__rtentry2.o)
    0x000002dc   0x00000000   Code   RO         2203    .ARM.Collect$$rtentry$$0000000C  c_w.l(__rtentry2.o)
    0x000002dc   0x00000008   Code   RO         2204    .ARM.Collect$$rtentry$$0000000D  c_w.l(__rtentry2.o)
    0x000002e4   0x00000002   Code   RO         2281    .ARM.Collect$$rtexit$$00000000  c_w.l(rtexit.o)
    0x000002e6   0x00000000   Code   RO         2294    .ARM.Collect$$rtexit$$00000002  c_w.l(rtexit2.o)
    0x000002e6   0x00000004   Code   RO         2295    .ARM.Collect$$rtexit$$00000003  c_w.l(rtexit2.o)
    0x000002ea   0x00000006   Code   RO         2296    .ARM.Collect$$rtexit$$00000004  c_w.l(rtexit2.o)
    0x000002f0   0x000000c4   Code   RO            1    .text               main.o
    0x000003b4   0x0000020c   Code   RO          118    .text               syscalls.o
    0x000005c0   0x00000180   Code   RO          209    .text               cstdlib.o
    0x00000740   0x000006d0   Code   RO          239    .text               ctime.o
    0x00000e10   0x0000013c   Code   RO          319    .text               context_rvds.o
    0x00000f4c   0x0000060c   Code   RO          324    .text               cpuport.o
    0x00001558   0x00000288   Code   RO          340    .text               completion.o
    0x000017e0   0x000006b4   Code   RO          458    .text               pin.o
    0x00001e94   0x00000814   Code   RO          480    .text               rt_drv_pwm.o
    0x000026a8   0x000005f8   Code   RO          498    .text               rtc.o
    0x00002ca0   0x00000708   Code   RO          544    .text               serial.o
    0x000033a8   0x00000138   Code   RO          559    .text               watchdog.o
    0x000034e0   0x0000010c   Code   RO          575    .text               board.o
    0x000035ec   0x000005c0   Code   RO          698    .text               drv_gpio.o
    0x00003bac   0x00000454   Code   RO          760    .text               drv_pwm.o
    0x00004000   0x000001e4   Code   RO          798    .text               drv_rtc.o
    0x000041e4   0x000002c4   Code   RO          843    .text               drv_uart.o
    0x000044a8   0x00000104   Code   RO          885    .text               drv_wdt.o
    0x000045ac   0x000009a4   Code   RO          918    .text               shell.o
    0x00004f50   0x000003b8   Code   RO          951    .text               msh.o
    0x00005308   0x000000c8   Code   RO          968    .text               msh_parse.o
    0x000053d0   0x00000fcc   Code   RO          983    .text               cmd.o
    0x0000639c   0x000000cc   Code   RO         1004    .text               clock.o
    0x00006468   0x000000d4   Code   RO         1018    .text               components.o
    0x0000653c   0x000004c0   Code   RO         1037    .text               device.o
    0x000069fc   0x00000194   Code   RO         1050    .text               idle.o
    0x00006b90   0x000021a8   Code   RO         1068    .text               ipc.o
    0x00008d38   0x0000008c   Code   RO         1083    .text               irq.o
    0x00008dc4   0x00000cd4   Code   RO         1098    .text               kservice.o
    0x00009a98   0x00000810   Code   RO         1119    .text               mem.o
    0x0000a2a8   0x00000434   Code   RO         1151    .text               object.o
    0x0000a6dc   0x00000400   Code   RO         1170    .text               scheduler.o
    0x0000aadc   0x00000844   Code   RO         1191    .text               thread.o
    0x0000b320   0x00000888   Code   RO         1211    .text               timer.o
    0x0000bba8   0x00000596   Code   RO         1339    .text               nrfx_pwm.o
    0x0000c13e   0x00000002   PAD
    0x0000c140   0x000026bc   Code   RO         1459    .text               system_nrf52.o
    0x0000e7fc   0x000027d4   Code   RO         1507    .text               nrfx_clock.o
    0x00010fd0   0x00000108   Code   RO         1581    .text               nrfx_wdt.o
    0x000110d8   0x0000041c   Code   RO         1670    .text               nrfx_rtc.o
    0x000114f4   0x00000040   Code   RO         1756    .text               arm_startup_nrf52.o
    0x00011534   0x00000d56   Code   RO         1853    .text               nrfx_gpiote.o
    0x0001228a   0x00000002   PAD
    0x0001228c   0x00000848   Code   RO         2016    .text               nrfx_uart.o
    0x00012ad4   0x00000a94   Code   RO         2069    .text               ulog.o
    0x00013568   0x00000068   Code   RO         2091    .text               console_be.o
    0x000135d0   0x00000002   Code   RO         2109    .text               c_w.l(use_no_semi.o)
    0x000135d2   0x00000002   PAD
    0x000135d4   0x00000010   Code   RO         2111    .text               c_w.l(rt_ctype_table.o)
    0x000135e4   0x000000ee   Code   RO         2115    .text               c_w.l(lludivv7m.o)
    0x000136d2   0x0000001a   Code   RO         2117    .text               c_w.l(tolower.o)
    0x000136ec   0x0000001e   Code   RO         2119    .text               c_w.l(toupper.o)
    0x0001370a   0x0000001a   Code   RO         2121    .text               c_w.l(atoi.o)
    0x00013724   0x00000024   Code   RO         2125    .text               c_w.l(strncat.o)
    0x00013748   0x00000058   Code   RO         2127    .text               c_w.l(memcmp.o)
    0x000137a0   0x00000048   Code   RO         2129    .text               c_w.l(strcpy.o)
    0x000137e8   0x0000003e   Code   RO         2133    .text               c_w.l(strlen.o)
    0x00013826   0x00000096   Code   RO         2135    .text               c_w.l(strncmp.o)
    0x000138bc   0x00000018   Code   RO         2137    .text               c_w.l(strcat.o)
    0x000138d4   0x00000064   Code   RO         2139    .text               c_w.l(rt_memcpy_w.o)
    0x00013938   0x0000004e   Code   RO         2141    .text               c_w.l(rt_memclr_w.o)
    0x00013986   0x00000056   Code   RO         2143    .text               c_w.l(strncpy.o)
    0x000139dc   0x00000080   Code   RO         2145    .text               c_w.l(strcmpv7m.o)
    0x00013a5c   0x00000006   Code   RO         2147    .text               c_w.l(heapauxi.o)
    0x00013a62   0x00000002   PAD
    0x00013a64   0x00000008   Code   RO         2175    .text               c_w.l(rt_locale_intlibspace.o)
    0x00013a6c   0x00000008   Code   RO         2180    .text               c_w.l(rt_errno_addr_intlibspace.o)
    0x00013a74   0x00000070   Code   RO         2182    .text               c_w.l(strtol.o)
    0x00013ae4   0x00000044   Code   RO         2187    .text               c_w.l(rt_memclr.o)
    0x00013b28   0x00000008   Code   RO         2194    .text               c_w.l(libspace.o)
    0x00013b30   0x0000009e   Code   RO         2214    .text               c_w.l(_strtoul.o)
    0x00013bce   0x0000004a   Code   RO         2261    .text               c_w.l(sys_stackheap_outer.o)
    0x00013c18   0x0000001c   Code   RO         2263    .text               c_w.l(_chval.o)
    0x00013c34   0x00000012   Code   RO         2265    .text               c_w.l(exit.o)
    0x00013c46   0x00000002   PAD
    0x00013c48   0x0000002c   Code   RO         2185    locale$$code        c_w.l(lc_ctype_c.o)
    0x00013c74   0x000002b0   Code   RO         2152    x$fpl$ddiv          fz_wm.l(ddiv.o)
    0x00013f24   0x0000005e   Code   RO         2155    x$fpl$dfix          fz_wm.l(dfix.o)
    0x00013f82   0x00000026   Code   RO         2159    x$fpl$dfltu         fz_wm.l(dflt_clz.o)
    0x00013fa8   0x00000154   Code   RO         2165    x$fpl$dmul          fz_wm.l(dmul.o)
    0x000140fc   0x0000009c   Code   RO         2189    x$fpl$dnaninf       fz_wm.l(dnaninf.o)
    0x00014198   0x0000000c   Code   RO         2191    x$fpl$dretinf       fz_wm.l(dretinf.o)
    0x000141a4   0x0000000a   Code   RO         2279    x$fpl$fpinit        fz_wm.l(fpinit.o)
    0x000141ae   0x00000000   Code   RO         2193    x$fpl$usenofp       fz_wm.l(usenofp.o)
    0x000141ae   0x00000065   Data   RO          119    .constdata          syscalls.o
    0x00014213   0x00000001   PAD
    0x00014214   0x0000001a   Data   RO          241    .constdata          ctime.o
    0x0001422e   0x00000013   Data   RO          325    .constdata          cpuport.o
    0x00014241   0x00000039   Data   RO          341    .constdata          completion.o
    0x0001427a   0x00000088   Data   RO          460    .constdata          pin.o
    0x00014302   0x0000002e   Data   RO          499    .constdata          rtc.o
    0x00014330   0x000000c4   Data   RO          545    .constdata          serial.o
    0x000143f4   0x0000004f   Data   RO          560    .constdata          watchdog.o
    0x00014443   0x00000001   PAD
    0x00014444   0x000001a7   Data   RO          699    .constdata          drv_gpio.o
    0x000145eb   0x00000001   PAD
    0x000145ec   0x0000000e   Data   RO          761    .constdata          drv_pwm.o
    0x000145fa   0x00000002   PAD
    0x000145fc   0x00000064   Data   RO          800    .constdata          drv_rtc.o
    0x00014660   0x00000054   Data   RO          845    .constdata          drv_uart.o
    0x000146b4   0x00000087   Data   RO          920    .constdata          shell.o
    0x0001473b   0x0000000e   Data   RO          952    .constdata          msh.o
    0x00014749   0x00000003   PAD
    0x0001474c   0x00000078   Data   RO          984    .constdata          cmd.o
    0x000147c4   0x00000014   Data   RO         1019    .constdata          components.o
    0x000147d8   0x000000ba   Data   RO         1038    .constdata          device.o
    0x00014892   0x0000021b   Data   RO         1069    .constdata          ipc.o
    0x00014aad   0x00000143   Data   RO         1100    .constdata          kservice.o
    0x00014bf0   0x00000045   Data   RO         1120    .constdata          mem.o
    0x00014c35   0x00000080   Data   RO         1152    .constdata          object.o
    0x00014cb5   0x0000004b   Data   RO         1172    .constdata          scheduler.o
    0x00014d00   0x000000bb   Data   RO         1192    .constdata          thread.o
    0x00014dbb   0x0000006c   Data   RO         1213    .constdata          timer.o
    0x00014e27   0x00000001   PAD
    0x00014e28   0x00000004   Data   RO         1855    .constdata          nrfx_gpiote.o
    0x00014e2c   0x000000d5   Data   RO         2071    .constdata          ulog.o
    0x00014f01   0x00000003   PAD
    0x00014f04   0x00000099   Data   RO          242    .conststring        ctime.o
    0x00014f9d   0x00000003   PAD
    0x00014fa0   0x0000011c   Data   RO          461    .conststring        pin.o
    0x000150bc   0x0000010f   Data   RO          481    .conststring        rt_drv_pwm.o
    0x000151cb   0x00000001   PAD
    0x000151cc   0x00000063   Data   RO          546    .conststring        serial.o
    0x0001522f   0x00000001   PAD
    0x00015230   0x00000005   Data   RO          762    .conststring        drv_pwm.o
    0x00015235   0x00000003   PAD
    0x00015238   0x000001e5   Data   RO          985    .conststring        cmd.o
    0x0001541d   0x00000003   PAD
    0x00015420   0x0000015a   Data   RO         1070    .conststring        ipc.o
    0x0001557a   0x00000002   PAD
    0x0001557c   0x000000c8   Data   RO         1101    .conststring        kservice.o
    0x00015644   0x000001a8   Data   RO         1121    .conststring        mem.o
    0x000157ec   0x00000042   Data   RO         1193    .conststring        thread.o
    0x0001582e   0x00000002   PAD
    0x00015830   0x00000024   Data   RO         2072    .conststring        ulog.o
    0x00015854   0x00000011   Data   RO          462    .rodata.name        pin.o
    0x00015865   0x00000011   Data   RO          483    .rodata.name        rt_drv_pwm.o
    0x00015876   0x0000004d   Data   RO          501    .rodata.name        rtc.o
    0x000158c3   0x00000018   Data   RO          701    .rodata.name        drv_gpio.o
    0x000158db   0x0000001a   Data   RO          764    .rodata.name        drv_pwm.o
    0x000158f5   0x00000016   Data   RO          887    .rodata.name        drv_wdt.o
    0x0001590b   0x00000064   Data   RO          953    .rodata.name        msh.o
    0x0001596f   0x00000191   Data   RO          986    .rodata.name        cmd.o
    0x00015b00   0x00000004   Data   RO         1020    .rti_fn.0           components.o
    0x00015b04   0x00000004   Data   RO         1021    .rti_fn.0.end       components.o
    0x00015b08   0x00000004   Data   RO          702    .rti_fn.1           drv_gpio.o
    0x00015b0c   0x00000004   Data   RO          888    .rti_fn.1           drv_wdt.o
    0x00015b10   0x00000004   Data   RO         2074    .rti_fn.1           ulog.o
    0x00015b14   0x00000004   Data   RO         1022    .rti_fn.1.end       components.o
    0x00015b18   0x00000004   Data   RO         2093    .rti_fn.2           console_be.o
    0x00015b1c   0x00000004   Data   RO          765    .rti_fn.3           drv_pwm.o
    0x00015b20   0x00000004   Data   RO          802    .rti_fn.3           drv_rtc.o
    0x00015b24   0x00000004   Data   RO          922    .rti_fn.6           shell.o
    0x00015b28   0x00000004   Data   RO         1023    .rti_fn.6.end       components.o
    0x00015b2c   0x0000000c   Data   RO          463    FSymTab             pin.o
    0x00015b38   0x0000000c   Data   RO          484    FSymTab             rt_drv_pwm.o
    0x00015b44   0x0000000c   Data   RO          502    FSymTab             rtc.o
    0x00015b50   0x0000000c   Data   RO          703    FSymTab             drv_gpio.o
    0x00015b5c   0x0000000c   Data   RO          766    FSymTab             drv_pwm.o
    0x00015b68   0x0000000c   Data   RO          889    FSymTab             drv_wdt.o
    0x00015b74   0x00000024   Data   RO          954    FSymTab             msh.o
    0x00015b98   0x00000090   Data   RO          987    FSymTab             cmd.o
    0x00015c28   0x00000020   Data   RO         2347    Region$$Table       anon$$obj.o
    0x00015c48   0x00000110   Data   RO         2184    locale$$data        c_w.l(lc_ctype_c.o)


    Execution Region RW_IRAM1 (Base: 0x20000000, Size: 0x00002d50, Max: 0x00010000, ABSOLUTE, COMPRESSED[0x000000e0])

    Base Addr    Size         Type   Attr      Idx    E Section Name        Object

    0x20000000   0x00000004   Data   RW            2    .data               main.o
    0x20000004   0x00000014   Data   RW          243    .data               ctime.o
    0x20000018   0x00000010   Data   RW          326    .data               cpuport.o
    0x20000028   0x00000004   Data   RW          482    .data               rt_drv_pwm.o
    0x2000002c   0x00000004   Data   RW          500    .data               rtc.o
    0x20000030   0x00000004   Data   RW          547    .data               serial.o
    0x20000034   0x0000007c   Data   RW          700    .data               drv_gpio.o
    0x200000b0   0x00000088   Data   RW          763    .data               drv_pwm.o
    0x20000138   0x0000000c   Data   RW          801    .data               drv_rtc.o
    0x20000144   0x00000030   Data   RW          846    .data               drv_uart.o
    0x20000174   0x00000060   Data   RW          886    .data               drv_wdt.o
    0x200001d4   0x00000010   Data   RW          921    .data               shell.o
    0x200001e4   0x00000008   Data   RW         1005    .data               clock.o
    0x200001ec   0x00000008   Data   RW         1052    .data               idle.o
    0x200001f4   0x00000009   Data   RW         1084    .data               irq.o
    0x200001fd   0x00000003   PAD
    0x20000200   0x00000048   Data   RW         1102    .data               kservice.o
    0x20000248   0x000000b4   Data   RW         1153    .data               object.o
    0x200002fc   0x00000018   Data   RW         1173    .data               scheduler.o
    0x20000314   0x0000000c   Data   RW         1194    .data               thread.o
    0x20000320   0x00000020   Data   RW         1214    .data               timer.o
    0x20000340   0x00000004   Data   RW         1460    .data               system_nrf52.o
    0x20000344   0x00000008   Data   RW         1508    .data               nrfx_clock.o
    0x2000034c   0x00000002   Data   RW         1582    .data               nrfx_wdt.o
    0x2000034e   0x00000002   PAD
    0x20000350   0x00000018   Data   RW         2073    .data               ulog.o
    0x20000368   0x00000072   Zero   RW          240    .bss                ctime.o
    0x200003da   0x00000002   PAD
    0x200003dc   0x00000044   Zero   RW          459    .bss                pin.o
    0x20000420   0x00000040   Zero   RW          799    .bss                drv_rtc.o
    0x20000460   0x00000054   Zero   RW          844    .bss                drv_uart.o
    0x200004b4   0x00000081   Zero   RW          919    .bss                shell.o
    0x20000535   0x00000003   PAD
    0x20000538   0x00000190   Zero   RW         1051    .bss                idle.o
    0x200006c8   0x000000a4   Zero   RW         1099    .bss                kservice.o
    0x2000076c   0x00000100   Zero   RW         1171    .bss                scheduler.o
    0x2000086c   0x00000280   Zero   RW         1212    .bss                timer.o
    0x20000aec   0x0000000c   Zero   RW         1340    .bss                nrfx_pwm.o
    0x20000af8   0x00000015   Zero   RW         1671    .bss                nrfx_rtc.o
    0x20000b0d   0x00000003   PAD
    0x20000b10   0x00000050   Zero   RW         1854    .bss                nrfx_gpiote.o
    0x20000b60   0x0000002c   Zero   RW         2017    .bss                nrfx_uart.o
    0x20000b8c   0x0000013c   Zero   RW         2070    .bss                ulog.o
    0x20000cc8   0x00000028   Zero   RW         2092    .bss                console_be.o
    0x20000cf0   0x00000060   Zero   RW         2195    .bss                c_w.l(libspace.o)
    0x20000d50   0x00001000   Zero   RW         1754    HEAP                arm_startup_nrf52.o
    0x20001d50   0x00001000   Zero   RW         1753    STACK               arm_startup_nrf52.o


==============================================================================

Image component sizes


      Code (inc. data)   RO Data    RW Data    ZI Data      Debug   Object Name

        64         26        512          0       8192        920   arm_startup_nrf52.o
       268         34          0          0          0      65675   board.o
       204          8          0          8          0       2268   clock.o
      4044       1536       1150          0          0      13566   cmd.o
       648        228         57          0          0       4967   completion.o
       212         42         36          0          0       2582   components.o
       104         14          4          0         40       1890   console_be.o
       316         28          0          0          0        860   context_rvds.o
      1548        738         19         16          0       5095   cpuport.o
       384         28          0          0          0       2705   cstdlib.o
      1744         98        179         20        114       7366   ctime.o
         0          0          0          0          0       2492   dataqueue.o
      1216        284        186          0          0       4735   device.o
      1472         46        463        124          0      47579   drv_gpio.o
      1108        172         61        136          0      10890   drv_pwm.o
       484        138        104         12         64      11360   drv_rtc.o
       708         86         84         48         84       9658   drv_uart.o
       260         26         38         96          0       5378   drv_wdt.o
       404         28          0          8        400       5994   idle.o
      8616       1182        885          0          0      22493   ipc.o
       140         14          0          9          0       2068   irq.o
      3284        336        523         72        164      16285   kservice.o
       196         44          0          4          0      30781   main.o
      2064        672        493          0          0       4857   mem.o
       952        194        150          0          0       4908   msh.o
       200          0          0          0          0       2799   msh_parse.o
     10196        764          0          8          0      68273   nrfx_clock.o
      3414         66          4          0         80      60038   nrfx_gpiote.o
      1430         24          0          0         12      49016   nrfx_pwm.o
      1052         40          0          0         21      11854   nrfx_rtc.o
      2120         44          0          0         44      21150   nrfx_uart.o
       264         12          0          2          0       6303   nrfx_wdt.o
      1076        202        128        180          0       9801   object.o
      1716        470        449          0         68       7144   pin.o
      2068        822        300          4          0       6484   rt_drv_pwm.o
      1528        506        135          4          0      19531   rtc.o
      1024        150         75         24        256       7711   scheduler.o
      1800        202        295          4          0       6837   serial.o
      2468        226        139         16        129       7899   shell.o
       524        116        101          0          0       5464   syscalls.o
      9916        812          0          4          0      57911   system_nrf52.o
      2116        428        253         12          0      11072   thread.o
      2184        382        108         32        640       8099   timer.o
      2708        256        253         24        316      12622   ulog.o
       312        102         79          0          0       2358   watchdog.o
         0          0          0          0          0       2464   workqueue.o

    ----------------------------------------------------------------------
     78560      11626       7322        872      10632     672202   Object Totals
         0          0         32          0          0          0   (incl. Generated)
         4          0         27          5          8          0   (incl. Padding)

    ----------------------------------------------------------------------

      Code (inc. data)   RO Data    RW Data    ZI Data      Debug   Library Member Name

        90          0          0          0          0          0   __dczerorl2.o
         8          0          0          0          0         68   __main.o
         0          0          0          0          0          0   __rtentry.o
        12          0          0          0          0          0   __rtentry2.o
         6          0          0          0          0          0   __rtentry4.o
        52          8          0          0          0          0   __scatter.o
        28          0          0          0          0          0   __scatter_zi.o
        28          0          0          0          0         68   _chval.o
       158          0          0          0          0         92   _strtoul.o
        26          0          0          0          0         80   atoi.o
        18          0          0          0          0         80   exit.o
         6          0          0          0          0        152   heapauxi.o
        44         10        272          0          0         76   lc_ctype_c.o
         2          0          0          0          0          0   libinit.o
        24          0          0          0          0          0   libinit2.o
         2          0          0          0          0          0   libshutdown.o
         2          0          0          0          0          0   libshutdown2.o
         8          4          0          0         96         68   libspace.o
       238          0          0          0          0        100   lludivv7m.o
        88          0          0          0          0         76   memcmp.o
        16          4          0          0          0         76   rt_ctype_table.o
         8          4          0          0          0         68   rt_errno_addr_intlibspace.o
         8          4          0          0          0         68   rt_locale_intlibspace.o
        68          0          0          0          0         68   rt_memclr.o
        78          0          0          0          0         80   rt_memclr_w.o
       100          0          0          0          0         80   rt_memcpy_w.o
         2          0          0          0          0          0   rtexit.o
        10          0          0          0          0          0   rtexit2.o
        24          0          0          0          0         68   strcat.o
       128          0          0          0          0         68   strcmpv7m.o
        72          0          0          0          0         80   strcpy.o
        62          0          0          0          0         76   strlen.o
        36          0          0          0          0         76   strncat.o
       150          0          0          0          0         80   strncmp.o
        86          0          0          0          0         76   strncpy.o
       112          0          0          0          0         88   strtol.o
        74          0          0          0          0         80   sys_stackheap_outer.o
        26          0          0          0          0         76   tolower.o
        30          0          0          0          0         76   toupper.o
         2          0          0          0          0         68   use_no_semi.o
       688        140          0          0          0        256   ddiv.o
        94          4          0          0          0        140   dfix.o
        38          0          0          0          0        116   dflt_clz.o
       340         12          0          0          0        152   dmul.o
       156          4          0          0          0        140   dnaninf.o
        12          0          0          0          0        116   dretinf.o
        10          0          0          0          0        116   fpinit.o
         0          0          0          0          0          0   usenofp.o

    ----------------------------------------------------------------------
      3278        194        272          0         96       3248   Library Totals
         8          0          0          0          0          0   (incl. Padding)

    ----------------------------------------------------------------------

      Code (inc. data)   RO Data    RW Data    ZI Data      Debug   Library Name

      1932         34        272          0         96       2212   c_w.l
      1338        160          0          0          0       1036   fz_wm.l

    ----------------------------------------------------------------------
      3278        194        272          0         96       3248   Library Totals

    ----------------------------------------------------------------------

==============================================================================


      Code (inc. data)   RO Data    RW Data    ZI Data      Debug   

     81838      11820       7594        872      10728     665902   Grand Totals
     81838      11820       7594        224      10728     665902   ELF Image Totals (compressed)
     81838      11820       7594        224          0          0   ROM Totals

==============================================================================

    Total RO  Size (Code + RO Data)                89432 (  87.34kB)
    Total RW  Size (RW Data + ZI Data)             11600 (  11.33kB)
    Total ROM Size (Code + RO Data + RW Data)      89656 (  87.55kB)

==============================================================================

