<html>
<body>
<pre>
<h1>µVision Build Log</h1>
<h2>Tool Versions:</h2>
IDE-Version: ¦ÌVision V5.38.0.0
Copyright (C) 2022 ARM Ltd and ARM Germany GmbH. All rights reserved.
License Information: 1 860527203@qq.com, 1, LIC=MPPLD-88ZZL-CXBU6-DSRRY-IFF8W-1VI2I
 
Tool Versions:
Toolchain:       MDK-ARM Plus  Version: 5.38.0.0
Toolchain Path:  D:\Keil_v5\ARM\ARMCLANG\Bin
C Compiler:      ArmClang.exe V6.19
Assembler:       Armasm.exe V6.19
Linker/Locator:  ArmLink.exe V6.19
Library Manager: ArmAr.exe V6.19
Hex Converter:   FromElf.exe V6.19
CPU DLL:         SARMCM3.DLL V5.38.0.0
Dialog DLL:      DCM.DLL V1.17.5.0
Target DLL:      Segger\JL2CM3.dll V2.99.42.0
Dialog DLL:      TCM.DLL V1.56.4.0
 
<h2>Project:</h2>
D:\RT-ThreadStudio\workspace\rtt_nrf52832_qingfeng\project.uvprojx
Project File Date:  02/06/2023

<h2>Output:</h2>
*** Using Compiler 'V6.19', folder: 'D:\Keil_v5\ARM\ARMCLANG\Bin'
Rebuild target 'rtthread'
compiling cstdio.c...
compiling main.c...
compiling syscalls.c...
compiling syscall_mem.c...
compiling cctype.c...
compiling div0.c...
compiling backtrace.c...
compiling cwchar.c...
compiling cstdlib.c...
compiling cstring.c...
assembling context_rvds.S...
compiling showmem.c...
compiling ctime.c...
compiling cpuport.c...
compiling completion.c...
compiling hwtimer.c...
compiling pipe.c...
compiling dataqueue.c...
compiling ringblk_buf.c...
compiling waitqueue.c...
compiling adc.c...
compiling workqueue.c...
compiling ringbuffer.c...
compiling rt_drv_pwm.c...
compiling pin.c...
compiling lptimer.c...
compiling rtc.c...
compiling serial.c...
compiling spi_core.c...
compiling spi_dev.c...
compiling pm.c...
compiling watchdog.c...
compiling sfud.c...
compiling board.c...
libraries/drivers/drv_flash.c(22): warning: 'LOG_TAG' macro redefined [-Wmacro-redefined]
#define LOG_TAG                "drv.flash"
        ^
rt-thread/components/utilities/ulog/ulog_def.h(64): note: previous definition is here
        #define LOG_TAG                "NO_TAG"
                ^
1 warning generated.
compiling drv_flash.c...
compiling drv_adc.c...
compiling spi_flash_sfud.c...
compiling drv_hwtimer.c...
compiling drv_gpio.c...
compiling drv_pwm.c...
compiling drv_rtc.c...
libraries/drivers/drv_wdt.c(88): warning: non-void function does not return a value [-Wreturn-type]
}
^
1 warning generated.
compiling drv_wdt.c...
compiling drv_uart.c...
libraries/drivers/drv_spi.c(19): warning: 'LOG_TAG' macro redefined [-Wmacro-redefined]
#define LOG_TAG                "drv.spi"
        ^
rt-thread/components/utilities/ulog/ulog_def.h(64): note: previous definition is here
        #define LOG_TAG                "NO_TAG"
                ^
1 warning generated.
compiling drv_spi.c...
compiling fal_flash.c...
compiling fal.c...
compiling msh.c...
compiling msh_parse.c...
compiling fal_partition.c...
compiling shell.c...
compiling fal_rtt.c...
compiling clock.c...
compiling components.c...
compiling idle.c...
compiling device.c...
compiling irq.c...
compiling cmd.c...
compiling mem.c...
compiling mempool.c...
compiling object.c...
compiling scheduler.c...
compiling thread.c...
compiling nrfx_qspi.c...
compiling kservice.c...
compiling timer.c...
compiling nrfx_pdm.c...
compiling nrfx_pwm.c...
compiling ipc.c...
compiling nrfx_uart.c...
compiling nrfx_ipc.c...
compiling nrfx_spis.c...
compiling nrfx_timer.c...
compiling nrfx_saadc.c...
compiling nrfx_rtc.c...
compiling nrfx_usbd.c...
compiling nrfx_ppi.c...
compiling nrfx_spim.c...
compiling nrfx_uarte.c...
compiling nrfx_nfct.c...
compiling nrfx_dppi.c...
compiling system_nrf52.c...
compiling nrfx_wdt.c...
compiling nrfx_lpcomp.c...
compiling nrfx_twi.c...
compiling nrfx_rng.c...
compiling nrfx_nvmc.c...
compiling nrfx_i2s.c...
compiling nrfx_systick.c...
compiling nrfx_twi_twim.c...
compiling nrfx_spi.c...
compiling nrfx_power.c...
compiling nrfx_usbreg.c...
compiling nrfx_twis.c...
compiling nrfx_qdec.c...
compiling nrfx_comp.c...
compiling nrfx_twim.c...
assembling arm_startup_nrf52.s...
compiling nrfx_gpiote.c...
compiling nrfx_egu.c...
compiling nrfx_temp.c...
compiling nrfx_adc.c...
compiling nrfx_clock.c...
compiling flash_utest.c...
compiling console_be.c...
compiling pin_utest.c...
compiling utest.c...
compiling hwtimer_demo.c...
compiling pin_demo.c...
compiling flash_demo.c...
compiling rng_demo.c...
compiling saadc_demo.c...
compiling ulog.c...
compiling spi_demo.c...
compiling watchdog_demo.c...
compiling uart_demo.c...
linking...
Program Size: Code=82024 RO-data=18320 RW-data=1200 ZI-data=13904  
After Build - User command #1: fromelf --bin .\build\rtthread.axf --output rtthread.bin
".\build\rtthread.axf" - 0 Error(s), 3 Warning(s).

<h2>Software Packages used:</h2>

Package Vendor: NordicSemiconductor
                http://developer.nordicsemi.com/nRF5_SDK/pieces/nRF_DeviceFamilyPack/NordicSemiconductor.nRF_DeviceFamilyPack.8.32.1.pack
                NordicSemiconductor.nRF_DeviceFamilyPack.8.32.1
                Nordic Semiconductor nRF ARM devices Device Family Pack with BSD license.

<h2>Collection of Component include folders:</h2>
  D:/APPDATA/Arm/PACK/NordicSemiconductor/nRF_DeviceFamilyPack/8.32.1/Device/Include

<h2>Collection of Component Files used:</h2>
Build Time Elapsed:  00:00:04
</pre>
</body>
</html>
