Component: Arm Compiler for Embedded 6.19 Tool: armlink [5e73cb00]

==============================================================================

Section Cross References

    main.o(.text.main) refers to pin.o(.text.rt_pin_mode) for rt_pin_mode
    main.o(.text.main) refers to pin.o(.text.rt_pin_write) for rt_pin_write
    main.o(.text.main) refers to thread.o(.text.rt_thread_mdelay) for rt_thread_mdelay
    main.o(.ARM.exidx.text.main) refers to main.o(.text.main) for [Anonymous Symbol]
    syscall_mem.o(.text.malloc) refers to kservice.o(.text.rt_malloc) for rt_malloc
    syscall_mem.o(.ARM.exidx.text.malloc) refers to syscall_mem.o(.text.malloc) for [Anonymous Symbol]
    syscall_mem.o(.text.realloc) refers to kservice.o(.text.rt_realloc) for rt_realloc
    syscall_mem.o(.ARM.exidx.text.realloc) refers to syscall_mem.o(.text.realloc) for [Anonymous Symbol]
    syscall_mem.o(.text.calloc) refers to kservice.o(.text.rt_calloc) for rt_calloc
    syscall_mem.o(.ARM.exidx.text.calloc) refers to syscall_mem.o(.text.calloc) for [Anonymous Symbol]
    syscall_mem.o(.text.free) refers to kservice.o(.text.rt_free) for rt_free
    syscall_mem.o(.ARM.exidx.text.free) refers to syscall_mem.o(.text.free) for [Anonymous Symbol]
    syscalls.o(.text) refers (Special) to use_no_semi_2.o(.text) for __use_no_semihosting
    syscalls.o(.text._sys_open) refers (Special) to use_no_semi_2.o(.text) for __use_no_semihosting
    syscalls.o(.text._sys_open) refers to syscalls.o(.rodata.__stdin_name) for __stdin_name
    syscalls.o(.text._sys_open) refers to strcmpv7em.o(.text) for strcmp
    syscalls.o(.text._sys_open) refers to syscalls.o(.rodata.__stdout_name) for __stdout_name
    syscalls.o(.text._sys_open) refers to syscalls.o(.rodata.__stderr_name) for __stderr_name
    syscalls.o(.text._sys_open) refers to syscalls.o(.rodata.str1.1) for .L.str.2
    syscalls.o(.text._sys_open) refers to ulog.o(.text.ulog_output) for ulog_output
    syscalls.o(.ARM.exidx.text._sys_open) refers (Special) to use_no_semi_2.o(.text) for __use_no_semihosting
    syscalls.o(.ARM.exidx.text._sys_open) refers to syscalls.o(.text._sys_open) for [Anonymous Symbol]
    syscalls.o(.text._sys_close) refers (Special) to use_no_semi_2.o(.text) for __use_no_semihosting
    syscalls.o(.text._sys_close) refers to syscalls.o(.rodata.str1.1) for .L.str.2
    syscalls.o(.text._sys_close) refers to ulog.o(.text.ulog_output) for ulog_output
    syscalls.o(.ARM.exidx.text._sys_close) refers (Special) to use_no_semi_2.o(.text) for __use_no_semihosting
    syscalls.o(.ARM.exidx.text._sys_close) refers to syscalls.o(.text._sys_close) for [Anonymous Symbol]
    syscalls.o(.text._sys_read) refers (Special) to use_no_semi_2.o(.text) for __use_no_semihosting
    syscalls.o(.text._sys_read) refers to syscalls.o(.rodata.str1.1) for .L.str.2
    syscalls.o(.text._sys_read) refers to ulog.o(.text.ulog_output) for ulog_output
    syscalls.o(.ARM.exidx.text._sys_read) refers (Special) to use_no_semi_2.o(.text) for __use_no_semihosting
    syscalls.o(.ARM.exidx.text._sys_read) refers to syscalls.o(.text._sys_read) for [Anonymous Symbol]
    syscalls.o(.text._sys_write) refers (Special) to use_no_semi_2.o(.text) for __use_no_semihosting
    syscalls.o(.text._sys_write) refers to kservice.o(.text.rt_console_get_device) for rt_console_get_device
    syscalls.o(.text._sys_write) refers to device.o(.text.rt_device_write) for rt_device_write
    syscalls.o(.text._sys_write) refers to syscalls.o(.rodata.str1.1) for .L.str.2
    syscalls.o(.text._sys_write) refers to ulog.o(.text.ulog_output) for ulog_output
    syscalls.o(.ARM.exidx.text._sys_write) refers (Special) to use_no_semi_2.o(.text) for __use_no_semihosting
    syscalls.o(.ARM.exidx.text._sys_write) refers to syscalls.o(.text._sys_write) for [Anonymous Symbol]
    syscalls.o(.text._sys_ensure) refers (Special) to use_no_semi_2.o(.text) for __use_no_semihosting
    syscalls.o(.text._sys_ensure) refers to syscalls.o(.rodata.str1.1) for .L.str.2
    syscalls.o(.text._sys_ensure) refers to ulog.o(.text.ulog_output) for ulog_output
    syscalls.o(.ARM.exidx.text._sys_ensure) refers (Special) to use_no_semi_2.o(.text) for __use_no_semihosting
    syscalls.o(.ARM.exidx.text._sys_ensure) refers to syscalls.o(.text._sys_ensure) for [Anonymous Symbol]
    syscalls.o(.text._sys_seek) refers (Special) to use_no_semi_2.o(.text) for __use_no_semihosting
    syscalls.o(.text._sys_seek) refers to syscalls.o(.rodata.str1.1) for .L.str.2
    syscalls.o(.text._sys_seek) refers to ulog.o(.text.ulog_output) for ulog_output
    syscalls.o(.ARM.exidx.text._sys_seek) refers (Special) to use_no_semi_2.o(.text) for __use_no_semihosting
    syscalls.o(.ARM.exidx.text._sys_seek) refers to syscalls.o(.text._sys_seek) for [Anonymous Symbol]
    syscalls.o(.text._sys_tmpnam) refers (Special) to use_no_semi_2.o(.text) for __use_no_semihosting
    syscalls.o(.text._sys_tmpnam) refers to kservice.o(.text.rt_snprintf) for rt_snprintf
[...]
    0x000014b8   0x000014b8   0x00000060   Code   RO         2087    .text.TIMER2_IRQHandler  nrfx_timer.o
    0x00001518   0x00001518   0x00000060   Code   RO         2089    .text.TIMER3_IRQHandler  nrfx_timer.o
    0x00001578   0x00001578   0x00000060   Code   RO         2091    .text.TIMER4_IRQHandler  nrfx_timer.o
    0x000015d8   0x000015d8   0x000001a4   Code   RO         2006    .text.UARTE0_UART0_IRQHandler  nrfx_uart.o
    0x0000177c   0x0000177c   0x00000038   Code   RO         1708    .text.__rt_ffs      kservice.o
    0x000017b4   0x000017b4   0x00000050   Code   RO           78    .text.__rt_libc_exit  cstdlib.o
    0x00001804   0x00001804   0x00000096   Code   RO          480    .text._adc_control  adc.o
    0x0000189a   0x0000189a   0x00000002   PAD
    0x0000189c   0x0000189c   0x00000032   Code   RO          478    .text._adc_read     adc.o
    0x000018ce   0x000018ce   0x00000002   PAD
    0x000018d0   0x000018d0   0x000002dc   Code   RO          526    .text._pin_cmd      pin.o
    0x00001bac   0x00001bac   0x00000092   Code   RO          528    .text._pin_cmd_conv  pin.o
    0x00001c3e   0x00001c3e   0x00000002   PAD
    0x00001c40   0x00001c40   0x00000044   Code   RO          510    .text._pin_control  pin.o
    0x00001c84   0x00001c84   0x00000044   Code   RO          506    .text._pin_read     pin.o
    0x00001cc8   0x00001cc8   0x00000044   Code   RO          508    .text._pin_write    pin.o
    0x00001d0c   0x00001d0c   0x0000000e   Code   RO          548    .text._pwm_control  rt_drv_pwm.o
    0x00001d1a   0x00001d1a   0x00000002   PAD
    0x00001d1c   0x00001d1c   0x00000038   Code   RO          544    .text._pwm_read     rt_drv_pwm.o
    0x00001d54   0x00001d54   0x00000050   Code   RO          546    .text._pwm_write    rt_drv_pwm.o
    0x00001da4   0x00001da4   0x0000004a   Code   RO          838    .text._spi_bus_device_read  spi_dev.o
    0x00001dee   0x00001dee   0x00000002   PAD
    0x00001df0   0x00001df0   0x0000004a   Code   RO          840    .text._spi_bus_device_write  spi_dev.o
    0x00001e3a   0x00001e3a   0x00000002   PAD
    0x00001e3c   0x00001e3c   0x00000004   Code   RO          848    .text._spidev_device_control  spi_dev.o
    0x00001e40   0x00001e40   0x0000004a   Code   RO          844    .text._spidev_device_read  spi_dev.o
    0x00001e8a   0x00001e8a   0x00000002   PAD
    0x00001e8c   0x00001e8c   0x0000004a   Code   RO          846    .text._spidev_device_write  spi_dev.o
    0x00001ed6   0x00001ed6   0x00000002   PAD
    0x00001ed8   0x00001ed8   0x0000000a   Code   RO           45    .text._sys_exit     syscalls.o
    0x00001ee2   0x00001ee2   0x00000002   PAD
    0x00001ee4   0x00001ee4   0x0000003a   Code   RO         1897    .text._thread_exit  thread.o
    0x00001f1e   0x00001f1e   0x00000002   PAD
    0x00001f20   0x00001f20   0x000000d0   Code   RO         1867    .text._thread_init  thread.o
    0x00001ff0   0x00001ff0   0x000000c8   Code   RO         1899    .text._thread_timeout  thread.o
    0x000020b8   0x000020b8   0x00000052   Code   RO         1941    .text._timer_thread_entry  timer.o
    0x0000210a   0x0000210a   0x00000002   PAD
    0x0000210c   0x0000210c   0x000000fc   Code   RO         1140    .text._uart_cfg     drv_uart.o
    0x00002208   0x00002208   0x00000084   Code   RO         1142    .text._uart_ctrl    drv_uart.o
    0x0000228c   0x0000228c   0x00000058   Code   RO         1146    .text._uart_getc    drv_uart.o
    0x000022e4   0x000022e4   0x0000005c   Code   RO         1144    .text._uart_putc    drv_uart.o
    0x00002340   0x00002340   0x000002c0   Code   RO          490    .text.adc           adc.o
    0x00002600   0x00002600   0x000000e4   Code   RO         2664    .text.adc_vol_sample  saadc_demo.o
    0x000026e4   0x000026e4   0x00000254   Code   RO          156    .text.asctime_r     ctime.o
    0x00002938   0x00002938   0x00000016   Code   RO          990    .text.button_1_callback  drv_gpio.o
    0x0000294e   0x0000294e   0x00000002   PAD
    0x00002950   0x00002950   0x00000016   Code   RO          992    .text.button_2_callback  drv_gpio.o
    0x00002966   0x00002966   0x00000002   PAD
    0x00002968   0x00002968   0x00000016   Code   RO          994    .text.button_3_callback  drv_gpio.o
    0x0000297e   0x0000297e   0x00000002   PAD
    0x00002980   0x00002980   0x00000016   Code   RO          996    .text.button_4_callback  drv_gpio.o
    0x00002996   0x00002996   0x00000002   PAD
    0x00002998   0x00002998   0x00000100   Code   RO         1245    .text.check_and_update_part_cache  fal_partition.o
    0x00002a98   0x00002a98   0x00000014   Code   RO         1353    .text.clear         cmd.o
    0x00002aac   0x00002aac   0x00000002   Code   RO          925    .text.clk_event_handler  board.o
    0x00002aae   0x00002aae   0x00000002   PAD
    0x00002ab0   0x00002ab0   0x00000080   Code   RO         1320    .text.cmd_free      msh.o
    0x00002b30   0x00002b30   0x000001ec   Code   RO         1375    .text.cmd_list      cmd.o
    0x00002d1c   0x00002d1c   0x0000000a   Code   RO         1318    .text.cmd_ps        msh.o
    0x00002d26   0x00002d26   0x00000002   PAD
    0x00002d28   0x00002d28   0x0000003c   Code   RO          162    .text.ctime         ctime.o
    0x00002d64   0x00002d64   0x000000a4   Code   RO         2710    .text.data_parsing  uart_demo.o
    0x00002e08   0x00002e08   0x00000230   Code   RO          727    .text.date          rtc.o
    0x00003038   0x00003038   0x00000108   Code   RO         2559    .text.do_output     ulog.o
    0x00003140   0x00003140   0x000000e2   Code   RO         1065    .text.drv_pwm_control  drv_pwm.o
    0x00003222   0x00003222   0x00000002   PAD
    0x00003224   0x00003224   0x00000814   Code   RO         1225    .text.fal           fal_rtt.o
    0x00003a38   0x00003a38   0x0000006c   Code   RO         1185    .text.fal_flash_device_find  fal_flash.o
    0x00003aa4   0x00003aa4   0x00000004   Code   RO          976    .text.fal_flash_erase  drv_flash.o
    0x00003aa8   0x00003aa8   0x00000128   Code   RO         1183    .text.fal_flash_init  fal_flash.o
    0x00003bd0   0x00003bd0   0x00000048   Code   RO          972    .text.fal_flash_read  drv_flash.o
    0x00003c18   0x00003c18   0x00000070   Code   RO          974    .text.fal_flash_write  drv_flash.o
    0x00003c88   0x00003c88   0x000000ec   Code   RO         1197    .text.fal_init      fal.o
    0x00003d74   0x00003d74   0x0000000c   Code   RO         1199    .text.fal_init_check  fal.o
    0x00003d80   0x00003d80   0x000001a0   Code   RO         1257    .text.fal_partition_erase  fal_partition.o
    0x00003f20   0x00003f20   0x00000074   Code   RO         1247    .text.fal_partition_find  fal_partition.o
    0x00003f94   0x00003f94   0x00000042   Code   RO         1243    .text.fal_partition_init  fal_partition.o
    0x00003fd6   0x00003fd6   0x00000002   PAD
    0x00003fd8   0x00003fd8   0x000001c4   Code   RO         1253    .text.fal_partition_read  fal_partition.o
    0x0000419c   0x0000419c   0x000001c8   Code   RO         1255    .text.fal_partition_write  fal_partition.o
    0x00004364   0x00004364   0x000001c8   Code   RO         1241    .text.fal_show_part_table  fal_partition.o
    0x0000452c   0x0000452c   0x00000094   Code   RO         1283    .text.finsh_getchar  shell.o
    0x000045c0   0x000045c0   0x00000038   Code   RO         1287    .text.finsh_rx_ind  shell.o
    0x000045f8   0x000045f8   0x000000cc   Code   RO         1285    .text.finsh_set_device  shell.o
    0x000046c4   0x000046c4   0x000000d8   Code   RO         1299    .text.finsh_system_init  shell.o
    0x0000479c   0x0000479c   0x000005f0   Code   RO         1295    .text.finsh_thread_entry  shell.o
    0x00004d8c   0x00004d8c   0x000000d8   Code   RO         2604    .text.flash_sample  flash_demo.o
    0x00004e64   0x00004e64   0x00000036   Code   RO          725    .text.get_timestamp  rtc.o
    0x00004e9a   0x00004e9a   0x00000002   PAD
    0x00004e9c   0x00004e9c   0x00000084   Code   RO          168    .text.get_timeval   ctime.o
    0x00004f20   0x00004f20   0x00000034   Code   RO          176    .text.gettimeofday  ctime.o
    0x00004f54   0x00004f54   0x00000182   Code   RO          140    .text.gmtime_r      ctime.o
    0x000050d6   0x000050d6   0x00000002   PAD
    0x000050d8   0x000050d8   0x000000ae   Code   RO          998    .text.gpio_sample   drv_gpio.o
    0x00005186   0x00005186   0x00000002   PAD
    0x00005188   0x00005188   0x00000168   Code   RO         2343    .text.gpiote_in_init  nrfx_gpiote.o
    0x000052f0   0x000052f0   0x00000144   Code   RO         2615    .text.hwtimer_sample  hwtimer_demo.o
    0x00005434   0x00005434   0x00000030   Code   RO         2737    .text.idle_hook     watchdog_demo.o
    0x00005464   0x00005464   0x000000a8   Code   RO         2254    .text.irq_handler   nrfx_spi.o
    0x0000550c   0x0000550c   0x0000014c   Code   RO         1373    .text.list_device   cmd.o
    0x00005658   0x00005658   0x000001b4   Code   RO         1361    .text.list_event    cmd.o
    0x0000580c   0x0000580c   0x000001e0   Code   RO         1365    .text.list_mailbox  cmd.o
    0x000059ec   0x000059ec   0x000001e8   Code   RO         1369    .text.list_mempool  cmd.o
    0x00005bd4   0x00005bd4   0x000001c0   Code   RO         1367    .text.list_msgqueue  cmd.o
    0x00005d94   0x00005d94   0x00000148   Code   RO         1363    .text.list_mutex    cmd.o
    0x00005edc   0x00005edc   0x000001bc   Code   RO         1359    .text.list_sem      cmd.o
    0x00006098   0x00006098   0x000001d0   Code   RO         1357    .text.list_thread   cmd.o
    0x00006268   0x00006268   0x000001b4   Code   RO         1371    .text.list_timer    cmd.o
    0x0000641c   0x0000641c   0x00000026   Code   RO          146    .text.localtime_r   ctime.o
    0x00006442   0x00006442   0x00000002   PAD
    0x00006444   0x00006444   0x000000e8   Code   RO          588    .text.lptimer_dump  lptimer.o
    0x0000652c   0x0000652c   0x0000002a   Code   RO            2    .text.main          main.o
    0x00006556   0x00006556   0x00000002   PAD
    0x00006558   0x00006558   0x00000032   Code   RO         1438    .text.main_thread_entry  components.o
    0x0000658a   0x0000658a   0x00000002   PAD
    0x0000658c   0x0000658c   0x00000114   Code   RO          970    .text.mcu_flash_erase  drv_flash.o
    0x000066a0   0x000066a0   0x00000148   Code   RO         1061    .text.mcu_pwm_init  drv_pwm.o
    0x000067e8   0x000067e8   0x00000020   Code   RO          152    .text.mktime        ctime.o
    0x00006808   0x00006808   0x00000110   Code   RO         1324    .text.msh_auto_complete  msh.o
    0x00006918   0x00006918   0x00000208   Code   RO         1322    .text.msh_exec      msh.o
    0x00006b20   0x00006b20   0x0000005a   Code   RO         1316    .text.msh_help      msh.o
    0x00006b7a   0x00006b7a   0x00000002   PAD
    0x00006b7c   0x00006b7c   0x0000003e   Code   RO         1339    .text.msh_isint     msh_parse.o
    0x00006bba   0x00006bba   0x00000002   PAD
    0x00006bbc   0x00006bbc   0x00000254   Code   RO          943    .text.nrf5x_adc_enabled  drv_adc.o
    0x00006e10   0x00006e10   0x0000004a   Code   RO          945    .text.nrf5x_get_adc_value  drv_adc.o
    0x00006e5a   0x00006e5a   0x00000002   PAD
    0x00006e5c   0x00006e5c   0x0000008c   Code   RO         1032    .text.nrf5x_hwtimer_init  drv_hwtimer.o
    0x00006ee8   0x00006ee8   0x00000154   Code   RO         1006    .text.nrf5x_pin_attach_irq  drv_gpio.o
    0x0000703c   0x0000703c   0x0000007a   Code   RO         1008    .text.nrf5x_pin_dettach_irq  drv_gpio.o
    0x000070b6   0x000070b6   0x00000002   PAD
    0x000070b8   0x000070b8   0x0000007c   Code   RO         1010    .text.nrf5x_pin_irq_enable  drv_gpio.o
    0x00007134   0x00007134   0x00000054   Code   RO         1000    .text.nrf5x_pin_mode  drv_gpio.o
    0x00007188   0x00007188   0x00000038   Code   RO         1004    .text.nrf5x_pin_read  drv_gpio.o
    0x000071c0   0x000071c0   0x0000003e   Code   RO         1002    .text.nrf5x_pin_write  drv_gpio.o
    0x000071fe   0x000071fe   0x00000002   PAD
    0x00007200   0x00007200   0x00000050   Code   RO          947    .text.nrf5x_saadc_event_hdr  drv_adc.o
    0x00007250   0x00007250   0x00000030   Code   RO         2412    .text.nrfx_clock_enable  nrfx_clock.o
    0x00007280   0x00007280   0x00000036   Code   RO         2410    .text.nrfx_clock_init  nrfx_clock.o
    0x000072b6   0x000072b6   0x00000002   PAD
    0x000072b8   0x000072b8   0x0000005c   Code   RO         2430    .text.nrfx_clock_irq_handler  nrfx_clock.o
    0x00007314   0x00007314   0x00000080   Code   RO         2420    .text.nrfx_clock_start  nrfx_clock.o
    0x00007394   0x00007394   0x00000056   Code   RO         2349    .text.nrfx_gpiote_in_event_disable  nrfx_gpiote.o
    0x000073ea   0x000073ea   0x00000002   PAD
    0x000073ec   0x000073ec   0x000000aa   Code   RO         2347    .text.nrfx_gpiote_in_event_enable  nrfx_gpiote.o
    0x00007496   0x00007496   0x00000002   PAD
    0x00007498   0x00007498   0x00000016   Code   RO         2341    .text.nrfx_gpiote_in_init  nrfx_gpiote.o
    0x000074ae   0x000074ae   0x00000002   PAD
    0x000074b0   0x000074b0   0x000000d6   Code   RO         2299    .text.nrfx_gpiote_in_uninit  nrfx_gpiote.o
    0x00007586   0x00007586   0x00000002   PAD
    0x00007588   0x00007588   0x0000008a   Code   RO         2291    .text.nrfx_gpiote_init  nrfx_gpiote.o
    0x00007612   0x00007612   0x00000002   PAD
    0x00007614   0x00007614   0x000000b8   Code   RO         2204    .text.nrfx_nvmc_bytes_write  nrfx_nvmc.o
    0x000076cc   0x000076cc   0x00000044   Code   RO         2184    .text.nrfx_nvmc_page_erase  nrfx_nvmc.o
    0x00007710   0x00007710   0x00000044   Code   RO         2206    .text.nrfx_nvmc_words_write  nrfx_nvmc.o
    0x00007754   0x00007754   0x0000014e   Code   RO         1961    .text.nrfx_pwm_init  nrfx_pwm.o
    0x000078a2   0x000078a2   0x00000002   PAD
    0x000078a4   0x000078a4   0x000000be   Code   RO         1965    .text.nrfx_pwm_simple_playback  nrfx_pwm.o
    0x00007962   0x00007962   0x00000002   PAD
    0x00007964   0x00007964   0x00000064   Code   RO         1969    .text.nrfx_pwm_stop  nrfx_pwm.o
    0x000079c8   0x000079c8   0x0000006c   Code   RO         2224    .text.nrfx_rng_init  nrfx_rng.o
    0x00007a34   0x00007a34   0x0000001c   Code   RO         2226    .text.nrfx_rng_start  nrfx_rng.o
    0x00007a50   0x00007a50   0x00000012   Code   RO         2228    .text.nrfx_rng_stop  nrfx_rng.o
    0x00007a62   0x00007a62   0x00000002   PAD
    0x00007a64   0x00007a64   0x00000024   Code   RO         2650    .text.nrfx_rng_value_handle  rng_demo.o
    0x00007a88   0x00007a88   0x0000001a   Code   RO         2108    .text.nrfx_rtc_enable  nrfx_rtc.o
    0x00007aa2   0x00007aa2   0x00000002   PAD
    0x00007aa4   0x00007aa4   0x00000092   Code   RO         2104    .text.nrfx_rtc_init  nrfx_rtc.o
    0x00007b36   0x00007b36   0x00000002   PAD
    0x00007b38   0x00007b38   0x0000001c   Code   RO         2116    .text.nrfx_rtc_tick_enable  nrfx_rtc.o
    0x00007b54   0x00007b54   0x00000084   Code   RO         2035    .text.nrfx_saadc_buffer_set  nrfx_saadc.o
    0x00007bd8   0x00007bd8   0x00000102   Code   RO         2023    .text.nrfx_saadc_channels_config  nrfx_saadc.o
    0x00007cda   0x00007cda   0x00000002   PAD
    0x00007cdc   0x00007cdc   0x00000084   Code   RO         2017    .text.nrfx_saadc_init  nrfx_saadc.o
    0x00007d60   0x00007d60   0x0000013c   Code   RO         2037    .text.nrfx_saadc_mode_trigger  nrfx_saadc.o
    0x00007e9c   0x00007e9c   0x00000082   Code   RO         2029    .text.nrfx_saadc_simple_mode_set  nrfx_saadc.o
    0x00007f1e   0x00007f1e   0x00000002   PAD
    0x00007f20   0x00007f20   0x00000188   Code   RO         2244    .text.nrfx_spi_init  nrfx_spi.o
    0x000080a8   0x000080a8   0x0000018e   Code   RO         2248    .text.nrfx_spi_xfer  nrfx_spi.o
    0x00008236   0x00008236   0x00000002   PAD
    0x00008238   0x00008238   0x00000018   Code   RO         2073    .text.nrfx_timer_capture  nrfx_timer.o
    0x00008250   0x00008250   0x00000008   Code   RO         2069    .text.nrfx_timer_clear  nrfx_timer.o
    0x00008258   0x00008258   0x0000001c   Code   RO         2059    .text.nrfx_timer_disable  nrfx_timer.o
    0x00008274   0x00008274   0x0000001e   Code   RO         2061    .text.nrfx_timer_enable  nrfx_timer.o
    0x00008292   0x00008292   0x00000002   PAD
    0x00008294   0x00008294   0x00000056   Code   RO         2077    .text.nrfx_timer_extended_compare  nrfx_timer.o
    0x000082ea   0x000082ea   0x00000002   PAD
    0x000082ec   0x000082ec   0x000000cc   Code   RO         2055    .text.nrfx_timer_init  nrfx_timer.o
    0x000083b8   0x000083b8   0x0000015e   Code   RO         1984    .text.nrfx_uart_init  nrfx_uart.o
    0x00008516   0x00008516   0x00000002   PAD
    0x00008518   0x00008518   0x00000158   Code   RO         1992    .text.nrfx_uart_rx  nrfx_uart.o
    0x00008670   0x00008670   0x000000c6   Code   RO         1986    .text.nrfx_uart_uninit  nrfx_uart.o
    0x00008736   0x00008736   0x00000002   PAD
    0x00008738   0x00008738   0x00000040   Code   RO         2171    .text.nrfx_wdt_channel_alloc  nrfx_wdt.o
    0x00008778   0x00008778   0x00000018   Code   RO         2167    .text.nrfx_wdt_enable  nrfx_wdt.o
    0x00008790   0x00008790   0x0000002e   Code   RO         2169    .text.nrfx_wdt_feed  nrfx_wdt.o
    0x000087be   0x000087be   0x00000002   PAD
    0x000087c0   0x000087c0   0x00000048   Code   RO         2165    .text.nrfx_wdt_init  nrfx_wdt.o
    0x00008808   0x00008808   0x00000286   Code   RO          785    .text.page256_or_1_byte_write  sfud.o
    0x00008a8e   0x00008a8e   0x00000002   PAD
    0x00008a90   0x00008a90   0x00000028   Code   RO         1012    .text.pin_irq_hdr   drv_gpio.o
    0x00008ab8   0x00008ab8   0x0000013c   Code   RO         2630    .text.pin_sample    pin_demo.o
    0x00008bf4   0x00008bf4   0x000000d0   Code   RO         2634    .text.pin_test_entry  pin_demo.o
    0x00008cc4   0x00008cc4   0x000000dc   Code   RO         1740    .text.plug_holes    mem.o
    0x00008da0   0x00008da0   0x00000002   Code   RO          610    .text.pm_get_sleep_threshold_mode  pm.o
    0x00008da2   0x00008da2   0x00000002   PAD
    0x00008da4   0x00008da4   0x00000018   Code   RO          608    .text.pm_timer_next_timeout_tick  pm.o
    0x00008dbc   0x00008dbc   0x000001d4   Code   RO         1672    .text.print_number  kservice.o
    0x00008f90   0x00008f90   0x000003a8   Code   RO          562    .text.pwm           rt_drv_pwm.o
    0x00009338   0x00009338   0x000000b0   Code   RO         1063    .text.pwm_led_sample  drv_pwm.o
    0x000093e8   0x000093e8   0x00000006   Code   RO          867    .text.retry_delay_100us  spi_flash_sfud.o
    0x000093ee   0x000093ee   0x00000002   PAD
    0x000093f0   0x000093f0   0x00000060   Code   RO         2652    .text.rng_sample    rng_demo.o
    0x00009450   0x00009450   0x00000040   Code   RO          486    .text.rt_adc_disable  adc.o
    0x00009490   0x00009490   0x00000040   Code   RO          484    .text.rt_adc_enable  adc.o
    0x000094d0   0x000094d0   0x00000038   Code   RO          482    .text.rt_adc_read   adc.o
    0x00009508   0x00009508   0x00000088   Code   RO          488    .text.rt_adc_voltage  adc.o
    0x00009590   0x00009590   0x00000044   Code   RO         1694    .text.rt_assert_handler  kservice.o
    0x000095d4   0x000095d4   0x0000001e   Code   RO         1698    .text.rt_calloc     kservice.o
    0x000095f2   0x000095f2   0x00000002   PAD
    0x000095f4   0x000095f4   0x00000064   Code   RO          296    .text.rt_completion_done  completion.o
    0x00009658   0x00009658   0x00000040   Code   RO          292    .text.rt_completion_init  completion.o
    0x00009698   0x00009698   0x000001c4   Code   RO          294    .text.rt_completion_wait  completion.o
    0x0000985c   0x0000985c   0x0000002c   Code   RO         1430    .text.rt_components_board_init  components.o
    0x00009888   0x00009888   0x0000000c   Code   RO         1680    .text.rt_console_get_device  kservice.o
    0x00009894   0x00009894   0x00000034   Code   RO         1682    .text.rt_console_set_device  kservice.o
    0x000098c8   0x000098c8   0x0000000c   Code   RO         1841    .text.rt_critical_level  scheduler.o
    0x000098d4   0x000098d4   0x00000070   Code   RO         1469    .text.rt_device_close  device.o
    0x00009944   0x00009944   0x0000005a   Code   RO         1475    .text.rt_device_control  device.o
    0x0000999e   0x0000999e   0x00000002   PAD
    0x000099a0   0x000099a0   0x00000006   Code   RO         1457    .text.rt_device_find  device.o
    0x000099a6   0x000099a6   0x00000002   PAD
    0x000099a8   0x000099a8   0x0000007c   Code   RO          267    .text.rt_device_hwtimer_isr  hwtimer.o
    0x00009a24   0x00009a24   0x000000d8   Code   RO          269    .text.rt_device_hwtimer_register  hwtimer.o
    0x00009afc   0x00009afc   0x00000058   Code   RO         1465    .text.rt_device_init  device.o
    0x00009b54   0x00009b54   0x000000e0   Code   RO         1467    .text.rt_device_open  device.o
    0x00009c34   0x00009c34   0x0000004a   Code   RO          504    .text.rt_device_pin_register  pin.o
    0x00009c7e   0x00009c7e   0x00000002   PAD
    0x00009c80   0x00009c80   0x00000052   Code   RO          542    .text.rt_device_pwm_register  rt_drv_pwm.o
    0x00009cd2   0x00009cd2   0x00000002   PAD
    0x00009cd4   0x00009cd4   0x0000007e   Code   RO         1471    .text.rt_device_read  device.o
    0x00009d52   0x00009d52   0x00000002   PAD
    0x00009d54   0x00009d54   0x0000002e   Code   RO         1455    .text.rt_device_register  device.o
    0x00009d82   0x00009d82   0x00000002   PAD
    0x00009d84   0x00009d84   0x00000048   Code   RO         1477    .text.rt_device_set_rx_indicate  device.o
    0x00009dcc   0x00009dcc   0x00000088   Code   RO         1459    .text.rt_device_unregister  device.o
    0x00009e54   0x00009e54   0x0000007e   Code   RO         1473    .text.rt_device_write  device.o
    0x00009ed2   0x00009ed2   0x00000002   PAD
    0x00009ed4   0x00009ed4   0x0000001c   Code   RO         1837    .text.rt_enter_critical  scheduler.o
    0x00009ef0   0x00009ef0   0x00000042   Code   RO         1839    .text.rt_exit_critical  scheduler.o
    0x00009f32   0x00009f32   0x00000002   PAD
    0x00009f34   0x00009f34   0x000000b0   Code   RO         1700    .text.rt_free       kservice.o
    0x00009fe4   0x00009fe4   0x000000f4   Code   RO          939    .text.rt_hw_adc_init  drv_adc.o
    0x0000a0d8   0x0000a0d8   0x00000098   Code   RO          476    .text.rt_hw_adc_register  adc.o
    0x0000a170   0x0000a170   0x000000a0   Code   RO          929    .text.rt_hw_board_init  board.o
    0x0000a210   0x0000a210   0x00000002   Code   RO         1684    .text.rt_hw_console_output  kservice.o
    0x0000a212   0x0000a212   0x00000002   PAD
    0x0000a214   0x0000a214   0x000003c4   Code   RO          248    .text.rt_hw_hard_fault_exception  cpuport.o
    0x0000a5d8   0x0000a5d8   0x00000034   Code   RO          988    .text.rt_hw_pin_init  drv_gpio.o
    0x0000a60c   0x0000a60c   0x000000e0   Code   RO         1084    .text.rt_hw_rtc_init  drv_rtc.o
    0x0000a6ec   0x0000a6ec   0x00000140   Code   RO          755    .text.rt_hw_serial_isr  serial.o
    0x0000a82c   0x0000a82c   0x0000008c   Code   RO          741    .text.rt_hw_serial_register  serial.o
    0x0000a8b8   0x0000a8b8   0x00000138   Code   RO         1112    .text.rt_hw_spi_device_attach  drv_spi.o
    0x0000a9f0   0x0000a9f0   0x0000005c   Code   RO         1110    .text.rt_hw_spi_init  drv_spi.o
    0x0000aa4c   0x0000aa4c   0x00000042   Code   RO          244    .text.rt_hw_stack_init  cpuport.o
    0x0000aa8e   0x0000aa8e   0x00000002   PAD
    0x0000aa90   0x0000aa90   0x0000003c   Code   RO         1138    .text.rt_hw_uart_init  drv_uart.o
    0x0000aacc   0x0000aacc   0x0000008c   Code   RO          902    .text.rt_hw_watchdog_register  watchdog.o
    0x0000ab58   0x0000ab58   0x00000028   Code   RO          275    .text.rt_hwtimer_close  hwtimer.o
    0x0000ab80   0x0000ab80   0x00000104   Code   RO          281    .text.rt_hwtimer_control  hwtimer.o
    0x0000ac84   0x0000ac84   0x00000044   Code   RO          271    .text.rt_hwtimer_init  hwtimer.o
    0x0000acc8   0x0000acc8   0x0000001c   Code   RO          273    .text.rt_hwtimer_open  hwtimer.o
    0x0000ace4   0x0000ace4   0x000000b8   Code   RO          277    .text.rt_hwtimer_read  hwtimer.o
    0x0000ad9c   0x0000ad9c   0x00000124   Code   RO          279    .text.rt_hwtimer_write  hwtimer.o
    0x0000aec0   0x0000aec0   0x00000030   Code   RO         1611    .text.rt_interrupt_enter  irq.o
    0x0000aef0   0x0000aef0   0x00000018   Code   RO         1615    .text.rt_interrupt_get_nest  irq.o
    0x0000af08   0x0000af08   0x00000030   Code   RO         1613    .text.rt_interrupt_leave  irq.o
    0x0000af38   0x0000af38   0x00000060   Code   RO         1630    .text.rt_kprintf    kservice.o
    0x0000af98   0x0000af98   0x0000002e   Code   RO         1686    .text.rt_kputs      kservice.o
    0x0000afc6   0x0000afc6   0x00000002   PAD
    0x0000afc8   0x0000afc8   0x00000052   Code   RO          586    .text.rt_lptimer_next_timeout_tick  lptimer.o
    0x0000b01a   0x0000b01a   0x00000002   PAD
    0x0000b01c   0x0000b01c   0x000000ba   Code   RO         1666    .text.rt_malloc     kservice.o
    0x0000b0d6   0x0000b0d6   0x00000002   PAD
    0x0000b0d8   0x0000b0d8   0x00000024   Code   RO         1646    .text.rt_memcmp     kservice.o
    0x0000b0fc   0x0000b0fc   0x0000007a   Code   RO         1642    .text.rt_memcpy     kservice.o
    0x0000b176   0x0000b176   0x00000002   PAD
    0x0000b178   0x0000b178   0x0000003a   Code   RO         1644    .text.rt_memmove    kservice.o
    0x0000b1b2   0x0000b1b2   0x00000002   PAD
    0x0000b1b4   0x0000b1b4   0x000000b4   Code   RO         1702    .text.rt_memory_info  kservice.o
    0x0000b268   0x0000b268   0x0000005e   Code   RO         1640    .text.rt_memset     kservice.o
    0x0000b2c6   0x0000b2c6   0x00000002   PAD
    0x0000b2c8   0x0000b2c8   0x00000060   Code   RO          672    .text.rt_module_delay_sleep  pm.o
    0x0000b328   0x0000b328   0x00000074   Code   RO          666    .text.rt_module_release_mode  pm.o
    0x0000b39c   0x0000b39c   0x0000005a   Code   RO          668    .text.rt_module_release_mode_all  pm.o
    0x0000b3f6   0x0000b3f6   0x00000002   PAD
    0x0000b3f8   0x0000b3f8   0x0000006a   Code   RO          670    .text.rt_module_request_mode  pm.o
    0x0000b462   0x0000b462   0x00000002   PAD
    0x0000b464   0x0000b464   0x000000b8   Code   RO         1580    .text.rt_mq_init    ipc.o
    0x0000b51c   0x0000b51c   0x00000310   Code   RO         1594    .text.rt_mq_recv    ipc.o
    0x0000b82c   0x0000b82c   0x00000006   Code   RO         1590    .text.rt_mq_send    ipc.o
    0x0000b832   0x0000b832   0x00000002   PAD
    0x0000b834   0x0000b834   0x000002ee   Code   RO         1588    .text.rt_mq_send_wait  ipc.o
    0x0000bb22   0x0000bb22   0x00000002   PAD
    0x0000bb24   0x0000bb24   0x000000cc   Code   RO         1534    .text.rt_mutex_detach  ipc.o
    0x0000bbf0   0x0000bbf0   0x00000050   Code   RO         1532    .text.rt_mutex_init  ipc.o
    0x0000bc40   0x0000bc40   0x00000174   Code   RO         1544    .text.rt_mutex_release  ipc.o
    0x0000bdb4   0x0000bdb4   0x00000236   Code   RO         1540    .text.rt_mutex_take  ipc.o
    0x0000bfea   0x0000bfea   0x00000002   PAD
    0x0000bfec   0x0000bfec   0x000000d2   Code   RO         1798    .text.rt_object_allocate  object.o
    0x0000c0be   0x0000c0be   0x00000002   PAD
    0x0000c0c0   0x0000c0c0   0x000000a0   Code   RO         1800    .text.rt_object_delete  object.o
    0x0000c160   0x0000c160   0x0000005c   Code   RO         1796    .text.rt_object_detach  object.o
    0x0000c1bc   0x0000c1bc   0x00000096   Code   RO         1806    .text.rt_object_find  object.o
    0x0000c252   0x0000c252   0x00000002   PAD
    0x0000c254   0x0000c254   0x00000022   Code   RO         1788    .text.rt_object_get_information  object.o
    0x0000c276   0x0000c276   0x00000002   PAD
    0x0000c278   0x0000c278   0x00000034   Code   RO         1804    .text.rt_object_get_type  object.o
    0x0000c2ac   0x0000c2ac   0x000000c4   Code   RO         1794    .text.rt_object_init  object.o
    0x0000c370   0x0000c370   0x0000003c   Code   RO         1802    .text.rt_object_is_systemobject  object.o
    0x0000c3ac   0x0000c3ac   0x00000068   Code   RO          512    .text.rt_pin_attach_irq  pin.o
    0x0000c414   0x0000c414   0x00000054   Code   RO          516    .text.rt_pin_irq_enable  pin.o
    0x0000c468   0x0000c468   0x00000038   Code   RO          518    .text.rt_pin_mode   pin.o
    0x0000c4a0   0x0000c4a0   0x00000034   Code   RO          522    .text.rt_pin_read   pin.o
    0x0000c4d4   0x0000c4d4   0x00000038   Code   RO          520    .text.rt_pin_write  pin.o
    0x0000c50c   0x0000c50c   0x0000016c   Code   RO          682    .text.rt_pm_dump_status  pm.o
    0x0000c678   0x0000c678   0x00000004   Code   RO          602    .text.rt_pm_enter_critical  pm.o
    0x0000c67c   0x0000c67c   0x00000004   Code   RO          604    .text.rt_pm_exit_critical  pm.o
    0x0000c680   0x0000c680   0x00000048   Code   RO          660    .text.rt_pm_release_mode  pm.o
    0x0000c6c8   0x0000c6c8   0x00000042   Code   RO          662    .text.rt_pm_release_mode_all  pm.o
    0x0000c70a   0x0000c70a   0x00000002   PAD
    0x0000c70c   0x0000c70c   0x0000004a   Code   RO          664    .text.rt_pm_request_mode  pm.o
    0x0000c756   0x0000c756   0x00000002   PAD
    0x0000c758   0x0000c758   0x0000009a   Code   RO          674    .text.rt_pm_run_mode_switch  pm.o
    0x0000c7f2   0x0000c7f2   0x00000002   PAD
    0x0000c7f4   0x0000c7f4   0x00000036   Code   RO          550    .text.rt_pwm_enable  rt_drv_pwm.o
    0x0000c82a   0x0000c82a   0x00000002   PAD
    0x0000c82c   0x0000c82c   0x00000036   Code   RO          554    .text.rt_pwm_set    rt_drv_pwm.o
    0x0000c862   0x0000c862   0x00000002   PAD
    0x0000c864   0x0000c864   0x0000007c   Code   RO         1086    .text.rt_rtc_control  drv_rtc.o
    0x0000c8e0   0x0000c8e0   0x0000028c   Code   RO         1833    .text.rt_schedule   scheduler.o
    0x0000cb6c   0x0000cb6c   0x000000b4   Code   RO         1835    .text.rt_schedule_insert_thread  scheduler.o
    0x0000cc20   0x0000cc20   0x0000006e   Code   RO         1831    .text.rt_schedule_remove_thread  scheduler.o
    0x0000cc8e   0x0000cc8e   0x00000002   PAD
    0x0000cc90   0x0000cc90   0x0000009e   Code   RO         1530    .text.rt_sem_control  ipc.o
    0x0000cd2e   0x0000cd2e   0x00000002   PAD
    0x0000cd30   0x0000cd30   0x00000088   Code   RO         1516    .text.rt_sem_init   ipc.o
    0x0000cdb8   0x0000cdb8   0x0000009a   Code   RO         1528    .text.rt_sem_release  ipc.o
    0x0000ce52   0x0000ce52   0x00000002   PAD
    0x0000ce54   0x0000ce54   0x000001e6   Code   RO         1524    .text.rt_sem_take   ipc.o
    0x0000d03a   0x0000d03a   0x00000002   PAD
    0x0000d03c   0x0000d03c   0x000000c0   Code   RO          747    .text.rt_serial_close  serial.o
    0x0000d0fc   0x0000d0fc   0x000000b4   Code   RO          753    .text.rt_serial_control  serial.o
    0x0000d1b0   0x0000d1b0   0x00000044   Code   RO          743    .text.rt_serial_init  serial.o
    0x0000d1f4   0x0000d1f4   0x0000015e   Code   RO          745    .text.rt_serial_open  serial.o
    0x0000d352   0x0000d352   0x00000002   PAD
    0x0000d354   0x0000d354   0x00000160   Code   RO          749    .text.rt_serial_read  serial.o
    0x0000d4b4   0x0000d4b4   0x00000130   Code   RO          751    .text.rt_serial_write  serial.o
    0x0000d5e4   0x0000d5e4   0x00000022   Code   RO         1636    .text.rt_set_errno  kservice.o
    0x0000d606   0x0000d606   0x00000002   PAD
    0x0000d608   0x0000d608   0x0000008c   Code   RO          875    .text.rt_sfud_control  spi_flash_sfud.o
    0x0000d694   0x0000d694   0x00000080   Code   RO          879    .text.rt_sfud_flash_delete  spi_flash_sfud.o
    0x0000d714   0x0000d714   0x00000238   Code   RO          869    .text.rt_sfud_flash_probe_ex  spi_flash_sfud.o
    0x0000d94c   0x0000d94c   0x0000007e   Code   RO          871    .text.rt_sfud_read  spi_flash_sfud.o
    0x0000d9ca   0x0000d9ca   0x00000002   PAD
    0x0000d9cc   0x0000d9cc   0x0000007e   Code   RO          873    .text.rt_sfud_write  spi_flash_sfud.o
    0x0000da4a   0x0000da4a   0x00000002   PAD
    0x0000da4c   0x0000da4c   0x000000c8   Code   RO         1668    .text.rt_show_version  kservice.o
    0x0000db14   0x0000db14   0x000001f0   Code   RO         1734    .text.rt_smem_alloc  mem.o
    0x0000dd04   0x0000dd04   0x0000016c   Code   RO         1738    .text.rt_smem_free  mem.o
    0x0000de70   0x0000de70   0x000000d0   Code   RO         1730    .text.rt_smem_init  mem.o
    0x0000df40   0x0000df40   0x0000001a   Code   RO         1674    .text.rt_snprintf   kservice.o
    0x0000df5a   0x0000df5a   0x00000002   PAD
    0x0000df5c   0x0000df5c   0x00000106   Code   RO         1935    .text.rt_soft_timer_check  timer.o
    0x0000e062   0x0000e062   0x00000002   PAD
    0x0000e064   0x0000e064   0x00000042   Code   RO          807    .text.rt_spi_bus_attach_device  spi_core.o
    0x0000e0a6   0x0000e0a6   0x00000002   PAD
    0x0000e0a8   0x0000e0a8   0x00000060   Code   RO          836    .text.rt_spi_bus_device_init  spi_dev.o
    0x0000e108   0x0000e108   0x0000002c   Code   RO          805    .text.rt_spi_bus_register  spi_core.o
    0x0000e134   0x0000e134   0x0000006c   Code   RO          809    .text.rt_spi_configure  spi_core.o
    0x0000e1a0   0x0000e1a0   0x000000d2   Code   RO          813    .text.rt_spi_send_then_recv  spi_core.o
    0x0000e272   0x0000e272   0x00000002   PAD
    0x0000e274   0x0000e274   0x000000b4   Code   RO          815    .text.rt_spi_transfer  spi_core.o
    0x0000e328   0x0000e328   0x00000074   Code   RO          842    .text.rt_spidev_device_init  spi_dev.o
    0x0000e39c   0x0000e39c   0x00000024   Code   RO         1678    .text.rt_sprintf    kservice.o
    0x0000e3c0   0x0000e3c0   0x0000001e   Code   RO         1660    .text.rt_strcmp     kservice.o
    0x0000e3de   0x0000e3de   0x00000002   PAD
    0x0000e3e0   0x0000e3e0   0x0000004c   Code   RO         1632    .text.rt_strerror   kservice.o
    0x0000e42c   0x0000e42c   0x00000010   Code   RO         1650    .text.rt_strlen     kservice.o
    0x0000e43c   0x0000e43c   0x0000002e   Code   RO         1658    .text.rt_strncmp    kservice.o
    0x0000e46a   0x0000e46a   0x00000002   PAD
    0x0000e46c   0x0000e46c   0x00000032   Code   RO         1654    .text.rt_strncpy    kservice.o
    0x0000e49e   0x0000e49e   0x00000002   PAD
    0x0000e4a0   0x0000e4a0   0x0000009c   Code   RO         1692    .text.rt_system_heap_init  kservice.o
    0x0000e53c   0x0000e53c   0x0000033a   Code   RO          612    .text.rt_system_power_manager  pm.o
    0x0000e876   0x0000e876   0x00000002   PAD
    0x0000e878   0x0000e878   0x00000030   Code   RO         1827    .text.rt_system_scheduler_init  scheduler.o
    0x0000e8a8   0x0000e8a8   0x00000070   Code   RO         1829    .text.rt_system_scheduler_start  scheduler.o
    0x0000e918   0x0000e918   0x0000000e   Code   RO         1937    .text.rt_system_timer_init  timer.o
    0x0000e926   0x0000e926   0x00000002   PAD
    0x0000e928   0x0000e928   0x0000005c   Code   RO         1939    .text.rt_system_timer_thread_init  timer.o
    0x0000e984   0x0000e984   0x000000be   Code   RO         1893    .text.rt_thread_control  thread.o
    0x0000ea42   0x0000ea42   0x00000002   PAD
    0x0000ea44   0x0000ea44   0x0000004a   Code   RO         1877    .text.rt_thread_create  thread.o
    0x0000ea8e   0x0000ea8e   0x00000002   PAD
    0x0000ea90   0x0000ea90   0x00000016   Code   RO         1494    .text.rt_thread_defunct_enqueue  idle.o
    0x0000eaa6   0x0000eaa6   0x00000002   PAD
    0x0000eaa8   0x0000eaa8   0x00000004   Code   RO         1887    .text.rt_thread_delay  thread.o
    0x0000eaac   0x0000eaac   0x000000d4   Code   RO         1879    .text.rt_thread_delete  thread.o
    0x0000eb80   0x0000eb80   0x000000c8   Code   RO         1875    .text.rt_thread_detach  thread.o
    0x0000ec48   0x0000ec48   0x00000082   Code   RO         1500    .text.rt_thread_idle_entry  idle.o
    0x0000ecca   0x0000ecca   0x00000002   PAD
    0x0000eccc   0x0000eccc   0x00000058   Code   RO         1498    .text.rt_thread_idle_init  idle.o
    0x0000ed24   0x0000ed24   0x00000034   Code   RO         1490    .text.rt_thread_idle_sethook  idle.o
    0x0000ed58   0x0000ed58   0x0000008c   Code   RO         1865    .text.rt_thread_init  thread.o
    0x0000ede4   0x0000ede4   0x0000000e   Code   RO         1891    .text.rt_thread_mdelay  thread.o
    0x0000edf2   0x0000edf2   0x00000002   PAD
    0x0000edf4   0x0000edf4   0x00000092   Code   RO         1873    .text.rt_thread_resume  thread.o
    0x0000ee86   0x0000ee86   0x00000002   PAD
    0x0000ee88   0x0000ee88   0x0000000c   Code   RO         1869    .text.rt_thread_self  thread.o
    0x0000ee94   0x0000ee94   0x00000088   Code   RO         1883    .text.rt_thread_sleep  thread.o
    0x0000ef1c   0x0000ef1c   0x000000c0   Code   RO         1871    .text.rt_thread_startup  thread.o
    0x0000efdc   0x0000efdc   0x000000cc   Code   RO         1885    .text.rt_thread_suspend  thread.o
    0x0000f0a8   0x0000f0a8   0x0000003c   Code   RO         1408    .text.rt_tick_from_millisecond  clock.o
    0x0000f0e4   0x0000f0e4   0x0000000c   Code   RO         1402    .text.rt_tick_get   clock.o
    0x0000f0f0   0x0000f0f0   0x00000062   Code   RO         1406    .text.rt_tick_increase  clock.o
    0x0000f152   0x0000f152   0x00000002   PAD
    0x0000f154   0x0000f154   0x0000001a   Code   RO         1404    .text.rt_tick_set   clock.o
    0x0000f16e   0x0000f16e   0x00000002   PAD
    0x0000f170   0x0000f170   0x000000dc   Code   RO         1931    .text.rt_timer_check  timer.o
    0x0000f24c   0x0000f24c   0x000000dc   Code   RO         1929    .text.rt_timer_control  timer.o
    0x0000f328   0x0000f328   0x000000b4   Code   RO         1919    .text.rt_timer_detach  timer.o
    0x0000f3dc   0x0000f3dc   0x00000092   Code   RO         1917    .text.rt_timer_init  timer.o
    0x0000f46e   0x0000f46e   0x00000002   PAD
    0x0000f470   0x0000f470   0x00000022   Code   RO         1933    .text.rt_timer_next_timeout_tick  timer.o
    0x0000f492   0x0000f492   0x00000002   PAD
    0x0000f494   0x0000f494   0x0000012a   Code   RO         1925    .text.rt_timer_start  timer.o
    0x0000f5be   0x0000f5be   0x00000002   PAD
    0x0000f5c0   0x0000f5c0   0x00000084   Code   RO         1927    .text.rt_timer_stop  timer.o
    0x0000f644   0x0000f644   0x00000328   Code   RO         1670    .text.rt_vsnprintf  kservice.o
    0x0000f96c   0x0000f96c   0x00000070   Code   RO          908    .text.rt_watchdog_close  watchdog.o
    0x0000f9dc   0x0000f9dc   0x00000040   Code   RO          910    .text.rt_watchdog_control  watchdog.o
    0x0000fa1c   0x0000fa1c   0x00000040   Code   RO          904    .text.rt_watchdog_init  watchdog.o
    0x0000fa5c   0x0000fa5c   0x00000004   Code   RO          906    .text.rt_watchdog_open  watchdog.o
    0x0000fa60   0x0000fa60   0x00000048   Code   RO         1160    .text.rt_wdt_init   drv_wdt.o
    0x0000faa8   0x0000faa8   0x0000003e   Code   RO         1088    .text.rtc_callback  drv_rtc.o
    0x0000fae6   0x0000fae6   0x00000002   PAD
    0x0000fae8   0x0000fae8   0x00000004   Code   RO         1426    .text.rti_board_end  components.o
    0x0000faec   0x0000faec   0x00000004   Code   RO         1424    .text.rti_board_start  components.o
    0x0000faf0   0x0000faf0   0x00000004   Code   RO         1428    .text.rti_end       components.o
    0x0000faf4   0x0000faf4   0x00000004   Code   RO         1422    .text.rti_start     components.o
    0x0000faf8   0x0000faf8   0x0000006c   Code   RO         1436    .text.rtthread_startup  components.o
    0x0000fb64   0x0000fb64   0x00000112   Code   RO         2031    .text.saadc_generic_mode_set  nrfx_saadc.o
    0x0000fc76   0x0000fc76   0x00000002   PAD
    0x0000fc78   0x0000fc78   0x000000f0   Code   RO          941    .text.saadc_sample  drv_adc.o
    0x0000fd68   0x0000fd68   0x0000006c   Code   RO         2706    .text.serial_dma_thread_entry  uart_demo.o
    0x0000fdd4   0x0000fdd4   0x000000a4   Code   RO         2702    .text.serial_thread_entry  uart_demo.o
    0x0000fe78   0x0000fe78   0x0000003a   Code   RO          723    .text.set_timestamp  rtc.o
    0x0000feb2   0x0000feb2   0x00000002   PAD
    0x0000feb4   0x0000feb4   0x00000780   Code   RO          885    .text.sf            spi_flash_sfud.o
    0x00010634   0x00010634   0x000001c4   Code   RO          779    .text.sfud_chip_erase  sfud.o
    0x000107f8   0x000107f8   0x00000440   Code   RO          767    .text.sfud_device_init  sfud.o
    0x00010c38   0x00010c38   0x00000274   Code   RO          781    .text.sfud_erase    sfud.o
    0x00010eac   0x00010eac   0x0000002a   Code   RO          787    .text.sfud_erase_write  sfud.o
    0x00010ed6   0x00010ed6   0x00000002   PAD
    0x00010ed8   0x00010ed8   0x00000120   Code   RO          777    .text.sfud_read     sfud.o
    0x00010ff8   0x00010ff8   0x00000026   Code   RO          789    .text.sfud_read_status  sfud.o
    0x0001101e   0x0001101e   0x00000002   PAD
    0x00011020   0x00011020   0x00000088   Code   RO          859    .text.sfud_spi_port_init  spi_flash_sfud.o
    0x000110a8   0x000110a8   0x0000030a   Code   RO          783    .text.sfud_write    sfud.o
    0x000113b2   0x000113b2   0x00000002   PAD
    0x000113b4   0x000113b4   0x000000d8   Code   RO          791    .text.sfud_write_status  sfud.o
    0x0001148c   0x0001148c   0x000001f4   Code   RO         1114    .text.spi_configure  drv_spi.o
    0x00011680   0x00011680   0x0000016c   Code   RO         2676    .text.spi_flash_sample  spi_demo.o
    0x000117ec   0x000117ec   0x00000068   Code   RO          863    .text.spi_lock      spi_flash_sfud.o
    0x00011854   0x00011854   0x00000064   Code   RO          865    .text.spi_unlock    spi_flash_sfud.o
    0x000118b8   0x000118b8   0x000000ec   Code   RO          861    .text.spi_write_read  spi_flash_sfud.o
    0x000119a4   0x000119a4   0x000000f6   Code   RO         1116    .text.spixfer       drv_spi.o
    0x00011a9a   0x00011a9a   0x00000002   PAD
    0x00011a9c   0x00011a9c   0x0000012c   Code   RO         2502    .text.test_flash    flash_utest.o
    0x00011bc8   0x00011bc8   0x000002b8   Code   RO         2522    .text.test_key      pin_utest.o
    0x00011e80   0x00011e80   0x00000064   Code   RO         2520    .text.test_on       pin_utest.o
    0x00011ee4   0x00011ee4   0x000000b0   Code   RO         2632    .text.test_on       pin_demo.o
    0x00011f94   0x00011f94   0x0000001e   Code   RO         2498    .text.testcase      flash_utest.o
    0x00011fb2   0x00011fb2   0x00000002   PAD
    0x00011fb4   0x00011fb4   0x0000001e   Code   RO         2516    .text.testcase      pin_utest.o
    0x00011fd2   0x00011fd2   0x00000002   PAD
    0x00011fd4   0x00011fd4   0x00000234   Code   RO          154    .text.timegm        ctime.o
    0x00012208   0x00012208   0x00000054   Code   RO         2617    .text.timeout_cb    hwtimer_demo.o
    0x0001225c   0x0001225c   0x00000006   Code   RO         1044    .text.timer_callback  drv_hwtimer.o
    0x00012262   0x00012262   0x00000002   PAD
    0x00012264   0x00012264   0x00000038   Code   RO         1040    .text.timer_counter_get  drv_hwtimer.o
    0x0001229c   0x0001229c   0x00000110   Code   RO         1042    .text.timer_ctrl    drv_hwtimer.o
    0x000123ac   0x000123ac   0x00000048   Code   RO         1034    .text.timer_init    drv_hwtimer.o
    0x000123f4   0x000123f4   0x00000054   Code   RO         1036    .text.timer_start   drv_hwtimer.o
    0x00012448   0x00012448   0x00000034   Code   RO         1038    .text.timer_stop    drv_hwtimer.o
    0x0001247c   0x0001247c   0x00000034   Code   RO         1132    .text.uart0_event_hander  drv_uart.o
    0x000124b0   0x000124b0   0x00000044   Code   RO         2704    .text.uart_DMA_input  uart_demo.o
    0x000124f4   0x000124f4   0x000000c8   Code   RO         2698    .text.uart_data_sample  uart_demo.o
    0x000125bc   0x000125bc   0x000000dc   Code   RO         2696    .text.uart_dma_sample  uart_demo.o
    0x00012698   0x00012698   0x00000006   Code   RO         1136    .text.uart_getc_hook  drv_uart.o
    0x0001269e   0x0001269e   0x00000002   PAD
    0x000126a0   0x000126a0   0x00000012   Code   RO         2700    .text.uart_input    uart_demo.o
    0x000126b2   0x000126b2   0x00000002   PAD
    0x000126b4   0x000126b4   0x00000006   Code   RO         1134    .text.uart_putc_hook  drv_uart.o
    0x000126ba   0x000126ba   0x00000002   PAD
    0x000126bc   0x000126bc   0x00000018   Code   RO         2708    .text.uart_rx_ind   uart_demo.o
    0x000126d4   0x000126d4   0x000000e8   Code   RO         2694    .text.uart_sample   uart_demo.o
    0x000127bc   0x000127bc   0x000000d0   Code   RO         2567    .text.ulog_backend_register  ulog.o
    0x0001288c   0x0001288c   0x0000002c   Code   RO         2537    .text.ulog_console_backend_init  console_be.o
    0x000128b8   0x000128b8   0x00000036   Code   RO         2535    .text.ulog_console_backend_output  console_be.o
    0x000128ee   0x000128ee   0x00000002   PAD
    0x000128f0   0x000128f0   0x00000544   Code   RO         2555    .text.ulog_formater  ulog.o
    0x00012e34   0x00012e34   0x00000034   Code   RO         2577    .text.ulog_init     ulog.o
    0x00012e68   0x00012e68   0x00000014   Code   RO         2561    .text.ulog_output   ulog.o
    0x00012e7c   0x00012e7c   0x00000154   Code   RO         2557    .text.ulog_voutput  ulog.o
    0x00012fd0   0x00012fd0   0x000000b2   Code   RO         2466    .text.utest_assert  utest.o
    0x00013082   0x00013082   0x00000002   PAD
    0x00013084   0x00013084   0x000001a0   Code   RO         2468    .text.utest_assert_string  utest.o
    0x00013224   0x00013224   0x0000000a   Code   RO         2462    .text.utest_handle_get  utest.o
    0x0001322e   0x0001322e   0x00000002   PAD
    0x00013230   0x00013230   0x00000180   Code   RO         2474    .text.utest_help    utest.o
    0x000133b0   0x000133b0   0x000000f4   Code   RO         2456    .text.utest_init    utest.o
    0x000134a4   0x000134a4   0x000003a0   Code   RO         2472    .text.utest_run     utest.o
    0x00013844   0x00013844   0x00000004   Code   RO         2500    .text.utest_tc_cleanup  flash_utest.o
    0x00013848   0x00013848   0x0000000e   Code   RO         2518    .text.utest_tc_cleanup  pin_utest.o
    0x00013856   0x00013856   0x00000002   PAD
    0x00013858   0x00013858   0x0000000a   Code   RO         2496    .text.utest_tc_init  flash_utest.o
    0x00013862   0x00013862   0x00000002   PAD
    0x00013864   0x00013864   0x000000d6   Code   RO         2514    .text.utest_tc_init  pin_utest.o
    0x0001393a   0x0001393a   0x00000002   PAD
    0x0001393c   0x0001393c   0x000000ac   Code   RO         2458    .text.utest_tc_list  utest.o
    0x000139e8   0x000139e8   0x0000014c   Code   RO         2460    .text.utest_testcase_run  utest.o
    0x00013b34   0x00013b34   0x00000018   Code   RO         2464    .text.utest_unit_run  utest.o
    0x00013b4c   0x00013b4c   0x0000000a   Code   RO         1355    .text.version       cmd.o
    0x00013b56   0x00013b56   0x00000002   PAD
    0x00013b58   0x00013b58   0x000000bc   Code   RO         2735    .text.watchdog_sample  watchdog_demo.o
    0x00013c14   0x00013c14   0x0000009a   Code   RO         1164    .text.wdt_control   drv_wdt.o
    0x00013cae   0x00013cae   0x00000002   PAD
    0x00013cb0   0x00013cb0   0x00000004   Code   RO         1162    .text.wdt_init      drv_wdt.o
    0x00013cb4   0x00013cb4   0x00000036   Code   RO         1166    .text.wdt_sample    drv_wdt.o
    0x00013cea   0x00013cea   0x00000002   PAD
    0x00013cec   0x00013cec   0x0000002c   Code   RO         2833    locale$$code        c_w.l(lc_ctype_c.o)
    0x00013d18   0x00013d18   0x000002b4   Code   RO         2798    x$fpl$ddiv          fz_wm.l(ddiv.o)
    0x00013fcc   0x00013fcc   0x0000005e   Code   RO         2801    x$fpl$dfix          fz_wm.l(dfix.o)
    0x0001402a   0x0001402a   0x00000026   Code   RO         2805    x$fpl$dfltu         fz_wm.l(dflt_clz.o)
    0x00014050   0x00014050   0x00000154   Code   RO         2811    x$fpl$dmul          fz_wm.l(dmul.o)
    0x000141a4   0x000141a4   0x0000009c   Code   RO         2837    x$fpl$dnaninf       fz_wm.l(dnaninf.o)
    0x00014240   0x00014240   0x0000000c   Code   RO         2839    x$fpl$dretinf       fz_wm.l(dretinf.o)
    0x0001424c   0x0001424c   0x0000001a   Code   RO         2927    x$fpl$fpinit        fz_wm.l(fpinit.o)
    0x00014266   0x00014266   0x00000000   Code   RO         2841    x$fpl$usenofp       fz_wm.l(usenofp.o)
    0x00014266   0x00014266   0x00000002   PAD
    0x00014268   0x00014268   0x00000014   Data   RO         1232    .rodata..L__const.fal.help_info  fal_rtt.o
    0x0001427c   0x0001427c   0x00000018   Data   RO          893    .rodata..L__const.sf.sf_help_info  spi_flash_sfud.o
    0x00014294   0x00014294   0x00000100   Data   RO         1719    .rodata.__lowest_bit_bitmap  kservice.o
    0x00014394   0x00014394   0x0000001a   Data   RO          182    .rodata.__spm       ctime.o
    0x000143ae   0x000143ae   0x00000002   PAD
    0x000143b0   0x000143b0   0x00000010   Data   RO         1047    .rodata._info       drv_hwtimer.o
    0x000143c0   0x000143c0   0x0000001c   Data   RO         1014    .rodata._nrf5x_pin_ops  drv_gpio.o
    0x000143dc   0x000143dc   0x00000014   Data   RO         1049    .rodata._ops        drv_hwtimer.o
    0x000143f0   0x000143f0   0x00000018   Data   RO          700    .rodata._pm_sleep_str  pm.o
    0x00014408   0x00014408   0x00000020   Data   RO         2585    .rodata.color_output_info  ulog.o
    0x00014428   0x00014428   0x00000078   Data   RO         1389    .rodata.device_type_str  cmd.o
    0x000144a0   0x000144a0   0x00000038   Data   RO          979    .rodata.mcu_onchip_flash  drv_flash.o
    0x000144d8   0x000144d8   0x00000088   Data   RO          795    .rodata.mf_table    sfud.o
    0x00014560   0x00014560   0x00000011   Data   RO          493    .rodata.name        adc.o
    0x00014571   0x00014571   0x00000011   Data   RO          532    .rodata.name        pin.o
    0x00014582   0x00014582   0x00000011   Data   RO          564    .rodata.name        rt_drv_pwm.o
    0x00014593   0x00014593   0x0000001f   Data   RO          592    .rodata.name        lptimer.o
    0x000145b2   0x000145b2   0x00000193   Data   RO          690    .rodata.name        pm.o
    0x00014745   0x00014745   0x0000004d   Data   RO          731    .rodata.name        rtc.o
    0x00014792   0x00014792   0x00000016   Data   RO          888    .rodata.name        spi_flash_sfud.o
    0x000147a8   0x000147a8   0x0000001a   Data   RO          954    .rodata.name        drv_adc.o
    0x000147c2   0x000147c2   0x00000018   Data   RO         1020    .rodata.name        drv_gpio.o
    0x000147da   0x000147da   0x0000001a   Data   RO         1068    .rodata.name        drv_pwm.o
    0x000147f4   0x000147f4   0x00000016   Data   RO         1172    .rodata.name        drv_wdt.o
    0x0001480a   0x0001480a   0x0000002b   Data   RO         1228    .rodata.name        fal_rtt.o
    0x00014835   0x00014835   0x00000064   Data   RO         1327    .rodata.name        msh.o
    0x00014899   0x00014899   0x00000191   Data   RO         1377    .rodata.name        cmd.o
    0x00014a2a   0x00014a2a   0x00000067   Data   RO         2482    .rodata.name        utest.o
    0x00014a91   0x00014a91   0x00000014   Data   RO         2606    .rodata.name        flash_demo.o
    0x00014aa5   0x00014aa5   0x0000001e   Data   RO         2619    .rodata.name        hwtimer_demo.o
    0x00014ac3   0x00014ac3   0x00000012   Data   RO         2636    .rodata.name        pin_demo.o
    0x00014ad5   0x00014ad5   0x00000012   Data   RO         2654    .rodata.name        rng_demo.o
    0x00014ae7   0x00014ae7   0x0000002a   Data   RO         2666    .rodata.name        saadc_demo.o
    0x00014b11   0x00014b11   0x00000018   Data   RO         2680    .rodata.name        spi_demo.o
    0x00014b29   0x00014b29   0x0000006a   Data   RO         2714    .rodata.name        uart_demo.o
    0x00014b93   0x00014b93   0x0000001b   Data   RO         2739    .rodata.name        watchdog_demo.o
    0x00014bae   0x00014bae   0x00000002   PAD
    0x00014bb0   0x00014bb0   0x00000010   Data   RO          952    .rodata.nrf5x_adc_ops  drv_adc.o
    0x00014bc0   0x00014bc0   0x00000008   Data   RO         1123    .rodata.nrfx_spi_ops  drv_spi.o
    0x00014bc8   0x00014bc8   0x00000080   Data   RO         1265    .rodata.partition_table_def  fal_partition.o
    0x00014c48   0x00014c48   0x00000180   Data   RO         1022    .rodata.pins        drv_gpio.o
    0x00014dc8   0x00014dc8   0x000000b6   Data   RO          185    .rodata.str1.1      ctime.o
    0x00014e7e   0x00014e7e   0x000001bb   Data   RO          255    .rodata.str1.1      cpuport.o
    0x00015039   0x00015039   0x0000002c   Data   RO          283    .rodata.str1.1      hwtimer.o
    0x00015065   0x00015065   0x0000007f   Data   RO          298    .rodata.str1.1      completion.o
    0x000150e4   0x000150e4   0x00000242   Data   RO          492    .rodata.str1.1      adc.o
    0x00015326   0x00015326   0x00000230   Data   RO          531    .rodata.str1.1      pin.o
    0x00015556   0x00015556   0x00000359   Data   RO          567    .rodata.str1.1      rt_drv_pwm.o
    0x000158af   0x000158af   0x0000003b   Data   RO          590    .rodata.str1.1      lptimer.o
    0x000158ea   0x000158ea   0x00000131   Data   RO          686    .rodata.str1.1      pm.o
    0x00015a1b   0x00015a1b   0x00000111   Data   RO          730    .rodata.str1.1      rtc.o
    0x00015b2c   0x00015b2c   0x000000e7   Data   RO          757    .rodata.str1.1      serial.o
    0x00015c13   0x00015c13   0x00000251   Data   RO          793    .rodata.str1.1      sfud.o
    0x00015e64   0x00015e64   0x0000004f   Data   RO          827    .rodata.str1.1      spi_core.o
    0x00015eb3   0x00015eb3   0x0000006a   Data   RO          850    .rodata.str1.1      spi_dev.o
    0x00015f1d   0x00015f1d   0x0000079a   Data   RO          887    .rodata.str1.1      spi_flash_sfud.o
    0x000166b7   0x000166b7   0x00000012   Data   RO          957    .rodata.str1.1      drv_adc.o
    0x000166c9   0x000166c9   0x000000bd   Data   RO          978    .rodata.str1.1      drv_flash.o
    0x00016786   0x00016786   0x0000002e   Data   RO         1050    .rodata.str1.1      drv_hwtimer.o
    0x000167b4   0x000167b4   0x00000005   Data   RO         1075    .rodata.str1.1      drv_pwm.o
    0x000167b9   0x000167b9   0x00000083   Data   RO         1120    .rodata.str1.1      drv_spi.o
    0x0001683c   0x0001683c   0x0000000a   Data   RO         1151    .rodata.str1.1      drv_uart.o
    0x00016846   0x00016846   0x00000004   Data   RO         1170    .rodata.str1.1      drv_wdt.o
    0x0001684a   0x0001684a   0x0000009f   Data   RO         1188    .rodata.str1.1      fal_flash.o
    0x000168e9   0x000168e9   0x00000022   Data   RO         1202    .rodata.str1.1      fal.o
    0x0001690b   0x0001690b   0x00000404   Data   RO         1227    .rodata.str1.1      fal_rtt.o
    0x00016d0f   0x00016d0f   0x000002a5   Data   RO         1263    .rodata.str1.1      fal_partition.o
    0x00016fb4   0x00016fb4   0x00000037   Data   RO         1306    .rodata.str1.1      shell.o
    0x00016feb   0x00016feb   0x00000027   Data   RO         1326    .rodata.str1.1      msh.o
    0x00017012   0x00017012   0x0000030b   Data   RO         1380    .rodata.str1.1      cmd.o
    0x0001731d   0x0001731d   0x00000028   Data   RO         1446    .rodata.str1.1      components.o
    0x00017345   0x00017345   0x000000f0   Data   RO         1481    .rodata.str1.1      device.o
    0x00017435   0x00017435   0x00000261   Data   RO         1598    .rodata.str1.1      ipc.o
    0x00017696   0x00017696   0x000000db   Data   RO         1712    .rodata.str1.1      kservice.o
    0x00017771   0x00017771   0x0000028c   Data   RO         1742    .rodata.str1.1      mem.o
    0x000179fd   0x000179fd   0x0000006b   Data   RO         1814    .rodata.str1.1      object.o
    0x00017a68   0x00017a68   0x0000002c   Data   RO         1850    .rodata.str1.1      scheduler.o
    0x00017a94   0x00017a94   0x000000da   Data   RO         1904    .rodata.str1.1      thread.o
    0x00017b6e   0x00017b6e   0x000000b2   Data   RO         1945    .rodata.str1.1      timer.o
    0x00017c20   0x00017c20   0x00000499   Data   RO         2479    .rodata.str1.1      utest.o
    0x000180b9   0x000180b9   0x00000178   Data   RO         2504    .rodata.str1.1      flash_utest.o
    0x00018231   0x00018231   0x000000bd   Data   RO         2524    .rodata.str1.1      pin_utest.o
    0x000182ee   0x000182ee   0x000000a1   Data   RO         2581    .rodata.str1.1      ulog.o
    0x0001838f   0x0001838f   0x00000032   Data   RO         2621    .rodata.str1.1      hwtimer_demo.o
    0x000183c1   0x000183c1   0x0000003c   Data   RO         2640    .rodata.str1.1      pin_demo.o
    0x000183fd   0x000183fd   0x00000004   Data   RO         2668    .rodata.str1.1      saadc_demo.o
    0x00018401   0x00018401   0x00000018   Data   RO         2719    .rodata.str1.1      uart_demo.o
    0x00018419   0x00018419   0x00000003   PAD
    0x0001841c   0x0001841c   0x00000013   Data   RO         2725    .rodata.str1.4      uart_demo.o
    0x0001842f   0x0001842f   0x00000001   PAD
    0x00018430   0x00018430   0x00000004   Data   RO         1442    .rti_fn.0           components.o
    0x00018434   0x00018434   0x00000004   Data   RO         1443    .rti_fn.0.end       components.o
    0x00018438   0x00018438   0x00000004   Data   RO          953    .rti_fn.1           drv_adc.o
    0x0001843c   0x0001843c   0x00000004   Data   RO         1015    .rti_fn.1           drv_gpio.o
    0x00018440   0x00018440   0x00000004   Data   RO         1046    .rti_fn.1           drv_hwtimer.o
    0x00018444   0x00018444   0x00000004   Data   RO         1119    .rti_fn.1           drv_spi.o
    0x00018448   0x00018448   0x00000004   Data   RO         1171    .rti_fn.1           drv_wdt.o
    0x0001844c   0x0001844c   0x00000004   Data   RO         2595    .rti_fn.1           ulog.o
    0x00018450   0x00018450   0x00000004   Data   RO         1444    .rti_fn.1.end       components.o
    0x00018454   0x00018454   0x00000004   Data   RO         2540    .rti_fn.2           console_be.o
    0x00018458   0x00018458   0x00000004   Data   RO         1067    .rti_fn.3           drv_pwm.o
    0x0001845c   0x0001845c   0x00000004   Data   RO         1091    .rti_fn.3           drv_rtc.o
    0x00018460   0x00018460   0x00000004   Data   RO         2481    .rti_fn.4           utest.o
    0x00018464   0x00018464   0x00000004   Data   RO         1307    .rti_fn.6           shell.o
    0x00018468   0x00018468   0x00000004   Data   RO         1445    .rti_fn.6.end       components.o
    0x0001846c   0x0001846c   0x0000000c   Data   RO          494    FSymTab             adc.o
    0x00018478   0x00018478   0x0000000c   Data   RO          533    FSymTab             pin.o
    0x00018484   0x00018484   0x0000000c   Data   RO          565    FSymTab             rt_drv_pwm.o
    0x00018490   0x00018490   0x0000000c   Data   RO          593    FSymTab             lptimer.o
    0x0001849c   0x0001849c   0x0000000c   Data   RO          691    FSymTab             pm.o
    0x000184a8   0x000184a8   0x0000000c   Data   RO          692    FSymTab             pm.o
    0x000184b4   0x000184b4   0x0000000c   Data   RO          693    FSymTab             pm.o
    0x000184c0   0x000184c0   0x0000000c   Data   RO          694    FSymTab             pm.o
    0x000184cc   0x000184cc   0x0000000c   Data   RO          695    FSymTab             pm.o
    0x000184d8   0x000184d8   0x0000000c   Data   RO          696    FSymTab             pm.o
    0x000184e4   0x000184e4   0x0000000c   Data   RO          697    FSymTab             pm.o
    0x000184f0   0x000184f0   0x0000000c   Data   RO          698    FSymTab             pm.o
    0x000184fc   0x000184fc   0x0000000c   Data   RO          699    FSymTab             pm.o
    0x00018508   0x00018508   0x0000000c   Data   RO          732    FSymTab             rtc.o
    0x00018514   0x00018514   0x0000000c   Data   RO          889    FSymTab             spi_flash_sfud.o
    0x00018520   0x00018520   0x0000000c   Data   RO          955    FSymTab             drv_adc.o
    0x0001852c   0x0001852c   0x0000000c   Data   RO         1021    FSymTab             drv_gpio.o
    0x00018538   0x00018538   0x0000000c   Data   RO         1069    FSymTab             drv_pwm.o
    0x00018544   0x00018544   0x0000000c   Data   RO         1173    FSymTab             drv_wdt.o
    0x00018550   0x00018550   0x0000000c   Data   RO         1229    FSymTab             fal_rtt.o
    0x0001855c   0x0001855c   0x0000000c   Data   RO         1328    FSymTab             msh.o
    0x00018568   0x00018568   0x0000000c   Data   RO         1329    FSymTab             msh.o
    0x00018574   0x00018574   0x0000000c   Data   RO         1330    FSymTab             msh.o
    0x00018580   0x00018580   0x0000000c   Data   RO         1378    FSymTab             cmd.o
    0x0001858c   0x0001858c   0x0000000c   Data   RO         1379    FSymTab             cmd.o
    0x00018598   0x00018598   0x0000000c   Data   RO         1381    FSymTab             cmd.o
    0x000185a4   0x000185a4   0x0000000c   Data   RO         1382    FSymTab             cmd.o
    0x000185b0   0x000185b0   0x0000000c   Data   RO         1383    FSymTab             cmd.o
    0x000185bc   0x000185bc   0x0000000c   Data   RO         1384    FSymTab             cmd.o
    0x000185c8   0x000185c8   0x0000000c   Data   RO         1385    FSymTab             cmd.o
    0x000185d4   0x000185d4   0x0000000c   Data   RO         1386    FSymTab             cmd.o
    0x000185e0   0x000185e0   0x0000000c   Data   RO         1387    FSymTab             cmd.o
    0x000185ec   0x000185ec   0x0000000c   Data   RO         1388    FSymTab             cmd.o
    0x000185f8   0x000185f8   0x0000000c   Data   RO         1390    FSymTab             cmd.o
    0x00018604   0x00018604   0x0000000c   Data   RO         1391    FSymTab             cmd.o
    0x00018610   0x00018610   0x0000000c   Data   RO         2483    FSymTab             utest.o
    0x0001861c   0x0001861c   0x0000000c   Data   RO         2484    FSymTab             utest.o
    0x00018628   0x00018628   0x0000000c   Data   RO         2607    FSymTab             flash_demo.o
    0x00018634   0x00018634   0x0000000c   Data   RO         2620    FSymTab             hwtimer_demo.o
    0x00018640   0x00018640   0x0000000c   Data   RO         2637    FSymTab             pin_demo.o
    0x0001864c   0x0001864c   0x0000000c   Data   RO         2655    FSymTab             rng_demo.o
    0x00018658   0x00018658   0x0000000c   Data   RO         2667    FSymTab             saadc_demo.o
    0x00018664   0x00018664   0x0000000c   Data   RO         2681    FSymTab             spi_demo.o
    0x00018670   0x00018670   0x0000000c   Data   RO         2715    FSymTab             uart_demo.o
    0x0001867c   0x0001867c   0x0000000c   Data   RO         2716    FSymTab             uart_demo.o
    0x00018688   0x00018688   0x0000000c   Data   RO         2717    FSymTab             uart_demo.o
    0x00018694   0x00018694   0x0000000c   Data   RO         2740    FSymTab             watchdog_demo.o
    0x000186a0   0x000186a0   0x00000020   Data   RO         2996    Region$$Table       anon$$obj.o
    0x000186c0   0x000186c0   0x00000014   Data   RO         2505    UtestTcTab          flash_utest.o
    0x000186d4   0x000186d4   0x00000014   Data   RO         2525    UtestTcTab          pin_utest.o
    0x000186e8   0x000186e8   0x00000110   Data   RO         2832    locale$$data        c_w.l(lc_ctype_c.o)


    Execution Region RW_IRAM1 (Exec base: 0x20000000, Load base: 0x000187f8, Size: 0x00003b00, Max: 0x00010000, ABSOLUTE, COMPRESSED[0x00000108])

    Exec Addr    Load Addr    Size         Type   Attr      Idx    E Section Name        Object

    0x20000000   COMPRESSED   0x00000004   Data   RW         2153    .data.SystemCoreClock  system_nrf52.o
    0x20000004   COMPRESSED   0x0000000a   Data   RW         2678    .data.Tx_Buffer     spi_demo.o
    0x2000000e   COMPRESSED   0x00000001   Data   RW          187    .data._current_timezone  ctime.o
    0x2000000f   COMPRESSED   0x00000001   PAD
    0x20000010   COMPRESSED   0x000000a0   Data   RW         1813    .data._object_container  object.o
    0x200000b0   COMPRESSED   0x00000008   Data   RW         1505    .data._rt_thread_defunct  idle.o
    0x200000b8   COMPRESSED   0x00000014   Data   RW         1150    .data._uart_ops     drv_uart.o
    0x200000cc   COMPRESSED   0x00000008   Data   RW         2713    .data.config        uart_demo.o
    0x200000d4   COMPRESSED   0x00000004   Data   RW         1072    .data.drv_ops       drv_pwm.o
    0x200000d8   COMPRESSED   0x00000008   Data   RW         1074    .data.m_pwm0        drv_pwm.o
    0x200000e0   COMPRESSED   0x0000001c   Data   RW         1148    .data.m_uart0_cfg   drv_uart.o
    0x200000fc   COMPRESSED   0x00000004   PAD
    0x20000100   COMPRESSED   0x00000078   Data   RW         1071    .data.mcu_pwm_obj   drv_pwm.o
    0x20000178   COMPRESSED   0x00000258   Data   RW         1048    .data.nrf5x_hwtimer_obj  drv_hwtimer.o
    0x200003d0   COMPRESSED   0x00000050   Data   RW         1168    .data.nrf5x_wdt     drv_wdt.o
    0x20000420   COMPRESSED   0x00000008   Data   RW         1174    .data.nrf5x_wdt_cfg  drv_wdt.o
    0x20000428   COMPRESSED   0x0000006c   Data   RW         1023    .data.pin_irq_hdr_tab  drv_gpio.o
    0x20000494   COMPRESSED   0x00000008   Data   RW          591    .data.rt_soft_lptimer_list  lptimer.o
    0x2000049c   COMPRESSED   0x0000000c   Data   RW         1122    .data.spi_config    drv_spi.o
    0x200004a8   COMPRESSED   0x00000006   Data   RW         2712    .data.uart_name     uart_demo.o
    0x200004ae   COMPRESSED   0x00000001   Data   RW         2476    .data.utest_log_lv  utest.o
    0x200004af   COMPRESSED   0x00000001   PAD
    0x200004b0        -       0x00000060   Zero   RW         2843    .bss                c_w.l(libspace.o)
    0x20000510        -       0x00000001   Zero   RW         2526    .bss.FLAG_PIN       pin_utest.o
    0x20000511        -       0x00000001   Zero   RW         2638    .bss.FLAG_PIN       pin_demo.o
    0x20000512   COMPRESSED   0x00000002   PAD
    0x20000514        -       0x00000004   Zero   RW         2639    .bss.PIN_TEST       pin_demo.o
    0x20000518        -       0x0000000a   Zero   RW         2679    .bss.Rx_Buffer      spi_demo.o
    0x20000522   COMPRESSED   0x00000002   PAD
    0x20000524        -       0x00000004   Zero   RW         1713    .bss.__rt_errno     kservice.o
    0x20000528        -       0x00000004   Zero   RW         1714    .bss._console_device  kservice.o
    0x2000052c        -       0x00000044   Zero   RW          530    .bss._hw_pin        pin.o
    0x20000570        -       0x00000024   Zero   RW         1721    .bss._lock          kservice.o
    0x20000594        -       0x0000017c   Zero   RW          685    .bss._pm            pm.o
    0x20000710        -       0x00000001   Zero   RW          684    .bss._pm_init_flag  pm.o
    0x20000711   COMPRESSED   0x00000003   PAD
    0x20000714        -       0x00000004   Zero   RW          687    .bss._pm_notify.0   pm.o
    0x20000718        -       0x00000004   Zero   RW          688    .bss._pm_notify.1   pm.o
    0x2000071c        -       0x00000004   Zero   RW          729    .bss._rtc_device    rtc.o
    0x20000720        -       0x00000054   Zero   RW         1149    .bss._serial_0      drv_uart.o
    0x20000774        -       0x00000001   Zero   RW          758    .bss._serial_check_buffer_size.already_output  serial.o
    0x20000775   COMPRESSED   0x00000003   PAD
    0x20000778        -       0x00000008   Zero   RW         1947    .bss._soft_timer_list  timer.o
    0x20000780        -       0x00000001   Zero   RW         1949    .bss._soft_timer_status  timer.o
    0x20000781   COMPRESSED   0x00000003   PAD
    0x20000784        -       0x00000004   Zero   RW         1301    .bss._syscall_table_begin  shell.o
    0x20000788        -       0x00000004   Zero   RW         1302    .bss._syscall_table_end  shell.o
    0x2000078c        -       0x00000008   Zero   RW         1948    .bss._timer_list    timer.o
    0x20000794        -       0x00000080   Zero   RW         1950    .bss._timer_thread  timer.o
    0x20000814        -       0x00000200   Zero   RW         1951    .bss._timer_thread_stack  timer.o
    0x20000a14        -       0x00000004   Zero   RW          495    .bss.adc.adc_device  adc.o
    0x20000a18        -       0x0000001a   Zero   RW          186    .bss.asctime.buf    ctime.o
    0x20000a32   COMPRESSED   0x00000002   PAD
    0x20000a34        -       0x00000001   Zero   RW         1016    .bss.button_1_callback.flag1  drv_gpio.o
    0x20000a35   COMPRESSED   0x00000003   PAD
    0x20000a38        -       0x00000001   Zero   RW         1017    .bss.button_2_callback.flag2  drv_gpio.o
    0x20000a39   COMPRESSED   0x00000003   PAD
    0x20000a3c        -       0x00000001   Zero   RW         1018    .bss.button_3_callback.flag3  drv_gpio.o
    0x20000a3d   COMPRESSED   0x00000003   PAD
    0x20000a40        -       0x00000001   Zero   RW         1019    .bss.button_4_callback.flag4  drv_gpio.o
    0x20000a41   COMPRESSED   0x00000003   PAD
    0x20000a44        -       0x00000028   Zero   RW         2539    .bss.console        console_be.o
    0x20000a6c        -       0x00000001   Zero   RW         2726    .bss.data_parsing.i  uart_demo.o
    0x20000a6d   COMPRESSED   0x00000003   PAD
    0x20000a70        -       0x00000004   Zero   RW         1230    .bss.fal.flash_dev  fal_rtt.o
    0x20000a74        -       0x00000004   Zero   RW         1231    .bss.fal.part_dev   fal_rtt.o
    0x20000a78        -       0x00000101   Zero   RW         1304    .bss.finsh_get_prompt.finsh_prompt  shell.o
    0x20000b79   COMPRESSED   0x00000003   PAD
    0x20000b7c        -       0x00000004   Zero   RW         1303    .bss.finsh_prompt_custom  shell.o
    0x20000b80        -       0x00000004   Zero   RW          188    .bss.get_timeval.device  ctime.o
    0x20000b84        -       0x00000080   Zero   RW         1506    .bss.idle           idle.o
    0x20000c04        -       0x00000010   Zero   RW         1504    .bss.idle_hook_list  idle.o
    0x20000c14        -       0x00000001   Zero   RW         1187    .bss.init_ok        fal_flash.o
    0x20000c15        -       0x00000001   Zero   RW         1201    .bss.init_ok        fal.o
    0x20000c16        -       0x00000001   Zero   RW         1264    .bss.init_ok        fal_partition.o
    0x20000c17   COMPRESSED   0x00000001   PAD
    0x20000c18        -       0x00000004   Zero   RW         1092    .bss.init_time      drv_rtc.o
    0x20000c1c        -       0x00000001   Zero   RW         2641    .bss.led_on_turn_pin.type  pin_demo.o
    0x20000c1d   COMPRESSED   0x00000003   PAD
    0x20000c20        -       0x0000000c   Zero   RW         2485    .bss.local_utest    utest.o
    0x20000c2c        -       0x0000002c   Zero   RW          184    .bss.localtime.tmp  ctime.o
    0x20000c58        -       0x0000000c   Zero   RW         1975    .bss.m_cb           nrfx_pwm.o
    0x20000c64        -       0x0000002c   Zero   RW         2008    .bss.m_cb           nrfx_uart.o
    0x20000c90        -       0x0000002c   Zero   RW         2045    .bss.m_cb           nrfx_saadc.o
    0x20000cbc        -       0x0000003c   Zero   RW         2093    .bss.m_cb           nrfx_timer.o
    0x20000cf8        -       0x00000009   Zero   RW         2133    .bss.m_cb           nrfx_rtc.o
    0x20000d01        -       0x00000002   Zero   RW         2175    .bss.m_cb           nrfx_wdt.o
    0x20000d03   COMPRESSED   0x00000001   PAD
    0x20000d04        -       0x00000078   Zero   RW         2260    .bss.m_cb           nrfx_spi.o
    0x20000d7c        -       0x00000050   Zero   RW         2359    .bss.m_cb           nrfx_gpiote.o
    0x20000dcc        -       0x00000004   Zero   RW         2432    .bss.m_clock_cb.0   nrfx_clock.o
    0x20000dd0        -       0x00000001   Zero   RW         2433    .bss.m_clock_cb.1   nrfx_clock.o
    0x20000dd1   COMPRESSED   0x00000003   PAD
    0x20000dd4        -       0x00000001   Zero   RW         2434    .bss.m_clock_cb.2   nrfx_clock.o
    0x20000dd5   COMPRESSED   0x00000003   PAD
    0x20000dd8        -       0x0000000c   Zero   RW         2132    .bss.m_handlers     nrfx_rtc.o
    0x20000de4        -       0x00000004   Zero   RW         2394    .bss.m_pofwarn_handler  nrfx_power.o
    0x20000de8        -       0x00000004   Zero   RW         2235    .bss.m_rng_hndl     nrfx_rng.o
    0x20000dec        -       0x00000001   Zero   RW         2234    .bss.m_rng_state    nrfx_rng.o
    0x20000ded   COMPRESSED   0x00000003   PAD
    0x20000df0        -       0x00000004   Zero   RW         2396    .bss.m_sleepevt_handler  nrfx_power.o
    0x20000df4        -       0x00000044   Zero   RW          951    .bss.nrf5x_adc_device  drv_adc.o
    0x20000e38        -       0x00000001   Zero   RW         2435    .bss.nrfx_clock_irq_enabled  nrfx_clock.o
    0x20000e39   COMPRESSED   0x00000003   PAD
    0x20000e3c        -       0x00000008   Zero   RW         1169    .bss.ops            drv_wdt.o
    0x20000e44        -       0x00000105   Zero   RW          796    .bss.page256_or_1_byte_write.cmd_data  sfud.o
    0x20000f49   COMPRESSED   0x00000003   PAD
    0x20000f4c        -       0x00000008   Zero   RW         1266    .bss.part_flash_cache  fal_partition.o
    0x20000f54        -       0x00000004   Zero   RW         1262    .bss.partition_table  fal_partition.o
    0x20000f58        -       0x00000004   Zero   RW         1261    .bss.partition_table_len  fal_partition.o
    0x20000f5c        -       0x00000004   Zero   RW          566    .bss.pwm.pwm_device  rt_drv_pwm.o
    0x20000f60        -       0x00000004   Zero   RW         1070    .bss.pwm_dev        drv_pwm.o
    0x20000f64        -       0x00000010   Zero   RW          956    .bss.result_buff_cache  drv_adc.o
    0x20000f74        -       0x00000064   Zero   RW          950    .bss.results        drv_adc.o
    0x20000fd8        -       0x00000004   Zero   RW         1720    .bss.rt_assert_hook  kservice.o
    0x20000fdc        -       0x00000001   Zero   RW         1849    .bss.rt_current_priority  scheduler.o
    0x20000fdd   COMPRESSED   0x00000003   PAD
    0x20000fe0        -       0x00000004   Zero   RW         1843    .bss.rt_current_thread  scheduler.o
    0x20000fe4        -       0x00000004   Zero   RW          254    .bss.rt_exception_hook  cpuport.o
    0x20000fe8        -       0x00000004   Zero   RW         1717    .bss.rt_free_hook   kservice.o
    0x20000fec        -       0x00000004   Zero   RW         1617    .bss.rt_interrupt_enter_hook  irq.o
    0x20000ff0        -       0x00000004   Zero   RW          256    .bss.rt_interrupt_from_thread  cpuport.o
    0x20000ff4        -       0x00000004   Zero   RW         1618    .bss.rt_interrupt_leave_hook  irq.o
    0x20000ff8        -       0x00000001   Zero   RW         1619    .bss.rt_interrupt_nest  irq.o
    0x20000ff9   COMPRESSED   0x00000003   PAD
    0x20000ffc        -       0x00000004   Zero   RW          257    .bss.rt_interrupt_to_thread  cpuport.o
    0x20001000        -       0x00000100   Zero   RW         1715    .bss.rt_kprintf.rt_log_buf  kservice.o
    0x20001100        -       0x00000004   Zero   RW         1716    .bss.rt_malloc_hook  kservice.o
    0x20001104        -       0x00000004   Zero   RW         1808    .bss.rt_object_attach_hook  object.o
    0x20001108        -       0x00000004   Zero   RW         1809    .bss.rt_object_detach_hook  object.o
    0x2000110c        -       0x00000004   Zero   RW         1812    .bss.rt_object_put_hook  object.o
    0x20001110        -       0x00000004   Zero   RW         1811    .bss.rt_object_take_hook  object.o
    0x20001114        -       0x00000004   Zero   RW         1810    .bss.rt_object_trytake_hook  object.o
    0x20001118        -       0x00000004   Zero   RW         1844    .bss.rt_scheduler_hook  scheduler.o
    0x2000111c        -       0x00000002   Zero   RW         1846    .bss.rt_scheduler_lock_nest  scheduler.o
    0x2000111e   COMPRESSED   0x00000002   PAD
    0x20001120        -       0x00000004   Zero   RW         1845    .bss.rt_scheduler_switch_hook  scheduler.o
    0x20001124        -       0x00000004   Zero   RW         1903    .bss.rt_thread_inited_hook  thread.o
    0x20001128        -       0x00000100   Zero   RW         1847    .bss.rt_thread_priority_table  scheduler.o
    0x20001228        -       0x00000004   Zero   RW         1848    .bss.rt_thread_ready_priority_group  scheduler.o
    0x2000122c        -       0x00000004   Zero   RW         1902    .bss.rt_thread_resume_hook  thread.o
    0x20001230        -       0x00000200   Zero   RW         1507    .bss.rt_thread_stack  idle.o
    0x20001430        -       0x00000004   Zero   RW         1901    .bss.rt_thread_suspend_hook  thread.o
    0x20001434        -       0x00000004   Zero   RW          258    .bss.rt_thread_switch_interrupt_flag  cpuport.o
    0x20001438        -       0x00000004   Zero   RW         1413    .bss.rt_tick        clock.o
    0x2000143c        -       0x00000004   Zero   RW         1412    .bss.rt_tick_hook   clock.o
    0x20001440        -       0x00000004   Zero   RW         1943    .bss.rt_timer_enter_hook  timer.o
    0x20001444        -       0x00000004   Zero   RW         1944    .bss.rt_timer_exit_hook  timer.o
    0x20001448        -       0x00000004   Zero   RW         1946    .bss.rt_timer_start.random_nr  timer.o
    0x2000144c        -       0x00000040   Zero   RW         1090    .bss.rtc            drv_rtc.o
    0x2000148c        -       0x00000004   Zero   RW         1094    .bss.rtc_callback.count  drv_rtc.o
    0x20001490        -       0x0000003c   Zero   RW         2723    .bss.rx_mq          uart_demo.o
    0x200014cc        -       0x00000020   Zero   RW         2720    .bss.rx_sem         uart_demo.o
    0x200014ec        -       0x00000004   Zero   RW         2718    .bss.serial         uart_demo.o
    0x200014f0        -       0x00000041   Zero   RW         2724    .bss.serial_dma_thread_entry.rx_buffer  uart_demo.o
    0x20001531   COMPRESSED   0x00000003   PAD
    0x20001534        -       0x00000004   Zero   RW          891    .bss.sf.rtt_dev     spi_flash_sfud.o
    0x20001538        -       0x00000004   Zero   RW          892    .bss.sf.rtt_dev_bak  spi_flash_sfud.o
    0x2000153c        -       0x00000004   Zero   RW          890    .bss.sf.sfud_dev    spi_flash_sfud.o
    0x20001540        -       0x00000004   Zero   RW         1305    .bss.shell          shell.o
    0x20001544   COMPRESSED   0x00000004   PAD
    0x20001548        -       0x0000008c   Zero   RW         1121    .bss.spi_bus_obj    drv_spi.o
    0x200015d4        -       0x00000004   Zero   RW         2682    .bss.spi_dev_w25q   spi_demo.o
    0x200015d8        -       0x00000100   Zero   RW         2685    .bss.spi_rx_buf     spi_demo.o
    0x200016d8        -       0x00000100   Zero   RW         2684    .bss.spi_tx_buf     spi_demo.o
    0x200017d8        -       0x00000004   Zero   RW         1718    .bss.system_heap    kservice.o
    0x200017dc        -       0x00000004   Zero   RW         2480    .bss.tc_fail_list   utest.o
    0x200017e0        -       0x00000004   Zero   RW         2487    .bss.tc_loop        utest.o
    0x200017e4        -       0x00000004   Zero   RW         2478    .bss.tc_num         utest.o
    0x200017e8        -       0x00000004   Zero   RW         2477    .bss.tc_table       utest.o
    0x200017ec        -       0x00000004   Zero   RW         1095    .bss.tick           drv_rtc.o
    0x200017f0        -       0x00000100   Zero   RW         2722    .bss.uart_dma_sample.msg_pool  uart_demo.o
    0x200018f0        -       0x00000004   Zero   RW         2721    .bss.uart_receive   uart_demo.o
    0x200018f4        -       0x0000013c   Zero   RW         2582    .bss.ulog           ulog.o
    0x20001a30        -       0x00000001   Zero   RW         2589    .bss.ulog_formater.check_usec_support  ulog.o
    0x20001a31   COMPRESSED   0x00000003   PAD
    0x20001a34        -       0x00000004   Zero   RW         2583    .bss.ulog_formater.log_len  ulog.o
    0x20001a38        -       0x00000004   Zero   RW         2584    .bss.ulog_formater.newline_len  ulog.o
    0x20001a3c        -       0x00000008   Zero   RW         2586    .bss.ulog_formater.now  ulog.o
    0x20001a44        -       0x00000004   Zero   RW         2587    .bss.ulog_formater.tm  ulog.o
    0x20001a48        -       0x0000002c   Zero   RW         2588    .bss.ulog_formater.tm_tmp  ulog.o
    0x20001a74        -       0x00000001   Zero   RW         2590    .bss.ulog_formater.usec_is_support  ulog.o
    0x20001a75   COMPRESSED   0x00000003   PAD
    0x20001a78        -       0x00000001   Zero   RW         2591    .bss.ulog_voutput.ulog_voutput_recursion  ulog.o
    0x20001a79        -       0x00000080   Zero   RW         2486    .bss.utest_testcase_run.utest_name  utest.o
    0x20001af9   COMPRESSED   0x00000003   PAD
    0x20001afc        -       0x00000004   Zero   RW         2741    .bss.wdg_dev        watchdog_demo.o
    0x20001b00        -       0x00001000   Zero   RW         2447    HEAP                arm_startup_nrf52.o
    0x20002b00        -       0x00001000   Zero   RW         2446    STACK               arm_startup_nrf52.o


==============================================================================

Image component sizes


      Code (inc. data)   RO Data    RW Data    ZI Data      Debug   Object Name

      1376        276        607          0          4      10078   adc.o
        64         26        512          0       8192        916   arm_startup_nrf52.o
       180          8          0          0          0       6916   board.o
       196          0          0          0          8       3052   clock.o
      4378       1148       1444          0          0      24687   cmd.o
       616        140        127          0          0       4206   completion.o
       228          0         56          0          0       3698   components.o
        98          8          4          0         40       3896   console_be.o
       316         28          0          0          0        856   context_rvds.o
      1030        168        443          0         16       4600   cpuport.o
        80         28          0          0          0       5039   cstdlib.o
      1860          0        208          1         74      12240   ctime.o
      1026         76        240          0          0       7725   device.o
      1234        244         76          0        184      11077   drv_adc.o
       464         88        245          0          0       5647   drv_flash.o
      1142         24        452        108          4      11626   drv_gpio.o
       682        104         86        600          0      10817   drv_hwtimer.o
       730        120         47        132          4      10727   drv_pwm.o
       410         64          4          0         76       8904   drv_rtc.o
      1150        196        143         12        140      12943   drv_spi.o
       688        108         10         48         84      10974   drv_uart.o
       284          6         42         88          8       6077   drv_wdt.o
       248        140         34          0          1       1120   fal.o
       404        124        159          0          1       1939   fal_flash.o
      2218        552        805          0         17       7997   fal_partition.o
      2068        176       1103          0          8      13888   fal_rtt.o
       216         92         32          0          0       1732   flash_demo.o
       344         68        396          0          0       2284   flash_utest.o
      1212        152         44          0          0       9223   hwtimer.o
       408        172         92          0          0       4371   hwtimer_demo.o
       292          8          0          8        656       4929   idle.o
      3880         68        609          0          0      32931   ipc.o
       120          0          0          0          9       1546   irq.o
      3160        338        475          0        316      22948   kservice.o
       314        120        102          8          0       5497   lptimer.o
        42          0          0          0          0        557   main.o
      1288        296        652          0          0       6317   mem.o
      1020        128        175          0          0       5704   msh.o
        62          0          0          0          0       1614   msh_parse.o
       322          0          0          0          7      12130   nrfx_clock.o
      1334          0          0          0         80      33718   nrfx_gpiote.o
       320          0          0          0          0      11995   nrfx_nvmc.o
       104          0          0          0          8      11573   nrfx_power.o
       754          0          0          0         12      18670   nrfx_pwm.o
       186          0          0          0          5       6600   nrfx_rng.o
       680          0          0          0         21      14133   nrfx_rtc.o
      1758          0          0          0         44      24908   nrfx_saadc.o
      1022          0          0          0        120      16641   nrfx_spi.o
       860          0          0          0         60      16324   nrfx_timer.o
      1312          0          0          0         44      22536   nrfx_uart.o
       206          0          0          0          2       5095   nrfx_wdt.o
       954        128        107        160         20       8638   object.o
      1508        232        589          0         68      10525   pin.o
       700        104         90          0          6       3740   pin_demo.o
      1054        112        209          0          1       2689   pin_utest.o
      1998        136        840          0        389      26226   pm.o
       132         40         30          0          0       2307   rng_demo.o
      1276        152        886          0          4      10294   rt_drv_pwm.o
       672        136        362          0          4       9320   rtc.o
       228         96         58          0          0       4241   saadc_demo.o
      1208        136         44          0        275       7204   scheduler.o
      1906        168        231          0          1      10730   serial.o
      4176        232        729          0        261      19296   sfud.o
      2144        292         59          0        273       9910   shell.o
       608         20         79          0          0       9418   spi_core.o
       364         72         36         10        526       6778   spi_demo.o
       512         64        106          0          0       6946   spi_dev.o
      3590        380       2004          0         12      18064   spi_flash_sfud.o
        10          0          0          0          0       6116   syscalls.o
       552          0          0          4          0       8258   system_nrf52.o
      1990        328        218          0         12       9843   thread.o
      1680         98        178          0        669      11018   timer.o
      1198        144        185         14        422       7584   uart_demo.o
      2232        108        197          0        383      19179   ulog.o
      2688        496       1308          1        156      10446   utest.o
       384        136          0          0          0       4677   watchdog.o
       236         84         39          0          4       3883   watchdog_demo.o

    ----------------------------------------------------------------------
     78656       9188      18048       1200      13808     742951   Object Totals
         0          0         32          0          0          0   (incl. Generated)
       270          0          8          6         77          0   (incl. Padding)

    ----------------------------------------------------------------------

      Code (inc. data)   RO Data    RW Data    ZI Data      Debug   Library Member Name

        90          0          0          0          0          0   __dczerorl2.o
         8          0          0          0          0         68   __main.o
         0          0          0          0          0          0   __rtentry.o
        12          0          0          0          0          0   __rtentry2.o
         6          0          0          0          0          0   __rtentry4.o
        52          8          0          0          0          0   __scatter.o
        28          0          0          0          0          0   __scatter_zi.o
        28          0          0          0          0         68   _chval.o
       158          0          0          0          0         92   _strtoul.o
        16          0          0          0          0         68   aeabi_memset.o
        16          0          0          0          0         68   aeabi_memset4.o
        26          0          0          0          0         80   atoi.o
        18          0          0          0          0         80   exit.o
         6          0          0          0          0        152   heapauxi.o
        44         10        272          0          0         76   lc_ctype_c.o
         2          0          0          0          0          0   libinit.o
        24          0          0          0          0          0   libinit2.o
         2          0          0          0          0          0   libshutdown.o
         2          0          0          0          0          0   libshutdown2.o
         8          4          0          0         96         68   libspace.o
       240          0          0          0          0        100   lludivv7m.o
        88          0          0          0          0         76   memcmp.o
        16          4          0          0          0         76   rt_ctype_table.o
         8          4          0          0          0         68   rt_errno_addr_intlibspace.o
         8          4          0          0          0         68   rt_locale_intlibspace.o
        68          0          0          0          0         68   rt_memclr.o
        78          0          0          0          0         80   rt_memclr_w.o
       138          0          0          0          0         68   rt_memcpy_v6.o
       100          0          0          0          0         80   rt_memcpy_w.o
         2          0          0          0          0          0   rtexit.o
        10          0          0          0          0          0   rtexit2.o
       124          0          0          0          0         88   strcmpv7em.o
        62          0          0          0          0         76   strlen.o
        36          0          0          0          0         76   strncat.o
       150          0          0          0          0         80   strncmp.o
        86          0          0          0          0         76   strncpy.o
        22          0          0          0          0         68   strrchr.o
       112          0          0          0          0         88   strtol.o
        74          0          0          0          0         80   sys_stackheap_outer.o
        30          0          0          0          0         76   toupper.o
         2          0          0          0          0         68   use_no_semi.o
         2          0          0          0          0         68   use_no_semi_2.o
       692        140          0          0          0        264   ddiv.o
        94          4          0          0          0        140   dfix.o
        38          0          0          0          0        116   dflt_clz.o
       340         12          0          0          0        152   dmul.o
       156          4          0          0          0        140   dnaninf.o
        12          0          0          0          0        116   dretinf.o
        26          0          0          0          0        116   fpinit.o
         0          0          0          0          0          0   usenofp.o

    ----------------------------------------------------------------------
      3368        194        272          0         96       3392   Library Totals
         8          0          0          0          0          0   (incl. Padding)

    ----------------------------------------------------------------------

      Code (inc. data)   RO Data    RW Data    ZI Data      Debug   Library Name

      2002         34        272          0         96       2348   c_w.l
      1358        160          0          0          0       1044   fz_wm.l

    ----------------------------------------------------------------------
      3368        194        272          0         96       3392   Library Totals

    ----------------------------------------------------------------------

==============================================================================


      Code (inc. data)   RO Data    RW Data    ZI Data      Debug   

     82024       9382      18320       1200      13904     742811   Grand Totals
     82024       9382      18320        264      13904     742811   ELF Image Totals (compressed)
     82024       9382      18320        264          0          0   ROM Totals

==============================================================================

    Total RO  Size (Code + RO Data)               100344 (  97.99kB)
    Total RW  Size (RW Data + ZI Data)             15104 (  14.75kB)
    Total ROM Size (Code + RO Data + RW Data)     100608 (  98.25kB)

==============================================================================

